layer at (0,0) size 4934x585
  RenderView at (0,0) size 800x585
layer at (-4134,0) size 4934x585 backgroundClip at (0,0) size 4934x585 clip at (0,0) size 4934x585
  RenderBlock {html} at (0,0) size 4935x585
    RenderBlock {parsererror} at (16,16) size 547x137 [bgcolor=#FFDDDD] [border: (2px solid #CC7777)]
      RenderBlock {h3} at (18,20) size 511x23
        RenderText {#text} at (0,0) size 309x21
          text run at (0,0) width 309: "This page contains the following errors:"
      RenderBlock {div} at (18,61) size 511x15
        RenderText {#text} at (0,0) size 511x14
          text run at (0,0) width 511: "error on line 62 at column 1671: Extra content at the end of the document"
          text run at (510,0) width 1: " "
      RenderBlock {h3} at (18,94) size 511x23
        RenderText {#text} at (0,0) size 410x21
          text run at (0,0) width 410: "Below is a rendering of the page up to the first error."
    RenderBody {body} at (621,46) size 4255x493
      RenderBlock {h1} at (0,0) size 48x492
        RenderText {#text} at (6,0) size 36x66
          text run at (6,0) width 66: "\x{8349}\x{6795}"
      RenderBlock {h2} at (69,0) size 37x492
        RenderText {#text} at (5,0) size 26x100
          text run at (5,0) width 100: "\x{590F}\x{76EE}\x{6F31}\x{77F3}"
      RenderBlock {div} at (125,0) size 4130x492
        RenderBlock (anonymous) at (0,0) size 2308x492
          RenderBR {br} at (0,0) size 17x0
          RenderBR {br} at (18,0) size 17x0
          RenderBR {br} at (36,0) size 17x0
          RenderText {#text} at (54,0) size 17x144
            text run at (54,0) width 144: "\x{3000}\x{3000}\x{3000}\x{3000}\x{3000}\x{3000}\x{3000}\x{3000}\x{4E00}"
          RenderBR {br} at (54,144) size 17x0
          RenderBR {br} at (72,0) size 17x0
          RenderText {#text} at (100,0) size 17x16
            text run at (100,0) width 16: "\x{3000}"
          RenderInline {ruby} at (0,0) size 17x36
            RenderInline (generated) at (0,0) size 17x36
              RenderInline {rb} at (0,0) size 17x32
                RenderText {#text} at (100,16) size 17x32
                  text run at (100,16) width 32: "\x{5C71}\x{8DEF}"
            RenderBlock {rt} at (90,14) size 10x36
              RenderText {#text} at (0,0) size 10x36
                text run at (0,0) width 36: "\x{3084}\x{307E}\x{307F}\x{3061}"
          RenderText {#text} at (100,48) size 17x208
            text run at (100,48) width 208: "\x{3092}\x{767B}\x{308A}\x{306A}\x{304C}\x{3089}\x{3001}\x{3053}\x{3046}\x{8003}\x{3048}\x{305F}\x{3002}"
          RenderBR {br} at (100,256) size 17x0
          RenderText {#text} at (128,0) size 17x16
            text run at (128,0) width 16: "\x{3000}"
          RenderInline {ruby} at (0,0) size 17x16
            RenderInline (generated) at (0,0) size 17x16
              RenderInline {rb} at (0,0) size 17x16
                RenderText {#text} at (128,16) size 17x16
                  text run at (128,16) width 16: "\x{667A}"
            RenderBlock {rt} at (118,16) size 10x16
              RenderText {#text} at (0,3) size 10x10
                text run at (0,3) width 9: "\x{3061}"
          RenderText {#text} at (128,32) size 17x64
            text run at (128,32) width 64: "\x{306B}\x{50CD}\x{3051}\x{3070}"
          RenderInline {ruby} at (0,0) size 17x18
            RenderInline (generated) at (0,0) size 17x18
              RenderInline {rb} at (0,0) size 17x16
                RenderText {#text} at (128,96) size 17x16
                  text run at (128,96) width 16: "\x{89D2}"
            RenderBlock {rt} at (118,95) size 10x18
              RenderText {#text} at (0,0) size 10x18
                text run at (0,0) width 18: "\x{304B}\x{3069}"
          RenderText {#text} at (128,112) size 17x64
            text run at (128,112) width 64: "\x{304C}\x{7ACB}\x{3064}\x{3002}"
          RenderInline {ruby} at (0,0) size 17x27
            RenderInline (generated) at (0,0) size 17x28
              RenderInline {rb} at (0,0) size 18x17
                RenderText {#text} at (128,177) size 17x16
                  text run at (128,177) width 16: "\x{60C5}"
            RenderBlock {rt} at (118,171) size 10x28
              RenderText {#text} at (0,0) size 10x27
                text run at (0,0) width 27: "\x{3058}\x{3087}\x{3046}"
          RenderText {#text} at (128,194) size 17x16
            text run at (128,194) width 16: "\x{306B}"
          RenderInline {ruby} at (0,0) size 17x18
            RenderInline (generated) at (0,0) size 17x18
              RenderInline {rb} at (0,0) size 17x16
                RenderText {#text} at (128,210) size 17x16
                  text run at (128,210) width 16: "\x{68F9}"
            RenderBlock {rt} at (118,209) size 10x18
              RenderText {#text} at (0,0) size 10x18
                text run at (0,0) width 18: "\x{3055}\x{304A}"
          RenderText {#text} at (128,226) size 17x176
            text run at (128,226) width 176: "\x{3055}\x{305B}\x{3070}\x{6D41}\x{3055}\x{308C}\x{308B}\x{3002}\x{610F}\x{5730}\x{3092}"
          RenderInline {ruby} at (0,0) size 17x18
            RenderInline (generated) at (0,0) size 17x18
              RenderInline {rb} at (0,0) size 17x16
                RenderText {#text} at (128,402) size 17x16
                  text run at (128,402) width 16: "\x{901A}"
            RenderBlock {rt} at (118,401) size 10x18
              RenderText {#text} at (0,0) size 10x18
                text run at (0,0) width 18: "\x{3068}\x{304A}"
          RenderText {#text} at (128,418) size 17x32
            text run at (128,418) width 32: "\x{305B}\x{3070}"
          RenderInline {ruby} at (0,0) size 17x45
            RenderInline (generated) at (0,0) size 17x45
              RenderInline {rb} at (0,0) size 18x32
                RenderText {#text} at (156,6) size 17x33
                  text run at (156,6) width 32: "\x{7AAE}\x{5C48}"
            RenderBlock {rt} at (146,0) size 10x45
              RenderText {#text} at (0,0) size 10x45
                text run at (0,0) width 45: "\x{304D}\x{3085}\x{3046}\x{304F}\x{3064}"
          RenderText {#text} at (156,40) size 17x257
            text run at (156,40) width 256: "\x{3060}\x{3002}\x{3068}\x{304B}\x{304F}\x{306B}\x{4EBA}\x{306E}\x{4E16}\x{306F}\x{4F4F}\x{307F}\x{306B}\x{304F}\x{3044}\x{3002}"
          RenderBR {br} at (156,296) size 17x1
          RenderText {#text} at (184,0) size 17x112
            text run at (184,0) width 112: "\x{3000}\x{4F4F}\x{307F}\x{306B}\x{304F}\x{3055}\x{304C}"
          RenderInline {ruby} at (0,0) size 17x18
            RenderInline (generated) at (0,0) size 17x18
              RenderInline {rb} at (0,0) size 17x16
                RenderText {#text} at (184,112) size 17x16
                  text run at (184,112) width 16: "\x{9AD8}"
            RenderBlock {rt} at (174,111) size 10x18
              RenderText {#text} at (0,0) size 10x18
                text run at (0,0) width 18: "\x{3053}\x{3046}"
          RenderText {#text} at (184,128) size 45x480
            text run at (184,128) width 352: "\x{3058}\x{308B}\x{3068}\x{3001}\x{5B89}\x{3044}\x{6240}\x{3078}\x{5F15}\x{304D}\x{8D8A}\x{3057}\x{305F}\x{304F}\x{306A}\x{308B}\x{3002}\x{3069}\x{3053}\x{3078}\x{8D8A}\x{3057}"
            text run at (212,0) width 128: "\x{3066}\x{3082}\x{4F4F}\x{307F}\x{306B}\x{304F}\x{3044}\x{3068}"
          RenderInline {ruby} at (0,0) size 17x18
            RenderInline (generated) at (0,0) size 17x18
              RenderInline {rb} at (0,0) size 17x16
                RenderText {#text} at (212,128) size 17x16
                  text run at (212,128) width 16: "\x{609F}"
            RenderBlock {rt} at (202,127) size 10x18
              RenderText {#text} at (0,0) size 10x18
                text run at (0,0) width 18: "\x{3055}\x{3068}"
          RenderText {#text} at (212,144) size 17x160
            text run at (212,144) width 160: "\x{3063}\x{305F}\x{6642}\x{3001}\x{8A69}\x{304C}\x{751F}\x{308C}\x{3066}\x{3001}"
          RenderInline {ruby} at (0,0) size 17x16
            RenderInline (generated) at (0,0) size 17x16
              RenderInline {rb} at (0,0) size 17x16
                RenderText {#text} at (212,304) size 17x16
                  text run at (212,304) width 16: "\x{753B}"
            RenderBlock {rt} at (202,304) size 10x16
              RenderText {#text} at (0,3) size 10x10
                text run at (0,3) width 9: "\x{3048}"
          RenderText {#text} at (212,320) size 17x80
            text run at (212,320) width 80: "\x{304C}\x{51FA}\x{6765}\x{308B}\x{3002}"
          RenderBR {br} at (212,400) size 17x0
          RenderText {#text} at (230,0) size 17x16
            text run at (230,0) width 16: "\x{3000}"
          RenderInline {strong} at (0,0) size 17x51
            RenderText {#text} at (230,16) size 17x51
              text run at (230,16) width 51: "\x{4EBA}\x{306E}\x{4E16}"
          RenderText {#text} at (230,67) size 45x483
            text run at (230,67) width 416: "\x{3092}\x{4F5C}\x{3063}\x{305F}\x{3082}\x{306E}\x{306F}\x{795E}\x{3067}\x{3082}\x{306A}\x{3051}\x{308C}\x{3070}\x{9B3C}\x{3067}\x{3082}\x{306A}\x{3044}\x{3002}\x{3084}\x{306F}\x{308A}\x{5411}\x{3046}\x{4E09}"
            text run at (258,0) width 16: "\x{8ED2}"
          RenderInline {ruby} at (0,0) size 17x45
            RenderInline (generated) at (0,0) size 17x46
              RenderInline {rb} at (0,0) size 18x33
                RenderText {#text} at (258,18) size 17x32
                  text run at (258,18) width 32: "\x{4E21}\x{96A3}"
            RenderBlock {rt} at (248,11) size 10x46
              RenderText {#text} at (0,0) size 10x45
                text run at (0,0) width 45: "\x{308A}\x{3087}\x{3046}\x{3069}\x{306A}"
          RenderText {#text} at (258,52) size 17x384
            text run at (258,52) width 384: "\x{308A}\x{306B}\x{3061}\x{3089}\x{3061}\x{3089}\x{3059}\x{308B}\x{305F}\x{3060}\x{306E}\x{4EBA}\x{3067}\x{3042}\x{308B}\x{3002}\x{305F}\x{3060}\x{306E}\x{4EBA}\x{304C}\x{4F5C}\x{3063}\x{305F}"
          RenderInline {strong} at (0,0) size 22x457
            RenderText {#text} at (258,436) size 35x470
              text run at (258,436) width 34: "\x{4EBA}\x{306E}"
              text run at (276,0) width 17: "\x{4E16}"
          RenderText {#text} at (276,17) size 17x368
            text run at (276,17) width 368: "\x{304C}\x{4F4F}\x{307F}\x{306B}\x{304F}\x{3044}\x{304B}\x{3089}\x{3068}\x{3066}\x{3001}\x{8D8A}\x{3059}\x{56FD}\x{306F}\x{3042}\x{308B}\x{307E}\x{3044}\x{3002}\x{3042}\x{308C}\x{3070}"
          RenderInline {strong} at (0,0) size 17x68
            RenderText {#text} at (276,385) size 17x68
              text run at (276,385) width 68: "\x{4EBA}\x{3067}\x{306A}\x{3057}"
          RenderText {#text} at (276,453) size 35x485
            text run at (276,453) width 32: "\x{306E}\x{56FD}"
            text run at (294,0) width 128: "\x{3078}\x{884C}\x{304F}\x{3070}\x{304B}\x{308A}\x{3060}\x{3002}"
          RenderInline {strong} at (0,0) size 17x68
            RenderText {#text} at (294,128) size 17x68
              text run at (294,128) width 68: "\x{4EBA}\x{3067}\x{306A}\x{3057}"
          RenderText {#text} at (294,196) size 17x48
            text run at (294,196) width 48: "\x{306E}\x{56FD}\x{306F}"
          RenderInline {strong} at (0,0) size 17x51
            RenderText {#text} at (294,244) size 17x51
              text run at (294,244) width 51: "\x{4EBA}\x{306E}\x{4E16}"
          RenderText {#text} at (294,295) size 35x471
            text run at (294,295) width 176: "\x{3088}\x{308A}\x{3082}\x{306A}\x{304A}\x{4F4F}\x{307F}\x{306B}\x{304F}\x{304B}\x{308D}"
            text run at (312,0) width 32: "\x{3046}\x{3002}"
          RenderBR {br} at (312,32) size 17x0
          RenderText {#text} at (330,0) size 45x464
            text run at (330,0) width 464: "\x{3000}\x{8D8A}\x{3059}\x{4E8B}\x{306E}\x{306A}\x{3089}\x{306C}\x{4E16}\x{304C}\x{4F4F}\x{307F}\x{306B}\x{304F}\x{3051}\x{308C}\x{3070}\x{3001}\x{4F4F}\x{307F}\x{306B}\x{304F}\x{3044}\x{6240}\x{3092}\x{3069}\x{308C}\x{307B}\x{3069}"
            text run at (358,0) width 32: "\x{304B}\x{3001}"
          RenderInline {ruby} at (0,0) size 17x36
            RenderInline (generated) at (0,0) size 17x36
              RenderInline {rb} at (0,0) size 17x32
                RenderText {#text} at (358,32) size 17x32
                  text run at (358,32) width 32: "\x{5BDB}\x{5BB9}"
            RenderBlock {rt} at (348,30) size 10x36
              RenderText {#text} at (0,0) size 10x36
                text run at (0,0) width 36: "\x{304F}\x{3064}\x{308D}\x{3052}"
          RenderText {#text} at (358,64) size 17x32
            text run at (358,64) width 32: "\x{3066}\x{3001}"
          RenderInline {ruby} at (0,0) size 17x18
            RenderInline (generated) at (0,0) size 17x18
              RenderInline {rb} at (0,0) size 17x16
                RenderText {#text} at (358,96) size 17x16
                  text run at (358,96) width 16: "\x{675F}"
            RenderBlock {rt} at (348,95) size 10x18
              RenderText {#text} at (0,0) size 10x18
                text run at (0,0) width 18: "\x{3064}\x{304B}"
          RenderText {#text} at (358,112) size 17x16
            text run at (358,112) width 16: "\x{306E}"
          RenderInline {ruby} at (0,0) size 17x16
            RenderInline (generated) at (0,0) size 17x16
              RenderInline {rb} at (0,0) size 17x16
                RenderText {#text} at (358,128) size 17x16
                  text run at (358,128) width 16: "\x{9593}"
            RenderBlock {rt} at (348,128) size 10x16
              RenderText {#text} at (0,3) size 10x10
                text run at (0,3) width 9: "\x{307E}"
          RenderText {#text} at (358,144) size 45x480
            text run at (358,144) width 336: "\x{306E}\x{547D}\x{3092}\x{3001}\x{675F}\x{306E}\x{9593}\x{3067}\x{3082}\x{4F4F}\x{307F}\x{3088}\x{304F}\x{305B}\x{306D}\x{3070}\x{306A}\x{3089}\x{306C}\x{3002}\x{3053}"
            text run at (386,0) width 400: "\x{3053}\x{306B}\x{8A69}\x{4EBA}\x{3068}\x{3044}\x{3046}\x{5929}\x{8077}\x{304C}\x{51FA}\x{6765}\x{3066}\x{3001}\x{3053}\x{3053}\x{306B}\x{753B}\x{5BB6}\x{3068}\x{3044}\x{3046}\x{4F7F}\x{547D}\x{304C}"
          RenderInline {ruby} at (0,0) size 17x18
            RenderInline (generated) at (0,0) size 17x18
              RenderInline {rb} at (0,0) size 17x16
                RenderText {#text} at (386,400) size 17x16
                  text run at (386,400) width 16: "\x{964D}"
            RenderBlock {rt} at (376,399) size 10x18
              RenderText {#text} at (0,0) size 10x18
                text run at (0,0) width 18: "\x{304F}\x{3060}"
          RenderText {#text} at (386,416) size 45x480
            text run at (386,416) width 64: "\x{308B}\x{3002}\x{3042}\x{3089}"
            text run at (414,0) width 176: "\x{3086}\x{308B}\x{82B8}\x{8853}\x{306E}\x{58EB}\x{306F}\x{4EBA}\x{306E}\x{4E16}\x{3092}"
          RenderInline {ruby} at (0,0) size 17x32
            RenderInline (generated) at (0,0) size 17x32
              RenderInline {rb} at (0,0) size 17x32
                RenderText {#text} at (414,176) size 17x32
                  text run at (414,176) width 32: "\x{9577}\x{9591}"
            RenderBlock {rt} at (404,176) size 10x32
              RenderText {#text} at (0,2) size 10x28
                text run at (0,2) width 27: "\x{306E}\x{3069}\x{304B}"
          RenderText {#text} at (414,208) size 17x208
            text run at (414,208) width 208: "\x{306B}\x{3057}\x{3001}\x{4EBA}\x{306E}\x{5FC3}\x{3092}\x{8C4A}\x{304B}\x{306B}\x{3059}\x{308B}\x{304C}"
          RenderInline {ruby} at (0,0) size 17x18
            RenderInline (generated) at (0,0) size 17x18
              RenderInline {rb} at (0,0) size 17x16
                RenderText {#text} at (414,416) size 17x16
                  text run at (414,416) width 16: "\x{6545}"
            RenderBlock {rt} at (404,415) size 10x18
              RenderText {#text} at (0,0) size 10x18
                text run at (0,0) width 18: "\x{3086}\x{3048}"
          RenderText {#text} at (414,432) size 17x16
            text run at (414,432) width 16: "\x{306B}"
          RenderInline {ruby} at (0,0) size 17x18
            RenderInline (generated) at (0,0) size 17x18
              RenderInline {rb} at (0,0) size 17x16
                RenderText {#text} at (414,448) size 17x16
                  text run at (414,448) width 16: "\x{5C0A}"
            RenderBlock {rt} at (404,447) size 10x18
              RenderText {#text} at (0,0) size 10x18
                text run at (0,0) width 18: "\x{305F}\x{3063}"
          RenderText {#text} at (414,464) size 35x480
            text run at (414,464) width 16: "\x{3068}"
            text run at (432,0) width 32: "\x{3044}\x{3002}"
          RenderBR {br} at (432,32) size 17x0
          RenderText {#text} at (460,0) size 17x240
            text run at (460,0) width 240: "\x{3000}\x{4F4F}\x{307F}\x{306B}\x{304F}\x{304D}\x{4E16}\x{304B}\x{3089}\x{3001}\x{4F4F}\x{307F}\x{306B}\x{304F}\x{304D}"
          RenderInline {ruby} at (0,0) size 17x27
            RenderInline (generated) at (0,0) size 17x28
              RenderInline {rb} at (0,0) size 18x17
                RenderText {#text} at (460,241) size 17x16
                  text run at (460,241) width 16: "\x{7169}"
            RenderBlock {rt} at (450,235) size 10x28
              RenderText {#text} at (0,0) size 10x27
                text run at (0,0) width 27: "\x{308F}\x{305A}\x{3089}"
          RenderText {#text} at (460,258) size 45x482
            text run at (460,258) width 224: "\x{3044}\x{3092}\x{5F15}\x{304D}\x{629C}\x{3044}\x{3066}\x{3001}\x{3042}\x{308A}\x{304C}\x{305F}\x{3044}\x{4E16}"
            text run at (488,0) width 272: "\x{754C}\x{3092}\x{307E}\x{306E}\x{3042}\x{305F}\x{308A}\x{306B}\x{5199}\x{3059}\x{306E}\x{304C}\x{8A69}\x{3067}\x{3042}\x{308B}\x{3001}"
          RenderInline {ruby} at (0,0) size 17x16
            RenderInline (generated) at (0,0) size 17x16
              RenderInline {rb} at (0,0) size 17x16
                RenderText {#text} at (488,272) size 17x16
                  text run at (488,272) width 16: "\x{753B}"
            RenderBlock {rt} at (478,272) size 10x16
              RenderText {#text} at (0,3) size 10x10
                text run at (0,3) width 9: "\x{3048}"
          RenderText {#text} at (488,288) size 45x480
            text run at (488,288) width 192: "\x{3067}\x{3042}\x{308B}\x{3002}\x{3042}\x{308B}\x{306F}\x{97F3}\x{697D}\x{3068}\x{5F6B}\x{523B}"
            text run at (516,0) width 128: "\x{3067}\x{3042}\x{308B}\x{3002}\x{3053}\x{307E}\x{304B}\x{306B}"
          RenderInline {ruby} at (0,0) size 17x16
            RenderInline (generated) at (0,0) size 17x16
              RenderInline {rb} at (0,0) size 17x16
                RenderText {#text} at (516,128) size 17x16
                  text run at (516,128) width 16: "\x{4E91}"
            RenderBlock {rt} at (506,128) size 10x16
              RenderText {#text} at (0,3) size 10x10
                text run at (0,3) width 9: "\x{3044}"
          RenderText {#text} at (516,144) size 45x480
            text run at (516,144) width 336: "\x{3048}\x{3070}\x{5199}\x{3055}\x{306A}\x{3044}\x{3067}\x{3082}\x{3088}\x{3044}\x{3002}\x{305F}\x{3060}\x{307E}\x{306E}\x{3042}\x{305F}\x{308A}\x{306B}\x{898B}\x{308C}"
            text run at (544,0) width 192: "\x{3070}\x{3001}\x{305D}\x{3053}\x{306B}\x{8A69}\x{3082}\x{751F}\x{304D}\x{3001}\x{6B4C}\x{3082}"
          RenderInline {ruby} at (0,0) size 17x16
            RenderInline (generated) at (0,0) size 17x16
              RenderInline {rb} at (0,0) size 17x16
                RenderText {#text} at (544,192) size 17x16
                  text run at (544,192) width 16: "\x{6E67}"
            RenderBlock {rt} at (534,192) size 10x16
              RenderText {#text} at (0,3) size 10x10
                text run at (0,3) width 9: "\x{308F}"
          RenderText {#text} at (544,208) size 17x192
            text run at (544,208) width 192: "\x{304F}\x{3002}\x{7740}\x{60F3}\x{3092}\x{7D19}\x{306B}\x{843D}\x{3055}\x{306C}\x{3068}\x{3082}"
          RenderInline {ruby} at (0,0) size 17x45
            RenderInline (generated) at (0,0) size 17x46
              RenderInline {rb} at (0,0) size 18x33
                RenderText {#text} at (544,402) size 17x16
                  text run at (544,402) width 16: "\x{7486}"
                RenderText {#text} at (544,418) size 17x16
                  text run at (544,418) width 16: "\x{93D8}"
            RenderBlock {rt} at (534,395) size 10x46
              RenderText {#text} at (0,0) size 10x45
                text run at (0,0) width 45: "\x{304D}\x{3085}\x{3046}\x{305D}\x{3046}"
          RenderText {#text} at (544,436) size 17x16
            text run at (544,436) width 16: "\x{306E}"
          RenderInline {ruby} at (0,0) size 17x18
            RenderInline (generated) at (0,0) size 17x18
              RenderInline {rb} at (0,0) size 17x16
                RenderText {#text} at (544,452) size 17x16
                  text run at (544,452) width 16: "\x{97F3}"
            RenderBlock {rt} at (534,451) size 10x18
              RenderText {#text} at (0,0) size 10x18
                text run at (0,0) width 18: "\x{304A}\x{3093}"
          RenderText {#text} at (572,0) size 17x16
            text run at (572,0) width 16: "\x{306F}"
          RenderInline {ruby} at (0,0) size 17x36
            RenderInline (generated) at (0,0) size 17x36
              RenderInline {rb} at (0,0) size 17x32
                RenderText {#text} at (572,16) size 17x32
                  text run at (572,16) width 32: "\x{80F8}\x{88CF}"
            RenderBlock {rt} at (562,14) size 10x36
              RenderText {#text} at (0,0) size 10x36
                text run at (0,0) width 36: "\x{304D}\x{3087}\x{3046}\x{308A}"
          RenderText {#text} at (572,48) size 17x16
            text run at (572,48) width 16: "\x{306B}"
          RenderInline {ruby} at (0,0) size 17x18
            RenderInline (generated) at (0,0) size 17x18
              RenderInline {rb} at (0,0) size 17x16
                RenderText {#text} at (572,64) size 17x16
                  text run at (572,64) width 16: "\x{8D77}"
            RenderBlock {rt} at (562,63) size 10x18
              RenderText {#text} at (0,0) size 10x18
                text run at (0,0) width 18: "\x{304A}\x{3053}"
          RenderText {#text} at (572,80) size 17x32
            text run at (572,80) width 32: "\x{308B}\x{3002}"
          RenderInline {ruby} at (0,0) size 17x36
            RenderInline (generated) at (0,0) size 17x36
              RenderInline {rb} at (0,0) size 17x32
                RenderText {#text} at (572,112) size 17x32
                  text run at (572,112) width 32: "\x{4E39}\x{9752}"
            RenderBlock {rt} at (562,110) size 10x36
              RenderText {#text} at (0,0) size 10x36
                text run at (0,0) width 36: "\x{305F}\x{3093}\x{305B}\x{3044}"
          RenderText {#text} at (572,144) size 17x16
            text run at (572,144) width 16: "\x{306F}"
          RenderInline {ruby} at (0,0) size 17x32
            RenderInline (generated) at (0,0) size 17x32
              RenderInline {rb} at (0,0) size 17x32
                RenderText {#text} at (572,160) size 17x32
                  text run at (572,160) width 32: "\x{753B}\x{67B6}"
            RenderBlock {rt} at (562,160) size 10x32
              RenderText {#text} at (0,7) size 10x18
                text run at (0,7) width 18: "\x{304C}\x{304B}"
          RenderText {#text} at (572,192) size 17x64
            text run at (572,192) width 64: "\x{306B}\x{5411}\x{3063}\x{3066}"
          RenderInline {ruby} at (0,0) size 17x32
            RenderInline (generated) at (0,0) size 17x32
              RenderInline {rb} at (0,0) size 17x32
                RenderText {#text} at (572,256) size 17x32
                  text run at (572,256) width 32: "\x{5857}\x{62B9}"
            RenderBlock {rt} at (562,256) size 10x32
              RenderText {#text} at (0,2) size 10x28
                text run at (0,2) width 27: "\x{3068}\x{307E}\x{3064}"
          RenderText {#text} at (572,288) size 17x64
            text run at (572,288) width 64: "\x{305B}\x{3093}\x{3067}\x{3082}"
          RenderInline {ruby} at (0,0) size 17x32
            RenderInline (generated) at (0,0) size 17x32
              RenderInline {rb} at (0,0) size 17x32
                RenderText {#text} at (572,352) size 17x32
                  text run at (572,352) width 32: "\x{4E94}\x{5F69}"
            RenderBlock {rt} at (562,352) size 10x32
              RenderText {#text} at (0,2) size 10x28
                text run at (0,2) width 27: "\x{3054}\x{3055}\x{3044}"
          RenderText {#text} at (572,384) size 17x16
            text run at (572,384) width 16: "\x{306E}"
          RenderInline {ruby} at (0,0) size 17x36
            RenderInline (generated) at (0,0) size 17x36
              RenderInline {rb} at (0,0) size 17x32
                RenderText {#text} at (572,400) size 17x32
                  text run at (572,400) width 32: "\x{7D62}\x{721B}"
            RenderBlock {rt} at (562,398) size 10x36
              RenderText {#text} at (0,0) size 10x36
                text run at (0,0) width 36: "\x{3051}\x{3093}\x{3089}\x{3093}"
          RenderText {#text} at (572,432) size 17x16
            text run at (572,432) width 16: "\x{306F}"
          RenderInline {ruby} at (0,0) size 17x27
            RenderInline (generated) at (0,0) size 17x28
              RenderInline {rb} at (0,0) size 18x17
                RenderText {#text} at (572,449) size 17x16
                  text run at (572,449) width 16: "\x{81EA}"
            RenderBlock {rt} at (562,443) size 10x28
              RenderText {#text} at (0,0) size 10x27
                text run at (0,0) width 27: "\x{304A}\x{306E}\x{305A}"
          RenderText {#text} at (600,0) size 17x32
            text run at (600,0) width 32: "\x{304B}\x{3089}"
          RenderInline {ruby} at (0,0) size 17x36
            RenderInline (generated) at (0,0) size 17x36
              RenderInline {rb} at (0,0) size 17x32
                RenderText {#text} at (600,32) size 17x32
                  text run at (600,32) width 32: "\x{5FC3}\x{773C}"
            RenderBlock {rt} at (590,30) size 10x36
              RenderText {#text} at (0,0) size 10x36
                text run at (0,0) width 36: "\x{3057}\x{3093}\x{304C}\x{3093}"
          RenderText {#text} at (600,64) size 17x256
            text run at (600,64) width 256: "\x{306B}\x{6620}\x{308B}\x{3002}\x{305F}\x{3060}\x{304A}\x{306E}\x{304C}\x{4F4F}\x{3080}\x{4E16}\x{3092}\x{3001}\x{304B}\x{304F}"
          RenderInline {ruby} at (0,0) size 17x18
            RenderInline (generated) at (0,0) size 17x18
              RenderInline {rb} at (0,0) size 17x16
                RenderText {#text} at (600,320) size 17x16
                  text run at (600,320) width 16: "\x{89B3}"
            RenderBlock {rt} at (590,319) size 10x18
              RenderText {#text} at (0,0) size 10x18
                text run at (0,0) width 18: "\x{304B}\x{3093}"
          RenderText {#text} at (600,336) size 17x64
            text run at (600,336) width 64: "\x{3058}\x{5F97}\x{3066}\x{3001}"
          RenderInline {ruby} at (0,0) size 17x72
            RenderInline (generated) at (0,0) size 17x72
              RenderInline {rb} at (0,0) size 17x64
                RenderText {#text} at (600,400) size 17x64
                  text run at (600,400) width 64: "\x{970A}\x{53F0}\x{65B9}\x{5BF8}"
            RenderBlock {rt} at (590,396) size 10x72
              RenderText {#text} at (0,0) size 10x72
                text run at (0,0) width 72: "\x{308C}\x{3044}\x{3060}\x{3044}\x{307B}\x{3046}\x{3059}\x{3093}"
          RenderText {#text} at (628,0) size 17x80
            text run at (628,0) width 80: "\x{306E}\x{30AB}\x{30E1}\x{30E9}\x{306B}"
          RenderInline {ruby} at (0,0) size 17x72
            RenderInline (generated) at (0,0) size 17x72
              RenderInline {rb} at (0,0) size 17x64
                RenderText {#text} at (628,80) size 17x64
                  text run at (628,80) width 64: "\x{6F86}\x{5B63}\x{6EB7}\x{6FC1}"
            RenderBlock {rt} at (618,76) size 10x72
              RenderText {#text} at (0,0) size 10x72
                text run at (0,0) width 72: "\x{304E}\x{3087}\x{3046}\x{304D}\x{3053}\x{3093}\x{3060}\x{304F}"
          RenderText {#text} at (628,144) size 17x208
            text run at (628,144) width 208: "\x{306E}\x{4FD7}\x{754C}\x{3092}\x{6E05}\x{304F}\x{3046}\x{3089}\x{3089}\x{304B}\x{306B}\x{53CE}\x{3081}"
          RenderInline {ruby} at (0,0) size 17x16
            RenderInline (generated) at (0,0) size 17x16
              RenderInline {rb} at (0,0) size 17x16
                RenderText {#text} at (628,352) size 17x16
                  text run at (628,352) width 16: "\x{5F97}"
            RenderBlock {rt} at (618,352) size 10x16
              RenderText {#text} at (0,3) size 10x10
                text run at (0,3) width 9: "\x{3046}"
          RenderText {#text} at (628,368) size 17x32
            text run at (628,368) width 32: "\x{308C}\x{3070}"
          RenderInline {ruby} at (0,0) size 17x16
            RenderInline (generated) at (0,0) size 17x16
              RenderInline {rb} at (0,0) size 17x16
                RenderText {#text} at (628,400) size 17x16
                  text run at (628,400) width 16: "\x{8DB3}"
            RenderBlock {rt} at (618,400) size 10x16
              RenderText {#text} at (0,3) size 10x10
                text run at (0,3) width 9: "\x{305F}"
          RenderText {#text} at (628,416) size 45x480
            text run at (628,416) width 64: "\x{308B}\x{3002}\x{3053}\x{306E}"
            text run at (656,0) width 32: "\x{6545}\x{306B}"
          RenderInline {ruby} at (0,0) size 17x32
            RenderInline (generated) at (0,0) size 17x32
              RenderInline {rb} at (0,0) size 17x32
                RenderText {#text} at (656,32) size 17x32
                  text run at (656,32) width 32: "\x{7121}\x{58F0}"
            RenderBlock {rt} at (646,32) size 10x32
              RenderText {#text} at (0,2) size 10x28
                text run at (0,2) width 27: "\x{3080}\x{305B}\x{3044}"
          RenderText {#text} at (656,64) size 17x160
            text run at (656,64) width 160: "\x{306E}\x{8A69}\x{4EBA}\x{306B}\x{306F}\x{4E00}\x{53E5}\x{306A}\x{304F}\x{3001}"
          RenderInline {ruby} at (0,0) size 17x36
            RenderInline (generated) at (0,0) size 17x36
              RenderInline {rb} at (0,0) size 17x32
                RenderText {#text} at (656,224) size 17x32
                  text run at (656,224) width 32: "\x{7121}\x{8272}"
            RenderBlock {rt} at (646,222) size 10x36
              RenderText {#text} at (0,0) size 10x36
                text run at (0,0) width 36: "\x{3080}\x{3057}\x{3087}\x{304F}"
          RenderText {#text} at (656,256) size 17x80
            text run at (656,256) width 80: "\x{306E}\x{753B}\x{5BB6}\x{306B}\x{306F}"
          RenderInline {ruby} at (0,0) size 17x36
            RenderInline (generated) at (0,0) size 17x36
              RenderInline {rb} at (0,0) size 17x32
                RenderText {#text} at (656,336) size 17x32
                  text run at (656,336) width 32: "\x{5C3A}\x{7E11}"
            RenderBlock {rt} at (646,334) size 10x36
              RenderText {#text} at (0,0) size 10x36
                text run at (0,0) width 36: "\x{305B}\x{3063}\x{3051}\x{3093}"
          RenderText {#text} at (656,368) size 17x96
            text run at (656,368) width 96: "\x{306A}\x{304D}\x{3082}\x{3001}\x{304B}\x{304F}"
          RenderInline {ruby} at (0,0) size 17x36
            RenderInline (generated) at (0,0) size 17x36
              RenderInline {rb} at (0,0) size 17x32
                RenderText {#text} at (684,2) size 17x32
                  text run at (684,2) width 32: "\x{4EBA}\x{4E16}"
            RenderBlock {rt} at (674,0) size 10x36
              RenderText {#text} at (0,0) size 10x36
                text run at (0,0) width 36: "\x{3058}\x{3093}\x{305B}\x{3044}"
          RenderText {#text} at (684,34) size 17x224
            text run at (684,34) width 224: "\x{3092}\x{89B3}\x{3058}\x{5F97}\x{308B}\x{306E}\x{70B9}\x{306B}\x{304A}\x{3044}\x{3066}\x{3001}\x{304B}\x{304F}"
          RenderInline {ruby} at (0,0) size 17x36
            RenderInline (generated) at (0,0) size 17x36
              RenderInline {rb} at (0,0) size 17x32
                RenderText {#text} at (684,258) size 17x32
                  text run at (684,258) width 32: "\x{7169}\x{60A9}"
            RenderBlock {rt} at (674,256) size 10x36
              RenderText {#text} at (0,0) size 10x36
                text run at (0,0) width 36: "\x{307C}\x{3093}\x{306E}\x{3046}"
          RenderText {#text} at (684,290) size 17x16
            text run at (684,290) width 16: "\x{3092}"
          RenderInline {ruby} at (0,0) size 17x32
            RenderInline (generated) at (0,0) size 17x32
              RenderInline {rb} at (0,0) size 17x32
                RenderText {#text} at (684,306) size 17x32
                  text run at (684,306) width 32: "\x{89E3}\x{8131}"
            RenderBlock {rt} at (674,306) size 10x32
              RenderText {#text} at (0,2) size 10x28
                text run at (0,2) width 27: "\x{3052}\x{3060}\x{3064}"
          RenderText {#text} at (684,338) size 45x482
            text run at (684,338) width 144: "\x{3059}\x{308B}\x{306E}\x{70B9}\x{306B}\x{304A}\x{3044}\x{3066}\x{3001}"
            text run at (712,0) width 32: "\x{304B}\x{304F}"
          RenderInline {ruby} at (0,0) size 17x72
            RenderInline (generated) at (0,0) size 17x73
              RenderInline {rb} at (0,0) size 17x49
                RenderText {#text} at (712,39) size 17x49
                  text run at (712,39) width 48: "\x{6E05}\x{6D44}\x{754C}"
            RenderBlock {rt} at (702,27) size 10x73
              RenderText {#text} at (0,0) size 10x72
                text run at (0,0) width 72: "\x{3057}\x{3087}\x{3046}\x{3058}\x{3087}\x{3046}\x{304B}\x{3044}"
          RenderText {#text} at (712,95) size 17x16
            text run at (712,95) width 16: "\x{306B}"
          RenderInline {ruby} at (0,0) size 17x54
            RenderInline (generated) at (0,0) size 17x55
              RenderInline {rb} at (0,0) size 17x33
                RenderText {#text} at (712,117) size 17x33
                  text run at (712,117) width 32: "\x{51FA}\x{5165}"
            RenderBlock {rt} at (702,106) size 10x55
              RenderText {#text} at (0,0) size 10x54
                text run at (0,0) width 54: "\x{3057}\x{3085}\x{3064}\x{306B}\x{3085}\x{3046}"
          RenderText {#text} at (712,156) size 17x224
            text run at (712,156) width 224: "\x{3057}\x{5F97}\x{308B}\x{306E}\x{70B9}\x{306B}\x{304A}\x{3044}\x{3066}\x{3001}\x{307E}\x{305F}\x{3053}\x{306E}"
          RenderInline {ruby} at (0,0) size 17x64
            RenderInline (generated) at (0,0) size 17x64
              RenderInline {rb} at (0,0) size 17x64
                RenderText {#text} at (712,380) size 17x64
                  text run at (712,380) width 64: "\x{4E0D}\x{540C}\x{4E0D}\x{4E8C}"
            RenderBlock {rt} at (702,380) size 10x64
              RenderText {#text} at (0,9) size 10x46
                text run at (0,9) width 45: "\x{3075}\x{3069}\x{3046}\x{3075}\x{3058}"
          RenderText {#text} at (712,444) size 17x16
            text run at (712,444) width 16: "\x{306E}"
          RenderInline {ruby} at (0,0) size 17x36
            RenderInline (generated) at (0,0) size 17x36
              RenderInline {rb} at (0,0) size 17x32
                RenderText {#text} at (740,2) size 17x32
                  text run at (740,2) width 32: "\x{4E7E}\x{5764}"
            RenderBlock {rt} at (730,0) size 10x36
              RenderText {#text} at (0,0) size 10x36
                text run at (0,0) width 36: "\x{3051}\x{3093}\x{3053}\x{3093}"
          RenderText {#text} at (740,34) size 17x16
            text run at (740,34) width 16: "\x{3092}"
          RenderInline {ruby} at (0,0) size 17x45
            RenderInline (generated) at (0,0) size 17x46
              RenderInline {rb} at (0,0) size 18x33
                RenderText {#text} at (740,52) size 17x32
                  text run at (740,52) width 32: "\x{5EFA}\x{7ACB}"
            RenderBlock {rt} at (730,45) size 10x46
              RenderText {#text} at (0,0) size 10x45
                text run at (0,0) width 45: "\x{3053}\x{3093}\x{308A}\x{3085}\x{3046}"
          RenderText {#text} at (740,86) size 17x160
            text run at (740,86) width 160: "\x{3057}\x{5F97}\x{308B}\x{306E}\x{70B9}\x{306B}\x{304A}\x{3044}\x{3066}\x{3001}"
          RenderInline {ruby} at (0,0) size 17x64
            RenderInline (generated) at (0,0) size 17x64
              RenderInline {rb} at (0,0) size 17x64
                RenderText {#text} at (740,246) size 17x64
                  text run at (740,246) width 64: "\x{6211}\x{5229}\x{79C1}\x{617E}"
            RenderBlock {rt} at (730,246) size 10x64
              RenderText {#text} at (0,9) size 10x46
                text run at (0,9) width 45: "\x{304C}\x{308A}\x{3057}\x{3088}\x{304F}"
          RenderText {#text} at (740,310) size 17x16
            text run at (740,310) width 16: "\x{306E}"
          RenderInline {ruby} at (0,0) size 17x32
            RenderInline (generated) at (0,0) size 17x32
              RenderInline {rb} at (0,0) size 17x32
                RenderText {#text} at (740,326) size 17x32
                  text run at (740,326) width 32: "\x{898A}\x{7D46}"
            RenderBlock {rt} at (730,326) size 10x32
              RenderText {#text} at (0,2) size 10x28
                text run at (0,2) width 27: "\x{304D}\x{306F}\x{3093}"
          RenderText {#text} at (740,358) size 17x16
            text run at (740,358) width 16: "\x{3092}"
          RenderInline {ruby} at (0,0) size 17x36
            RenderInline (generated) at (0,0) size 17x36
              RenderInline {rb} at (0,0) size 17x32
                RenderText {#text} at (740,374) size 17x32
                  text run at (740,374) width 32: "\x{6383}\x{8569}"
            RenderBlock {rt} at (730,372) size 10x36
              RenderText {#text} at (0,0) size 10x36
                text run at (0,0) width 36: "\x{305D}\x{3046}\x{3068}\x{3046}"
          RenderText {#text} at (740,406) size 45x470
            text run at (740,406) width 64: "\x{3059}\x{308B}\x{306E}\x{70B9}"
            text run at (768,0) width 112: "\x{306B}\x{304A}\x{3044}\x{3066}\x{3001}\x{2015}\x{2015}"
          RenderInline {ruby} at (0,0) size 17x36
            RenderInline (generated) at (0,0) size 17x36
              RenderInline {rb} at (0,0) size 17x32
                RenderText {#text} at (768,112) size 17x32
                  text run at (768,112) width 32: "\x{5343}\x{91D1}"
            RenderBlock {rt} at (758,110) size 10x36
              RenderText {#text} at (0,0) size 10x36
                text run at (0,0) width 36: "\x{305B}\x{3093}\x{304D}\x{3093}"
          RenderText {#text} at (768,144) size 17x96
            text run at (768,144) width 96: "\x{306E}\x{5B50}\x{3088}\x{308A}\x{3082}\x{3001}"
          RenderInline {ruby} at (0,0) size 17x45
            RenderInline (generated) at (0,0) size 17x46
              RenderInline {rb} at (0,0) size 18x33
                RenderText {#text} at (768,242) size 17x32
                  text run at (768,242) width 32: "\x{4E07}\x{4E57}"
            RenderBlock {rt} at (758,235) size 10x46
              RenderText {#text} at (0,0) size 10x45
                text run at (0,0) width 45: "\x{3070}\x{3093}\x{3058}\x{3087}\x{3046}"
          RenderText {#text} at (768,276) size 45x468
            text run at (768,276) width 192: "\x{306E}\x{541B}\x{3088}\x{308A}\x{3082}\x{3001}\x{3042}\x{3089}\x{3086}\x{308B}\x{4FD7}\x{754C}"
            text run at (796,0) width 16: "\x{306E}"
          RenderInline {ruby} at (0,0) size 17x36
            RenderInline (generated) at (0,0) size 17x36
              RenderInline {rb} at (0,0) size 17x32
                RenderText {#text} at (796,16) size 17x32
                  text run at (796,16) width 32: "\x{5BF5}\x{5150}"
            RenderBlock {rt} at (786,14) size 10x36
              RenderText {#text} at (0,0) size 10x36
                text run at (0,0) width 36: "\x{3061}\x{3087}\x{3046}\x{3058}"
          RenderText {#text} at (796,48) size 17x144
            text run at (796,48) width 144: "\x{3088}\x{308A}\x{3082}\x{5E78}\x{798F}\x{3067}\x{3042}\x{308B}\x{3002}"
          RenderBR {br} at (796,192) size 17x0
          RenderText {#text} at (824,0) size 17x272
            text run at (824,0) width 272: "\x{3000}\x{4E16}\x{306B}\x{4F4F}\x{3080}\x{3053}\x{3068}\x{4E8C}\x{5341}\x{5E74}\x{306B}\x{3057}\x{3066}\x{3001}\x{4F4F}\x{3080}\x{306B}"
          RenderInline {ruby} at (0,0) size 17x32
            RenderInline (generated) at (0,0) size 17x32
              RenderInline {rb} at (0,0) size 17x32
                RenderText {#text} at (824,272) size 17x32
                  text run at (824,272) width 32: "\x{7532}\x{6590}"
            RenderBlock {rt} at (814,272) size 10x32
              RenderText {#text} at (0,7) size 10x18
                text run at (0,7) width 18: "\x{304B}\x{3044}"
          RenderText {#text} at (824,304) size 45x480
            text run at (824,304) width 176: "\x{3042}\x{308B}\x{4E16}\x{3068}\x{77E5}\x{3063}\x{305F}\x{3002}\x{4E8C}\x{5341}\x{4E94}"
            text run at (852,0) width 112: "\x{5E74}\x{306B}\x{3057}\x{3066}\x{660E}\x{6697}\x{306F}"
          RenderInline {ruby} at (0,0) size 17x36
            RenderInline (generated) at (0,0) size 17x36
              RenderInline {rb} at (0,0) size 17x32
                RenderText {#text} at (852,112) size 17x32
                  text run at (852,112) width 32: "\x{8868}\x{88CF}"
            RenderBlock {rt} at (842,110) size 10x36
              RenderText {#text} at (0,0) size 10x36
                text run at (0,0) width 36: "\x{3072}\x{3087}\x{3046}\x{308A}"
          RenderText {#text} at (852,144) size 45x480
            text run at (852,144) width 336: "\x{306E}\x{3054}\x{3068}\x{304F}\x{3001}\x{65E5}\x{306E}\x{3042}\x{305F}\x{308B}\x{6240}\x{306B}\x{306F}\x{304D}\x{3063}\x{3068}\x{5F71}\x{304C}\x{3055}\x{3059}\x{3068}"
            text run at (880,0) width 112: "\x{609F}\x{3063}\x{305F}\x{3002}\x{4E09}\x{5341}\x{306E}"
          RenderInline {ruby} at (0,0) size 17x36
            RenderInline (generated) at (0,0) size 17x36
              RenderInline {rb} at (0,0) size 17x32
                RenderText {#text} at (880,112) size 17x32
                  text run at (880,112) width 32: "\x{4ECA}\x{65E5}"
            RenderBlock {rt} at (870,110) size 10x36
              RenderText {#text} at (0,0) size 10x36
                text run at (0,0) width 36: "\x{3053}\x{3093}\x{306B}\x{3061}"
          RenderText {#text} at (880,144) size 17x288
            text run at (880,144) width 288: "\x{306F}\x{3053}\x{3046}\x{601D}\x{3046}\x{3066}\x{3044}\x{308B}\x{3002}\x{2015}\x{2015}\x{559C}\x{3073}\x{306E}\x{6DF1}\x{304D}\x{3068}\x{304D}"
          RenderInline {ruby} at (0,0) size 17x27
            RenderInline (generated) at (0,0) size 17x28
              RenderInline {rb} at (0,0) size 18x17
                RenderText {#text} at (880,433) size 17x16
                  text run at (880,433) width 16: "\x{6182}"
            RenderBlock {rt} at (870,427) size 10x28
              RenderText {#text} at (0,0) size 10x27
                text run at (0,0) width 27: "\x{3046}\x{308C}\x{3044}"
          RenderText {#text} at (880,450) size 45x466
            text run at (880,450) width 16: "\x{3044}"
            text run at (908,0) width 96: "\x{3088}\x{3044}\x{3088}\x{6DF1}\x{304F}\x{3001}"
          RenderInline {ruby} at (0,0) size 17x27
            RenderInline (generated) at (0,0) size 17x28
              RenderInline {rb} at (0,0) size 18x17
                RenderText {#text} at (908,97) size 17x16
                  text run at (908,97) width 16: "\x{697D}"
            RenderBlock {rt} at (898,91) size 10x28
              RenderText {#text} at (0,0) size 10x27
                text run at (0,0) width 27: "\x{305F}\x{306E}\x{3057}"
          RenderText {#text} at (908,114) size 45x482
            text run at (908,114) width 368: "\x{307F}\x{306E}\x{5927}\x{3044}\x{306A}\x{308B}\x{307B}\x{3069}\x{82E6}\x{3057}\x{307F}\x{3082}\x{5927}\x{304D}\x{3044}\x{3002}\x{3053}\x{308C}\x{3092}\x{5207}\x{308A}\x{653E}\x{305D}"
            text run at (936,0) width 176: "\x{3046}\x{3068}\x{3059}\x{308B}\x{3068}\x{8EAB}\x{304C}\x{6301}\x{3066}\x{306C}\x{3002}"
          RenderInline {ruby} at (0,0) size 17x18
            RenderInline (generated) at (0,0) size 17x18
              RenderInline {rb} at (0,0) size 17x16
                RenderText {#text} at (936,176) size 17x16
                  text run at (936,176) width 16: "\x{7247}"
            RenderBlock {rt} at (926,175) size 10x18
              RenderText {#text} at (0,0) size 10x18
                text run at (0,0) width 18: "\x{304B}\x{305F}"
          RenderText {#text} at (936,192) size 45x480
            text run at (936,192) width 288: "\x{3065}\x{3051}\x{3088}\x{3046}\x{3068}\x{3059}\x{308C}\x{3070}\x{4E16}\x{304C}\x{7ACB}\x{305F}\x{306C}\x{3002}\x{91D1}\x{306F}\x{5927}\x{4E8B}"
            text run at (964,0) width 128: "\x{3060}\x{3001}\x{5927}\x{4E8B}\x{306A}\x{3082}\x{306E}\x{304C}"
          RenderInline {ruby} at (0,0) size 17x16
            RenderInline (generated) at (0,0) size 17x16
              RenderInline {rb} at (0,0) size 17x16
                RenderText {#text} at (964,128) size 17x16
                  text run at (964,128) width 16: "\x{6B96}"
            RenderBlock {rt} at (954,128) size 10x16
              RenderText {#text} at (0,3) size 10x10
                text run at (0,3) width 9: "\x{3075}"
          RenderText {#text} at (964,144) size 17x48
            text run at (964,144) width 48: "\x{3048}\x{308C}\x{3070}"
          RenderInline {ruby} at (0,0) size 17x16
            RenderInline (generated) at (0,0) size 17x16
              RenderInline {rb} at (0,0) size 17x16
                RenderText {#text} at (964,192) size 17x16
                  text run at (964,192) width 16: "\x{5BDD}"
            RenderBlock {rt} at (954,192) size 10x16
              RenderText {#text} at (0,3) size 10x10
                text run at (0,3) width 9: "\x{306D}"
          RenderText {#text} at (964,208) size 17x16
            text run at (964,208) width 16: "\x{308B}"
          RenderInline {ruby} at (0,0) size 17x16
            RenderInline (generated) at (0,0) size 17x16
              RenderInline {rb} at (0,0) size 17x16
                RenderText {#text} at (964,224) size 17x16
                  text run at (964,224) width 16: "\x{9593}"
            RenderBlock {rt} at (954,224) size 10x16
              RenderText {#text} at (0,3) size 10x10
                text run at (0,3) width 9: "\x{307E}"
          RenderText {#text} at (964,240) size 63x480
            text run at (964,240) width 240: "\x{3082}\x{5FC3}\x{914D}\x{3060}\x{308D}\x{3046}\x{3002}\x{604B}\x{306F}\x{3046}\x{308C}\x{3057}\x{3044}\x{3001}\x{5B09}"
            text run at (982,0) width 480: "\x{3057}\x{3044}\x{604B}\x{304C}\x{7A4D}\x{3082}\x{308C}\x{3070}\x{3001}\x{604B}\x{3092}\x{305B}\x{306C}\x{6614}\x{304C}\x{304B}\x{3048}\x{3063}\x{3066}\x{604B}\x{3057}\x{304B}\x{308D}\x{3002}\x{95A3}\x{50DA}\x{306E}\x{80A9}\x{306F}\x{6570}"
            text run at (1010,0) width 96: "\x{767E}\x{4E07}\x{4EBA}\x{306E}\x{8DB3}\x{3092}"
          RenderInline {ruby} at (0,0) size 17x18
            RenderInline (generated) at (0,0) size 17x18
              RenderInline {rb} at (0,0) size 17x16
                RenderText {#text} at (1010,96) size 17x16
                  text run at (1010,96) width 16: "\x{652F}"
            RenderBlock {rt} at (1000,95) size 10x18
              RenderText {#text} at (0,0) size 10x18
                text run at (0,0) width 18: "\x{3055}\x{3055}"
          RenderText {#text} at (1010,112) size 17x80
            text run at (1010,112) width 80: "\x{3048}\x{3066}\x{3044}\x{308B}\x{3002}"
          RenderInline {ruby} at (0,0) size 17x32
            RenderInline (generated) at (0,0) size 17x32
              RenderInline {rb} at (0,0) size 17x32
                RenderText {#text} at (1010,192) size 17x32
                  text run at (1010,192) width 32: "\x{80CC}\x{4E2D}"
            RenderBlock {rt} at (1000,192) size 10x32
              RenderText {#text} at (0,2) size 10x28
                text run at (0,2) width 27: "\x{305B}\x{306A}\x{304B}"
          RenderText {#text} at (1010,224) size 45x480
            text run at (1010,224) width 256: "\x{306B}\x{306F}\x{91CD}\x{3044}\x{5929}\x{4E0B}\x{304C}\x{304A}\x{3076}\x{3055}\x{3063}\x{3066}\x{3044}\x{308B}\x{3002}\x{3046}"
            text run at (1038,0) width 272: "\x{307E}\x{3044}\x{7269}\x{3082}\x{98DF}\x{308F}\x{306D}\x{3070}\x{60DC}\x{3057}\x{3044}\x{3002}\x{5C11}\x{3057}\x{98DF}\x{3048}\x{3070}"
          RenderInline {ruby} at (0,0) size 17x16
            RenderInline (generated) at (0,0) size 17x16
              RenderInline {rb} at (0,0) size 17x16
                RenderText {#text} at (1038,272) size 17x16
                  text run at (1038,272) width 16: "\x{98FD}"
            RenderBlock {rt} at (1028,272) size 10x16
              RenderText {#text} at (0,3) size 10x10
                text run at (0,3) width 9: "\x{3042}"
          RenderText {#text} at (1038,288) size 17x16
            text run at (1038,288) width 16: "\x{304D}"
          RenderInline {ruby} at (0,0) size 17x16
            RenderInline (generated) at (0,0) size 17x16
              RenderInline {rb} at (0,0) size 17x16
                RenderText {#text} at (1038,304) size 17x16
                  text run at (1038,304) width 16: "\x{8DB3}"
            RenderBlock {rt} at (1028,304) size 10x16
              RenderText {#text} at (0,3) size 10x10
                text run at (0,3) width 9: "\x{305F}"
          RenderText {#text} at (1038,320) size 35x480
            text run at (1038,320) width 160: "\x{3089}\x{306C}\x{3002}\x{5B58}\x{5206}\x{98DF}\x{3048}\x{3070}\x{3042}\x{3068}"
            text run at (1056,0) width 128: "\x{304C}\x{4E0D}\x{6109}\x{5FEB}\x{3060}\x{3002}\x{2026}\x{2026}"
          RenderBR {br} at (1056,128) size 17x0
          RenderText {#text} at (1084,0) size 17x16
            text run at (1084,0) width 16: "\x{3000}"
          RenderInline {ruby} at (0,0) size 17x16
            RenderInline (generated) at (0,0) size 17x16
              RenderInline {rb} at (0,0) size 17x16
                RenderText {#text} at (1084,16) size 17x16
                  text run at (1084,16) width 16: "\x{4F59}"
            RenderBlock {rt} at (1074,16) size 10x16
              RenderText {#text} at (0,3) size 10x10
                text run at (0,3) width 9: "\x{3088}"
          RenderText {#text} at (1084,32) size 17x16
            text run at (1084,32) width 16: "\x{306E}"
          RenderInline {ruby} at (0,0) size 17x36
            RenderInline (generated) at (0,0) size 17x37
              RenderInline {rb} at (0,0) size 17x17
                RenderText {#text} at (1084,53) size 17x17
                  text run at (1084,53) width 16: "\x{8003}"
            RenderBlock {rt} at (1074,43) size 10x37
              RenderText {#text} at (0,0) size 10x36
                text run at (0,0) width 36: "\x{304B}\x{3093}\x{304C}\x{3048}"
          RenderText {#text} at (1084,75) size 17x256
            text run at (1084,75) width 256: "\x{304C}\x{3053}\x{3053}\x{307E}\x{3067}\x{6F02}\x{6D41}\x{3057}\x{3066}\x{6765}\x{305F}\x{6642}\x{306B}\x{3001}\x{4F59}\x{306E}"
          RenderInline {ruby} at (0,0) size 17x32
            RenderInline (generated) at (0,0) size 17x32
              RenderInline {rb} at (0,0) size 17x32
                RenderText {#text} at (1084,331) size 17x32
                  text run at (1084,331) width 32: "\x{53F3}\x{8DB3}"
            RenderBlock {rt} at (1074,331) size 10x32
              RenderText {#text} at (0,2) size 10x28
                text run at (0,2) width 27: "\x{3046}\x{305D}\x{304F}"
          RenderText {#text} at (1084,363) size 17x48
            text run at (1084,363) width 48: "\x{306F}\x{7A81}\x{7136}"
          RenderInline {ruby} at (0,0) size 17x18
            RenderInline (generated) at (0,0) size 17x18
              RenderInline {rb} at (0,0) size 17x16
                RenderText {#text} at (1084,411) size 17x16
                  text run at (1084,411) width 16: "\x{5750}"
            RenderBlock {rt} at (1074,410) size 10x18
              RenderText {#text} at (0,0) size 10x18
                text run at (0,0) width 18: "\x{3059}\x{308F}"
          RenderText {#text} at (1084,427) size 45x475
            text run at (1084,427) width 48: "\x{308A}\x{306E}\x{308F}"
            text run at (1112,0) width 32: "\x{308B}\x{3044}"
          RenderInline {ruby} at (0,0) size 17x36
            RenderInline (generated) at (0,0) size 17x36
              RenderInline {rb} at (0,0) size 17x32
                RenderText {#text} at (1112,32) size 17x32
                  text run at (1112,32) width 32: "\x{89D2}\x{77F3}"
            RenderBlock {rt} at (1102,30) size 10x36
              RenderText {#text} at (0,0) size 10x36
                text run at (0,0) width 36: "\x{304B}\x{304F}\x{3044}\x{3057}"
          RenderText {#text} at (1112,64) size 17x16
            text run at (1112,64) width 16: "\x{306E}"
          RenderInline {ruby} at (0,0) size 17x18
            RenderInline (generated) at (0,0) size 17x18
              RenderInline {rb} at (0,0) size 17x16
                RenderText {#text} at (1112,80) size 17x16
                  text run at (1112,80) width 16: "\x{7AEF}"
            RenderBlock {rt} at (1102,79) size 10x18
              RenderText {#text} at (0,0) size 10x18
                text run at (0,0) width 18: "\x{306F}\x{3057}"
          RenderText {#text} at (1112,96) size 17x48
            text run at (1112,96) width 48: "\x{3092}\x{8E0F}\x{307F}"
          RenderInline {ruby} at (0,0) size 17x16
            RenderInline (generated) at (0,0) size 17x16
              RenderInline {rb} at (0,0) size 17x16
                RenderText {#text} at (1112,144) size 17x16
                  text run at (1112,144) width 16: "\x{640D}"
            RenderBlock {rt} at (1102,144) size 10x16
              RenderText {#text} at (0,3) size 10x10
                text run at (0,3) width 9: "\x{305D}"
          RenderText {#text} at (1112,160) size 17x80
            text run at (1112,160) width 80: "\x{304F}\x{306A}\x{3063}\x{305F}\x{3002}"
          RenderInline {ruby} at (0,0) size 17x36
            RenderInline (generated) at (0,0) size 17x36
              RenderInline {rb} at (0,0) size 17x32
                RenderText {#text} at (1112,240) size 17x32
                  text run at (1112,240) width 32: "\x{5E73}\x{8861}"
            RenderBlock {rt} at (1102,238) size 10x36
              RenderText {#text} at (0,0) size 10x36
                text run at (0,0) width 36: "\x{3078}\x{3044}\x{3053}\x{3046}"
          RenderText {#text} at (1112,272) size 45x480
            text run at (1112,272) width 208: "\x{3092}\x{4FDD}\x{3064}\x{305F}\x{3081}\x{306B}\x{3001}\x{3059}\x{308F}\x{3084}\x{3068}\x{524D}\x{306B}"
            text run at (1140,0) width 80: "\x{98DB}\x{3073}\x{51FA}\x{3057}\x{305F}"
          RenderInline {ruby} at (0,0) size 17x32
            RenderInline (generated) at (0,0) size 17x32
              RenderInline {rb} at (0,0) size 17x32
                RenderText {#text} at (1140,80) size 17x32
                  text run at (1140,80) width 32: "\x{5DE6}\x{8DB3}"
            RenderBlock {rt} at (1130,80) size 10x32
              RenderText {#text} at (0,2) size 10x28
                text run at (0,2) width 27: "\x{3055}\x{305D}\x{304F}"
          RenderText {#text} at (1140,112) size 17x32
            text run at (1140,112) width 32: "\x{304C}\x{3001}"
          RenderInline {ruby} at (0,0) size 17x32
            RenderInline (generated) at (0,0) size 17x32
              RenderInline {rb} at (0,0) size 17x32
                RenderText {#text} at (1140,144) size 17x32
                  text run at (1140,144) width 32: "\x{4ED5}\x{640D}"
            RenderBlock {rt} at (1130,144) size 10x32
              RenderText {#text} at (0,2) size 10x28
                text run at (0,2) width 27: "\x{3057}\x{305D}\x{3093}"
          RenderText {#text} at (1140,176) size 17x32
            text run at (1140,176) width 32: "\x{3058}\x{306E}"
          RenderInline {ruby} at (0,0) size 17x16
            RenderInline (generated) at (0,0) size 17x16
              RenderInline {rb} at (0,0) size 17x16
                RenderText {#text} at (1140,208) size 17x16
                  text run at (1140,208) width 16: "\x{57CB}"
            RenderBlock {rt} at (1130,208) size 10x16
              RenderText {#text} at (0,3) size 10x10
                text run at (0,3) width 9: "\x{3046}"
          RenderText {#text} at (1140,224) size 17x16
            text run at (1140,224) width 16: "\x{3081}"
          RenderInline {ruby} at (0,0) size 17x18
            RenderInline (generated) at (0,0) size 17x18
              RenderInline {rb} at (0,0) size 17x16
                RenderText {#text} at (1140,240) size 17x16
                  text run at (1140,240) width 16: "\x{5408}"
            RenderBlock {rt} at (1130,239) size 10x18
              RenderText {#text} at (0,0) size 10x18
                text run at (0,0) width 18: "\x{3042}\x{308F}"
          RenderText {#text} at (1140,256) size 45x480
            text run at (1140,256) width 224: "\x{305B}\x{3092}\x{3059}\x{308B}\x{3068}\x{5171}\x{306B}\x{3001}\x{4F59}\x{306E}\x{8170}\x{306F}\x{5177}\x{5408}"
            text run at (1168,0) width 32: "\x{3088}\x{304F}"
          RenderInline {ruby} at (0,0) size 17x18
            RenderInline (generated) at (0,0) size 17x18
              RenderInline {rb} at (0,0) size 17x16
                RenderText {#text} at (1168,32) size 17x16
                  text run at (1168,32) width 16: "\x{65B9}"
            RenderBlock {rt} at (1158,31) size 10x18
              RenderText {#text} at (0,0) size 10x18
                text run at (0,0) width 18: "\x{307B}\x{3046}"
          RenderText {#text} at (1168,48) size 17x144
            text run at (1168,48) width 144: "\x{4E09}\x{5C3A}\x{307B}\x{3069}\x{306A}\x{5CA9}\x{306E}\x{4E0A}\x{306B}"
          RenderInline {ruby} at (0,0) size 17x16
            RenderInline (generated) at (0,0) size 17x16
              RenderInline {rb} at (0,0) size 17x16
                RenderText {#text} at (1168,192) size 17x16
                  text run at (1168,192) width 16: "\x{5378}"
            RenderBlock {rt} at (1158,192) size 10x16
              RenderText {#text} at (0,3) size 10x10
                text run at (0,3) width 9: "\x{304A}"
          RenderText {#text} at (1168,208) size 17x208
            text run at (1168,208) width 208: "\x{308A}\x{305F}\x{3002}\x{80A9}\x{306B}\x{304B}\x{3051}\x{305F}\x{7D75}\x{306E}\x{5177}\x{7BB1}\x{304C}"
          RenderInline {ruby} at (0,0) size 17x18
            RenderInline (generated) at (0,0) size 17x18
              RenderInline {rb} at (0,0) size 17x16
                RenderText {#text} at (1168,416) size 17x16
                  text run at (1168,416) width 16: "\x{814B}"
            RenderBlock {rt} at (1158,415) size 10x18
              RenderText {#text} at (0,0) size 10x18
                text run at (0,0) width 18: "\x{308F}\x{304D}"
          RenderText {#text} at (1168,432) size 45x480
            text run at (1168,432) width 48: "\x{306E}\x{4E0B}\x{304B}"
            text run at (1196,0) width 16: "\x{3089}"
          RenderInline {ruby} at (0,0) size 17x18
            RenderInline (generated) at (0,0) size 17x18
              RenderInline {rb} at (0,0) size 17x16
                RenderText {#text} at (1196,16) size 17x16
                  text run at (1196,16) width 16: "\x{8E8D}"
            RenderBlock {rt} at (1186,15) size 10x18
              RenderText {#text} at (0,0) size 10x18
                text run at (0,0) width 18: "\x{304A}\x{3069}"
          RenderText {#text} at (1196,32) size 17x176
            text run at (1196,32) width 176: "\x{308A}\x{51FA}\x{3057}\x{305F}\x{3060}\x{3051}\x{3067}\x{3001}\x{5E78}\x{3044}\x{3068}"
          RenderInline {ruby} at (0,0) size 17x18
            RenderInline (generated) at (0,0) size 17x18
              RenderInline {rb} at (0,0) size 17x16
                RenderText {#text} at (1196,208) size 17x16
                  text run at (1196,208) width 16: "\x{4F55}"
            RenderBlock {rt} at (1186,207) size 10x18
              RenderText {#text} at (0,0) size 10x18
                text run at (0,0) width 18: "\x{306A}\x{3093}"
          RenderText {#text} at (1196,224) size 17x128
            text run at (1196,224) width 128: "\x{306E}\x{4E8B}\x{3082}\x{306A}\x{304B}\x{3063}\x{305F}\x{3002}"
          RenderBR {br} at (1196,352) size 17x0
          RenderText {#text} at (1224,0) size 17x240
            text run at (1224,0) width 240: "\x{3000}\x{7ACB}\x{3061}\x{4E0A}\x{304C}\x{308B}\x{6642}\x{306B}\x{5411}\x{3046}\x{3092}\x{898B}\x{308B}\x{3068}\x{3001}"
          RenderInline {ruby} at (0,0) size 17x18
            RenderInline (generated) at (0,0) size 17x18
              RenderInline {rb} at (0,0) size 17x16
                RenderText {#text} at (1224,240) size 17x16
                  text run at (1224,240) width 16: "\x{8DEF}"
            RenderBlock {rt} at (1214,239) size 10x18
              RenderText {#text} at (0,0) size 10x18
                text run at (0,0) width 18: "\x{307F}\x{3061}"
          RenderText {#text} at (1224,256) size 45x480
            text run at (1224,256) width 224: "\x{304B}\x{3089}\x{5DE6}\x{306E}\x{65B9}\x{306B}\x{30D0}\x{30B1}\x{30C4}\x{3092}\x{4F0F}\x{305B}\x{305F}\x{3088}"
            text run at (1252,0) width 64: "\x{3046}\x{306A}\x{5CF0}\x{304C}"
          RenderInline {ruby} at (0,0) size 17x18
            RenderInline (generated) at (0,0) size 17x18
              RenderInline {rb} at (0,0) size 17x16
                RenderText {#text} at (1252,64) size 17x16
                  text run at (1252,64) width 16: "\x{8073}"
            RenderBlock {rt} at (1242,63) size 10x18
              RenderText {#text} at (0,0) size 10x18
                text run at (0,0) width 18: "\x{305D}\x{3073}"
          RenderText {#text} at (1252,80) size 17x112
            text run at (1252,80) width 112: "\x{3048}\x{3066}\x{3044}\x{308B}\x{3002}\x{6749}\x{304B}"
          RenderInline {ruby} at (0,0) size 17x27
            RenderInline (generated) at (0,0) size 17x28
              RenderInline {rb} at (0,0) size 18x17
                RenderText {#text} at (1252,193) size 17x16
                  text run at (1252,193) width 16: "\x{6A9C}"
            RenderBlock {rt} at (1242,187) size 10x28
              RenderText {#text} at (0,0) size 10x27
                text run at (0,0) width 27: "\x{3072}\x{306E}\x{304D}"
          RenderText {#text} at (1252,210) size 17x112
            text run at (1252,210) width 112: "\x{304B}\x{5206}\x{304B}\x{3089}\x{306A}\x{3044}\x{304C}"
          RenderInline {ruby} at (0,0) size 17x32
            RenderInline (generated) at (0,0) size 17x32
              RenderInline {rb} at (0,0) size 17x32
                RenderText {#text} at (1252,322) size 17x32
                  text run at (1252,322) width 32: "\x{6839}\x{5143}"
            RenderBlock {rt} at (1242,322) size 10x32
              RenderText {#text} at (0,2) size 10x28
                text run at (0,2) width 27: "\x{306D}\x{3082}\x{3068}"
          RenderText {#text} at (1252,354) size 17x32
            text run at (1252,354) width 32: "\x{304B}\x{3089}"
          RenderInline {ruby} at (0,0) size 17x27
            RenderInline (generated) at (0,0) size 17x28
              RenderInline {rb} at (0,0) size 18x17
                RenderText {#text} at (1252,387) size 17x16
                  text run at (1252,387) width 16: "\x{9802}"
            RenderBlock {rt} at (1242,381) size 10x28
              RenderText {#text} at (0,0) size 10x27
                text run at (0,0) width 27: "\x{3044}\x{305F}\x{3060}"
          RenderText {#text} at (1252,404) size 45x468
            text run at (1252,404) width 64: "\x{304D}\x{307E}\x{3067}\x{3053}"
            text run at (1280,0) width 64: "\x{3068}\x{3054}\x{3068}\x{304F}"
          RenderInline {ruby} at (0,0) size 17x36
            RenderInline (generated) at (0,0) size 17x36
              RenderInline {rb} at (0,0) size 17x32
                RenderText {#text} at (1280,64) size 17x32
                  text run at (1280,64) width 32: "\x{84BC}\x{9ED2}"
            RenderBlock {rt} at (1270,62) size 10x36
              RenderText {#text} at (0,0) size 10x36
                text run at (0,0) width 36: "\x{3042}\x{304A}\x{3050}\x{308D}"
          RenderText {#text} at (1280,96) size 17x240
            text run at (1280,96) width 240: "\x{3044}\x{4E2D}\x{306B}\x{3001}\x{5C71}\x{685C}\x{304C}\x{8584}\x{8D64}\x{304F}\x{3060}\x{3093}\x{3060}\x{3089}\x{306B}"
          RenderInline {ruby} at (0,0) size 17x32
            RenderInline (generated) at (0,0) size 17x32
              RenderInline {rb} at (0,0) size 17x32
                RenderText {#text} at (1280,336) size 17x32
                  text run at (1280,336) width 32: "\x{68DA}\x{5F15}"
            RenderBlock {rt} at (1270,336) size 10x32
              RenderText {#text} at (0,2) size 10x28
                text run at (0,2) width 27: "\x{305F}\x{306A}\x{3073}"
          RenderText {#text} at (1280,368) size 17x48
            text run at (1280,368) width 48: "\x{3044}\x{3066}\x{3001}"
          RenderInline {ruby} at (0,0) size 17x16
            RenderInline (generated) at (0,0) size 17x16
              RenderInline {rb} at (0,0) size 17x16
                RenderText {#text} at (1280,416) size 17x16
                  text run at (1280,416) width 16: "\x{7D9A}"
            RenderBlock {rt} at (1270,416) size 10x16
              RenderText {#text} at (0,3) size 10x10
                text run at (0,3) width 9: "\x{3064}"
          RenderText {#text} at (1280,432) size 17x16
            text run at (1280,432) width 16: "\x{304E}"
          RenderInline {ruby} at (0,0) size 17x16
            RenderInline (generated) at (0,0) size 17x16
              RenderInline {rb} at (0,0) size 17x16
                RenderText {#text} at (1280,448) size 17x16
                  text run at (1280,448) width 16: "\x{76EE}"
            RenderBlock {rt} at (1270,448) size 10x16
              RenderText {#text} at (0,3) size 10x10
                text run at (0,3) width 9: "\x{3081}"
          RenderText {#text} at (1280,464) size 17x16
            text run at (1280,464) width 16: "\x{304C}"
          RenderInline {ruby} at (0,0) size 17x18
            RenderInline (generated) at (0,0) size 17x18
              RenderInline {rb} at (0,0) size 17x16
                RenderText {#text} at (1308,1) size 17x16
                  text run at (1308,1) width 16: "\x{78BA}"
            RenderBlock {rt} at (1298,0) size 10x18
              RenderText {#text} at (0,0) size 10x18
                text run at (0,0) width 18: "\x{3057}\x{304B}"
          RenderText {#text} at (1308,17) size 17x112
            text run at (1308,17) width 112: "\x{3068}\x{898B}\x{3048}\x{306C}\x{304F}\x{3089}\x{3044}"
          RenderInline {ruby} at (0,0) size 17x18
            RenderInline (generated) at (0,0) size 17x18
              RenderInline {rb} at (0,0) size 17x16
                RenderText {#text} at (1308,129) size 17x16
                  text run at (1308,129) width 16: "\x{9744}"
            RenderBlock {rt} at (1298,128) size 10x18
              RenderText {#text} at (0,0) size 10x18
                text run at (0,0) width 18: "\x{3082}\x{3084}"
          RenderText {#text} at (1308,145) size 17x144
            text run at (1308,145) width 144: "\x{304C}\x{6FC3}\x{3044}\x{3002}\x{5C11}\x{3057}\x{624B}\x{524D}\x{306B}"
          RenderInline {ruby} at (0,0) size 17x36
            RenderInline (generated) at (0,0) size 17x36
              RenderInline {rb} at (0,0) size 17x32
                RenderText {#text} at (1308,289) size 17x32
                  text run at (1308,289) width 32: "\x{79BF}\x{5C71}"
            RenderBlock {rt} at (1298,287) size 10x36
              RenderText {#text} at (0,0) size 10x36
                text run at (0,0) width 36: "\x{306F}\x{3052}\x{3084}\x{307E}"
          RenderText {#text} at (1308,321) size 17x64
            text run at (1308,321) width 64: "\x{304C}\x{4E00}\x{3064}\x{3001}"
          RenderInline {ruby} at (0,0) size 17x18
            RenderInline (generated) at (0,0) size 17x18
              RenderInline {rb} at (0,0) size 17x16
                RenderText {#text} at (1308,385) size 17x16
                  text run at (1308,385) width 16: "\x{7FA4}"
            RenderBlock {rt} at (1298,384) size 10x18
              RenderText {#text} at (0,0) size 10x18
                text run at (0,0) width 18: "\x{3050}\x{3093}"
          RenderText {#text} at (1308,401) size 45x481
            text run at (1308,401) width 80: "\x{3092}\x{306C}\x{304D}\x{3093}\x{3067}"
            text run at (1336,0) width 16: "\x{3066}"
          RenderInline {ruby} at (0,0) size 17x18
            RenderInline (generated) at (0,0) size 17x18
              RenderInline {rb} at (0,0) size 17x16
                RenderText {#text} at (1336,16) size 17x16
                  text run at (1336,16) width 16: "\x{7709}"
            RenderBlock {rt} at (1326,15) size 10x18
              RenderText {#text} at (0,0) size 10x18
                text run at (0,0) width 18: "\x{307E}\x{3086}"
          RenderText {#text} at (1336,32) size 17x16
            text run at (1336,32) width 16: "\x{306B}"
          RenderInline {ruby} at (0,0) size 17x18
            RenderInline (generated) at (0,0) size 17x18
              RenderInline {rb} at (0,0) size 17x16
                RenderText {#text} at (1336,48) size 17x16
                  text run at (1336,48) width 16: "\x{903C}"
            RenderBlock {rt} at (1326,47) size 10x18
              RenderText {#text} at (0,0) size 10x18
                text run at (0,0) width 18: "\x{305B}\x{307E}"
          RenderText {#text} at (1336,64) size 17x32
            text run at (1336,64) width 32: "\x{308B}\x{3002}"
          RenderInline {ruby} at (0,0) size 17x16
            RenderInline (generated) at (0,0) size 17x16
              RenderInline {rb} at (0,0) size 17x16
                RenderText {#text} at (1336,96) size 17x16
                  text run at (1336,96) width 16: "\x{79BF}"
            RenderBlock {rt} at (1326,96) size 10x16
              RenderText {#text} at (0,3) size 10x10
                text run at (0,3) width 9: "\x{306F}"
          RenderText {#text} at (1336,112) size 17x128
            text run at (1336,112) width 128: "\x{3052}\x{305F}\x{5074}\x{9762}\x{306F}\x{5DE8}\x{4EBA}\x{306E}"
          RenderInline {ruby} at (0,0) size 17x18
            RenderInline (generated) at (0,0) size 17x18
              RenderInline {rb} at (0,0) size 17x16
                RenderText {#text} at (1336,240) size 17x16
                  text run at (1336,240) width 16: "\x{65A7}"
            RenderBlock {rt} at (1326,239) size 10x18
              RenderText {#text} at (0,0) size 10x18
                text run at (0,0) width 18: "\x{304A}\x{306E}"
          RenderText {#text} at (1336,256) size 17x16
            text run at (1336,256) width 16: "\x{3067}"
          RenderInline {ruby} at (0,0) size 17x18
            RenderInline (generated) at (0,0) size 17x18
              RenderInline {rb} at (0,0) size 17x16
                RenderText {#text} at (1336,272) size 17x16
                  text run at (1336,272) width 16: "\x{524A}"
            RenderBlock {rt} at (1326,271) size 10x18
              RenderText {#text} at (0,0) size 10x18
                text run at (0,0) width 18: "\x{3051}\x{305A}"
          RenderText {#text} at (1336,288) size 45x480
            text run at (1336,288) width 192: "\x{308A}\x{53BB}\x{3063}\x{305F}\x{304B}\x{3001}\x{92ED}\x{3069}\x{304D}\x{5E73}\x{9762}\x{3092}"
            text run at (1364,0) width 112: "\x{3084}\x{3051}\x{306B}\x{8C37}\x{306E}\x{5E95}\x{306B}"
          RenderInline {ruby} at (0,0) size 17x18
            RenderInline (generated) at (0,0) size 17x18
              RenderInline {rb} at (0,0) size 17x16
                RenderText {#text} at (1364,112) size 17x16
                  text run at (1364,112) width 16: "\x{57CB}"
            RenderBlock {rt} at (1354,111) size 10x18
              RenderText {#text} at (0,0) size 10x18
                text run at (0,0) width 18: "\x{3046}\x{305A}"
          RenderText {#text} at (1364,128) size 17x80
            text run at (1364,128) width 80: "\x{3081}\x{3066}\x{3044}\x{308B}\x{3002}"
          RenderInline {ruby} at (0,0) size 17x36
            RenderInline (generated) at (0,0) size 17x36
              RenderInline {rb} at (0,0) size 17x32
                RenderText {#text} at (1364,208) size 17x32
                  text run at (1364,208) width 32: "\x{5929}\x{8FBA}"
            RenderBlock {rt} at (1354,206) size 10x36
              RenderText {#text} at (0,0) size 10x36
                text run at (0,0) width 36: "\x{3066}\x{3063}\x{307A}\x{3093}"
          RenderText {#text} at (1364,240) size 45x480
            text run at (1364,240) width 240: "\x{306B}\x{4E00}\x{672C}\x{898B}\x{3048}\x{308B}\x{306E}\x{306F}\x{8D64}\x{677E}\x{3060}\x{308D}\x{3046}\x{3002}\x{679D}"
            text run at (1392,0) width 96: "\x{306E}\x{9593}\x{306E}\x{7A7A}\x{3055}\x{3048}"
          RenderInline {ruby} at (0,0) size 17x36
            RenderInline (generated) at (0,0) size 17x36
              RenderInline {rb} at (0,0) size 17x32
                RenderText {#text} at (1392,96) size 17x32
                  text run at (1392,96) width 32: "\x{5224}\x{7136}"
            RenderBlock {rt} at (1382,94) size 10x36
              RenderText {#text} at (0,0) size 10x36
                text run at (0,0) width 36: "\x{306F}\x{3063}\x{304D}\x{308A}"
          RenderText {#text} at (1392,128) size 45x480
            text run at (1392,128) width 352: "\x{3057}\x{3066}\x{3044}\x{308B}\x{3002}\x{884C}\x{304F}\x{624B}\x{306F}\x{4E8C}\x{4E01}\x{307B}\x{3069}\x{3067}\x{5207}\x{308C}\x{3066}\x{3044}\x{308B}\x{304C}\x{3001}\x{9AD8}"
            text run at (1420,0) width 96: "\x{3044}\x{6240}\x{304B}\x{3089}\x{8D64}\x{3044}"
          RenderInline {ruby} at (0,0) size 17x32
            RenderInline (generated) at (0,0) size 17x32
              RenderInline {rb} at (0,0) size 17x32
                RenderText {#text} at (1420,96) size 17x32
                  text run at (1420,96) width 32: "\x{6BDB}\x{5E03}"
            RenderBlock {rt} at (1410,96) size 10x32
              RenderText {#text} at (0,2) size 10x28
                text run at (0,2) width 27: "\x{3051}\x{3063}\x{3068}"
          RenderText {#text} at (1420,128) size 45x480
            text run at (1420,128) width 352: "\x{304C}\x{52D5}\x{3044}\x{3066}\x{6765}\x{308B}\x{306E}\x{3092}\x{898B}\x{308B}\x{3068}\x{3001}\x{767B}\x{308C}\x{3070}\x{3042}\x{3059}\x{3053}\x{3078}\x{51FA}\x{308B}\x{306E}"
            text run at (1448,0) width 160: "\x{3060}\x{308D}\x{3046}\x{3002}\x{8DEF}\x{306F}\x{3059}\x{3053}\x{3076}\x{308B}"
          RenderInline {ruby} at (0,0) size 17x32
            RenderInline (generated) at (0,0) size 17x32
              RenderInline {rb} at (0,0) size 17x32
                RenderText {#text} at (1448,160) size 17x32
                  text run at (1448,160) width 32: "\x{96E3}\x{7FA9}"
            RenderBlock {rt} at (1438,160) size 10x32
              RenderText {#text} at (0,2) size 10x28
                text run at (0,2) width 27: "\x{306A}\x{3093}\x{304E}"
          RenderText {#text} at (1448,192) size 17x32
            text run at (1448,192) width 32: "\x{3060}\x{3002}"
          RenderBR {br} at (1448,224) size 17x0
          RenderText {#text} at (1476,0) size 17x208
            text run at (1476,0) width 208: "\x{3000}\x{571F}\x{3092}\x{306A}\x{3089}\x{3059}\x{3060}\x{3051}\x{306A}\x{3089}\x{3055}\x{307B}\x{3069}"
          RenderInline {ruby} at (0,0) size 17x32
            RenderInline (generated) at (0,0) size 17x32
              RenderInline {rb} at (0,0) size 17x32
                RenderText {#text} at (1476,208) size 17x32
                  text run at (1476,208) width 32: "\x{624B}\x{9593}"
            RenderBlock {rt} at (1466,208) size 10x32
              RenderText {#text} at (0,7) size 10x18
                text run at (0,7) width 18: "\x{3066}\x{307E}"
          RenderText {#text} at (1476,240) size 17x16
            text run at (1476,240) width 16: "\x{3082}"
          RenderInline {ruby} at (0,0) size 17x16
            RenderInline (generated) at (0,0) size 17x16
              RenderInline {rb} at (0,0) size 17x16
                RenderText {#text} at (1476,256) size 17x16
                  text run at (1476,256) width 16: "\x{5165}"
            RenderBlock {rt} at (1466,256) size 10x16
              RenderText {#text} at (0,3) size 10x10
                text run at (0,3) width 9: "\x{3044}"
          RenderText {#text} at (1476,272) size 45x480
            text run at (1476,272) width 208: "\x{308B}\x{307E}\x{3044}\x{304C}\x{3001}\x{571F}\x{306E}\x{4E2D}\x{306B}\x{306F}\x{5927}\x{304D}\x{306A}"
            text run at (1504,0) width 112: "\x{77F3}\x{304C}\x{3042}\x{308B}\x{3002}\x{571F}\x{306F}"
          RenderInline {ruby} at (0,0) size 17x18
            RenderInline (generated) at (0,0) size 17x18
              RenderInline {rb} at (0,0) size 17x16
                RenderText {#text} at (1504,112) size 17x16
                  text run at (1504,112) width 16: "\x{5E73}"
            RenderBlock {rt} at (1494,111) size 10x18
              RenderText {#text} at (0,0) size 10x18
                text run at (0,0) width 18: "\x{305F}\x{3044}"
          RenderText {#text} at (1504,128) size 45x464
            text run at (1504,128) width 336: "\x{3089}\x{306B}\x{3057}\x{3066}\x{3082}\x{77F3}\x{306F}\x{5E73}\x{3089}\x{306B}\x{306A}\x{3089}\x{306C}\x{3002}\x{77F3}\x{306F}\x{5207}\x{308A}\x{7815}\x{3044}\x{3066}"
            text run at (1532,0) width 176: "\x{3082}\x{3001}\x{5CA9}\x{306F}\x{59CB}\x{672B}\x{304C}\x{3064}\x{304B}\x{306C}\x{3002}"
          RenderInline {ruby} at (0,0) size 17x36
            RenderInline (generated) at (0,0) size 17x36
              RenderInline {rb} at (0,0) size 17x32
                RenderText {#text} at (1532,176) size 17x32
                  text run at (1532,176) width 32: "\x{6398}\x{5D29}"
            RenderBlock {rt} at (1522,174) size 10x36
              RenderText {#text} at (0,0) size 10x36
                text run at (0,0) width 36: "\x{307B}\x{308A}\x{304F}\x{305A}"
          RenderText {#text} at (1532,208) size 17x96
            text run at (1532,208) width 96: "\x{3057}\x{305F}\x{571F}\x{306E}\x{4E0A}\x{306B}"
          RenderInline {ruby} at (0,0) size 17x36
            RenderInline (generated) at (0,0) size 17x36
              RenderInline {rb} at (0,0) size 17x32
                RenderText {#text} at (1532,304) size 17x32
                  text run at (1532,304) width 32: "\x{60A0}\x{7136}"
            RenderBlock {rt} at (1522,302) size 10x36
              RenderText {#text} at (0,0) size 10x36
                text run at (0,0) width 36: "\x{3086}\x{3046}\x{305C}\x{3093}"
          RenderText {#text} at (1532,336) size 17x16
            text run at (1532,336) width 16: "\x{3068}"
          RenderInline {ruby} at (0,0) size 17x27
            RenderInline (generated) at (0,0) size 17x28
              RenderInline {rb} at (0,0) size 18x17
                RenderText {#text} at (1532,353) size 17x16
                  text run at (1532,353) width 16: "\x{5CD9}"
            RenderBlock {rt} at (1522,347) size 10x28
              RenderText {#text} at (0,0) size 10x27
                text run at (0,0) width 27: "\x{305D}\x{3070}\x{3060}"
          RenderText {#text} at (1532,370) size 45x466
            text run at (1532,370) width 96: "\x{3063}\x{3066}\x{3001}\x{543E}\x{3089}\x{306E}"
            text run at (1560,0) width 112: "\x{305F}\x{3081}\x{306B}\x{9053}\x{3092}\x{8B72}\x{308B}"
          RenderInline {ruby} at (0,0) size 17x32
            RenderInline (generated) at (0,0) size 17x32
              RenderInline {rb} at (0,0) size 17x32
                RenderText {#text} at (1560,112) size 17x32
                  text run at (1560,112) width 32: "\x{666F}\x{8272}"
            RenderBlock {rt} at (1550,112) size 10x32
              RenderText {#text} at (0,2) size 10x28
                text run at (0,2) width 27: "\x{3051}\x{3057}\x{304D}"
          RenderText {#text} at (1560,144) size 45x480
            text run at (1560,144) width 336: "\x{306F}\x{306A}\x{3044}\x{3002}\x{5411}\x{3046}\x{3067}\x{805E}\x{304B}\x{306C}\x{4E0A}\x{306F}\x{4E57}\x{308A}\x{8D8A}\x{3059}\x{304B}\x{3001}\x{5EFB}\x{3089}\x{306A}"
            text run at (1588,0) width 112: "\x{3051}\x{308C}\x{3070}\x{306A}\x{3089}\x{3093}\x{3002}"
          RenderInline {ruby} at (0,0) size 17x18
            RenderInline (generated) at (0,0) size 17x18
              RenderInline {rb} at (0,0) size 17x16
                RenderText {#text} at (1588,112) size 17x16
                  text run at (1588,112) width 16: "\x{5DCC}"
            RenderBlock {rt} at (1578,111) size 10x18
              RenderText {#text} at (0,0) size 10x18
                text run at (0,0) width 18: "\x{3044}\x{308F}"
          RenderText {#text} at (1588,128) size 17x112
            text run at (1588,128) width 112: "\x{306E}\x{306A}\x{3044}\x{6240}\x{3067}\x{3055}\x{3048}"
          RenderInline {ruby} at (0,0) size 17x16
            RenderInline (generated) at (0,0) size 17x16
              RenderInline {rb} at (0,0) size 17x16
                RenderText {#text} at (1588,240) size 17x16
                  text run at (1588,240) width 16: "\x{6B69}"
            RenderBlock {rt} at (1578,240) size 10x16
              RenderText {#text} at (0,3) size 10x10
                text run at (0,3) width 9: "\x{3042}"
          RenderText {#text} at (1588,256) size 45x480
            text run at (1588,256) width 224: "\x{308B}\x{304D}\x{3088}\x{304F}\x{306F}\x{306A}\x{3044}\x{3002}\x{5DE6}\x{53F3}\x{304C}\x{9AD8}\x{304F}\x{3063}"
            text run at (1616,0) width 80: "\x{3066}\x{3001}\x{4E2D}\x{5FC3}\x{304C}"
          RenderInline {ruby} at (0,0) size 17x18
            RenderInline (generated) at (0,0) size 17x18
              RenderInline {rb} at (0,0) size 17x16
                RenderText {#text} at (1616,80) size 17x16
                  text run at (1616,80) width 16: "\x{7AAA}"
            RenderBlock {rt} at (1606,79) size 10x18
              RenderText {#text} at (0,0) size 10x18
                text run at (0,0) width 18: "\x{304F}\x{307C}"
          RenderText {#text} at (1616,96) size 17x128
            text run at (1616,96) width 128: "\x{3093}\x{3067}\x{3001}\x{307E}\x{308B}\x{3067}\x{4E00}\x{9593}"
          RenderInline {ruby} at (0,0) size 17x18
            RenderInline (generated) at (0,0) size 17x18
              RenderInline {rb} at (0,0) size 17x16
                RenderText {#text} at (1616,224) size 17x16
                  text run at (1616,224) width 16: "\x{5E45}"
            RenderBlock {rt} at (1606,223) size 10x18
              RenderText {#text} at (0,0) size 10x18
                text run at (0,0) width 18: "\x{306F}\x{3070}"
          RenderText {#text} at (1616,240) size 17x64
            text run at (1616,240) width 64: "\x{3092}\x{4E09}\x{89D2}\x{306B}"
          RenderInline {ruby} at (0,0) size 17x16
            RenderInline (generated) at (0,0) size 17x16
              RenderInline {rb} at (0,0) size 17x16
                RenderText {#text} at (1616,304) size 17x16
                  text run at (1616,304) width 16: "\x{7A7F}"
            RenderBlock {rt} at (1606,304) size 10x16
              RenderText {#text} at (0,3) size 10x10
                text run at (0,3) width 9: "\x{304F}"
          RenderText {#text} at (1616,320) size 17x128
            text run at (1616,320) width 128: "\x{3063}\x{3066}\x{3001}\x{305D}\x{306E}\x{9802}\x{70B9}\x{304C}"
          RenderInline {ruby} at (0,0) size 17x36
            RenderInline (generated) at (0,0) size 17x36
              RenderInline {rb} at (0,0) size 17x32
                RenderText {#text} at (1616,448) size 17x32
                  text run at (1616,448) width 32: "\x{771F}\x{4E2D}"
            RenderBlock {rt} at (1606,446) size 10x36
              RenderText {#text} at (0,0) size 10x36
                text run at (0,0) width 36: "\x{307E}\x{3093}\x{306A}\x{304B}"
          RenderText {#text} at (1644,0) size 17x16
            text run at (1644,0) width 16: "\x{3092}"
          RenderInline {ruby} at (0,0) size 17x27
            RenderInline (generated) at (0,0) size 17x28
              RenderInline {rb} at (0,0) size 18x17
                RenderText {#text} at (1644,17) size 17x16
                  text run at (1644,17) width 16: "\x{8CAB}"
            RenderBlock {rt} at (1634,11) size 10x28
              RenderText {#text} at (0,0) size 10x27
                text run at (0,0) width 27: "\x{3064}\x{3089}\x{306C}"
          RenderText {#text} at (1644,34) size 17x400
            text run at (1644,34) width 400: "\x{3044}\x{3066}\x{3044}\x{308B}\x{3068}\x{8A55}\x{3057}\x{3066}\x{3082}\x{3088}\x{3044}\x{3002}\x{8DEF}\x{3092}\x{884C}\x{304F}\x{3068}\x{4E91}\x{308F}\x{3093}\x{3088}\x{308A}\x{5DDD}\x{5E95}\x{3092}"
          RenderInline {ruby} at (0,0) size 17x18
            RenderInline (generated) at (0,0) size 17x18
              RenderInline {rb} at (0,0) size 17x16
                RenderText {#text} at (1644,434) size 17x16
                  text run at (1644,434) width 16: "\x{6E09}"
            RenderBlock {rt} at (1634,433) size 10x18
              RenderText {#text} at (0,0) size 10x18
                text run at (0,0) width 18: "\x{308F}\x{305F}"
          RenderText {#text} at (1644,450) size 45x466
            text run at (1644,450) width 16: "\x{308B}"
            text run at (1672,0) width 144: "\x{3068}\x{4E91}\x{3046}\x{65B9}\x{304C}\x{9069}\x{5F53}\x{3060}\x{3002}"
          RenderInline {ruby} at (0,0) size 17x18
            RenderInline (generated) at (0,0) size 17x18
              RenderInline {rb} at (0,0) size 17x16
                RenderText {#text} at (1672,144) size 17x16
                  text run at (1672,144) width 16: "\x{56FA}"
            RenderBlock {rt} at (1662,143) size 10x18
              RenderText {#text} at (0,0) size 10x18
                text run at (0,0) width 18: "\x{3082}\x{3068}"
          RenderText {#text} at (1672,160) size 17x256
            text run at (1672,160) width 256: "\x{3088}\x{308A}\x{6025}\x{3050}\x{65C5}\x{3067}\x{306A}\x{3044}\x{304B}\x{3089}\x{3001}\x{3076}\x{3089}\x{3076}\x{3089}\x{3068}"
          RenderInline {ruby} at (0,0) size 17x36
            RenderInline (generated) at (0,0) size 17x36
              RenderInline {rb} at (0,0) size 17x32
                RenderText {#text} at (1672,416) size 17x32
                  text run at (1672,416) width 32: "\x{4E03}\x{66F2}"
            RenderBlock {rt} at (1662,414) size 10x36
              RenderText {#text} at (0,0) size 10x36
                text run at (0,0) width 36: "\x{306A}\x{306A}\x{307E}\x{304C}"
          RenderText {#text} at (1672,448) size 35x480
            text run at (1672,448) width 32: "\x{308A}\x{3078}"
            text run at (1690,0) width 64: "\x{304B}\x{304B}\x{308B}\x{3002}"
          RenderBR {br} at (1690,64) size 17x0
          RenderText {#text} at (1718,0) size 17x144
            text run at (1718,0) width 144: "\x{3000}\x{305F}\x{3061}\x{307E}\x{3061}\x{8DB3}\x{306E}\x{4E0B}\x{3067}"
          RenderInline {ruby} at (0,0) size 17x32
            RenderInline (generated) at (0,0) size 17x32
              RenderInline {rb} at (0,0) size 17x32
                RenderText {#text} at (1718,144) size 17x32
                  text run at (1718,144) width 32: "\x{96F2}\x{96C0}"
            RenderBlock {rt} at (1708,144) size 10x32
              RenderText {#text} at (0,2) size 10x28
                text run at (0,2) width 27: "\x{3072}\x{3070}\x{308A}"
          RenderText {#text} at (1718,176) size 17x160
            text run at (1718,176) width 160: "\x{306E}\x{58F0}\x{304C}\x{3057}\x{51FA}\x{3057}\x{305F}\x{3002}\x{8C37}\x{3092}"
          RenderInline {ruby} at (0,0) size 17x32
            RenderInline (generated) at (0,0) size 17x32
              RenderInline {rb} at (0,0) size 17x32
                RenderText {#text} at (1718,336) size 17x32
                  text run at (1718,336) width 32: "\x{898B}\x{4E0B}"
            RenderBlock {rt} at (1708,336) size 10x32
              RenderText {#text} at (0,2) size 10x28
                text run at (0,2) width 27: "\x{307F}\x{304A}\x{308D}"
          RenderText {#text} at (1718,368) size 63x480
            text run at (1718,368) width 112: "\x{3057}\x{305F}\x{304C}\x{3001}\x{3069}\x{3053}\x{3067}"
            text run at (1736,0) width 480: "\x{9CF4}\x{3044}\x{3066}\x{308B}\x{304B}\x{5F71}\x{3082}\x{5F62}\x{3082}\x{898B}\x{3048}\x{306C}\x{3002}\x{305F}\x{3060}\x{58F0}\x{3060}\x{3051}\x{304C}\x{660E}\x{3089}\x{304B}\x{306B}\x{805E}\x{3048}\x{308B}\x{3002}\x{305B}\x{3063}\x{305B}"
            text run at (1764,0) width 16: "\x{3068}"
          RenderInline {ruby} at (0,0) size 17x18
            RenderInline (generated) at (0,0) size 17x18
              RenderInline {rb} at (0,0) size 17x16
                RenderText {#text} at (1764,16) size 17x16
                  text run at (1764,16) width 16: "\x{5FD9}"
            RenderBlock {rt} at (1754,15) size 10x18
              RenderText {#text} at (0,0) size 10x18
                text run at (0,0) width 18: "\x{305B}\x{308F}"
          RenderText {#text} at (1764,32) size 17x48
            text run at (1764,32) width 48: "\x{3057}\x{304F}\x{3001}"
          RenderInline {ruby} at (0,0) size 17x32
            RenderInline (generated) at (0,0) size 17x32
              RenderInline {rb} at (0,0) size 17x32
                RenderText {#text} at (1764,80) size 17x32
                  text run at (1764,80) width 32: "\x{7D76}\x{9593}"
            RenderBlock {rt} at (1754,80) size 10x32
              RenderText {#text} at (0,2) size 10x28
                text run at (0,2) width 27: "\x{305F}\x{3048}\x{307E}"
          RenderText {#text} at (1764,112) size 17x128
            text run at (1764,112) width 128: "\x{306A}\x{304F}\x{9CF4}\x{3044}\x{3066}\x{3044}\x{308B}\x{3002}"
          RenderInline {ruby} at (0,0) size 17x48
            RenderInline (generated) at (0,0) size 17x48
              RenderInline {rb} at (0,0) size 17x48
                RenderText {#text} at (1764,240) size 17x48
                  text run at (1764,240) width 48: "\x{65B9}\x{5E7E}\x{91CC}"
            RenderBlock {rt} at (1754,240) size 10x48
              RenderText {#text} at (0,1) size 10x46
                text run at (0,1) width 45: "\x{307B}\x{3046}\x{3044}\x{304F}\x{308A}"
          RenderText {#text} at (1764,288) size 17x112
            text run at (1764,288) width 112: "\x{306E}\x{7A7A}\x{6C17}\x{304C}\x{4E00}\x{9762}\x{306B}"
          RenderInline {ruby} at (0,0) size 17x18
            RenderInline (generated) at (0,0) size 17x18
              RenderInline {rb} at (0,0) size 17x16
                RenderText {#text} at (1764,400) size 17x16
                  text run at (1764,400) width 16: "\x{86A4}"
            RenderBlock {rt} at (1754,399) size 10x18
              RenderText {#text} at (0,0) size 10x18
                text run at (0,0) width 18: "\x{306E}\x{307F}"
          RenderText {#text} at (1764,416) size 45x480
            text run at (1764,416) width 64: "\x{306B}\x{523A}\x{3055}\x{308C}"
            text run at (1792,0) width 352: "\x{3066}\x{3044}\x{305F}\x{305F}\x{307E}\x{308C}\x{306A}\x{3044}\x{3088}\x{3046}\x{306A}\x{6C17}\x{304C}\x{3059}\x{308B}\x{3002}\x{3042}\x{306E}\x{9CE5}\x{306E}\x{9CF4}\x{304F}"
          RenderInline {ruby} at (0,0) size 17x16
            RenderInline (generated) at (0,0) size 17x16
              RenderInline {rb} at (0,0) size 17x16
                RenderText {#text} at (1792,352) size 17x16
                  text run at (1792,352) width 16: "\x{97F3}"
            RenderBlock {rt} at (1782,352) size 10x16
              RenderText {#text} at (0,3) size 10x10
                text run at (0,3) width 9: "\x{306D}"
          RenderText {#text} at (1792,368) size 99x480
            text run at (1792,368) width 112: "\x{306B}\x{306F}\x{77AC}\x{6642}\x{306E}\x{4F59}\x{88D5}"
            text run at (1810,0) width 480: "\x{3082}\x{306A}\x{3044}\x{3002}\x{306E}\x{3069}\x{304B}\x{306A}\x{6625}\x{306E}\x{65E5}\x{3092}\x{9CF4}\x{304D}\x{5C3D}\x{304F}\x{3057}\x{3001}\x{9CF4}\x{304D}\x{3042}\x{304B}\x{3057}\x{3001}\x{307E}\x{305F}\x{9CF4}\x{304D}\x{66AE}\x{3089}"
            text run at (1828,0) width 480: "\x{3055}\x{306A}\x{3051}\x{308C}\x{3070}\x{6C17}\x{304C}\x{6E08}\x{307E}\x{3093}\x{3068}\x{898B}\x{3048}\x{308B}\x{3002}\x{305D}\x{306E}\x{4E0A}\x{3069}\x{3053}\x{307E}\x{3067}\x{3082}\x{767B}\x{3063}\x{3066}\x{884C}\x{304F}\x{3001}\x{3044}"
            text run at (1846,0) width 480: "\x{3064}\x{307E}\x{3067}\x{3082}\x{767B}\x{3063}\x{3066}\x{884C}\x{304F}\x{3002}\x{96F2}\x{96C0}\x{306F}\x{304D}\x{3063}\x{3068}\x{96F2}\x{306E}\x{4E2D}\x{3067}\x{6B7B}\x{306C}\x{306B}\x{76F8}\x{9055}\x{306A}\x{3044}\x{3002}\x{767B}\x{308A}"
            text run at (1874,0) width 48: "\x{8A70}\x{3081}\x{305F}"
          RenderInline {ruby} at (0,0) size 17x32
            RenderInline (generated) at (0,0) size 17x32
              RenderInline {rb} at (0,0) size 17x32
                RenderText {#text} at (1874,48) size 17x32
                  text run at (1874,48) width 32: "\x{63DA}\x{53E5}"
            RenderBlock {rt} at (1864,48) size 10x32
              RenderText {#text} at (0,2) size 10x28
                text run at (0,2) width 27: "\x{3042}\x{3052}\x{304F}"
          RenderText {#text} at (1874,80) size 17x112
            text run at (1874,80) width 112: "\x{306F}\x{3001}\x{6D41}\x{308C}\x{3066}\x{96F2}\x{306B}"
          RenderInline {ruby} at (0,0) size 17x16
            RenderInline (generated) at (0,0) size 17x16
              RenderInline {rb} at (0,0) size 17x16
                RenderText {#text} at (1874,192) size 17x16
                  text run at (1874,192) width 16: "\x{5165}"
            RenderBlock {rt} at (1864,192) size 10x16
              RenderText {#text} at (0,3) size 10x10
                text run at (0,3) width 9: "\x{3044}"
          RenderText {#text} at (1874,208) size 17x48
            text run at (1874,208) width 48: "\x{3063}\x{3066}\x{3001}"
          RenderInline {ruby} at (0,0) size 17x27
            RenderInline (generated) at (0,0) size 17x28
              RenderInline {rb} at (0,0) size 18x17
                RenderText {#text} at (1874,257) size 17x16
                  text run at (1874,257) width 16: "\x{6F02}"
            RenderBlock {rt} at (1864,251) size 10x28
              RenderText {#text} at (0,0) size 10x27
                text run at (0,0) width 27: "\x{305F}\x{3060}\x{3088}"
          RenderText {#text} at (1874,274) size 45x482
            text run at (1874,274) width 208: "\x{3046}\x{3066}\x{3044}\x{308B}\x{3046}\x{3061}\x{306B}\x{5F62}\x{306F}\x{6D88}\x{3048}\x{3066}\x{306A}"
            text run at (1902,0) width 208: "\x{304F}\x{306A}\x{3063}\x{3066}\x{3001}\x{305F}\x{3060}\x{58F0}\x{3060}\x{3051}\x{304C}\x{7A7A}\x{306E}"
          RenderInline {ruby} at (0,0) size 17x18
            RenderInline (generated) at (0,0) size 17x18
              RenderInline {rb} at (0,0) size 17x16
                RenderText {#text} at (1902,208) size 17x16
                  text run at (1902,208) width 16: "\x{88E1}"
            RenderBlock {rt} at (1892,207) size 10x18
              RenderText {#text} at (0,0) size 10x18
                text run at (0,0) width 18: "\x{3046}\x{3061}"
          RenderText {#text} at (1902,224) size 17x176
            text run at (1902,224) width 176: "\x{306B}\x{6B8B}\x{308B}\x{306E}\x{304B}\x{3082}\x{77E5}\x{308C}\x{306A}\x{3044}\x{3002}"
          RenderBR {br} at (1902,400) size 17x0
          RenderText {#text} at (1930,0) size 17x16
            text run at (1930,0) width 16: "\x{3000}"
          RenderInline {ruby} at (0,0) size 17x36
            RenderInline (generated) at (0,0) size 17x36
              RenderInline {rb} at (0,0) size 17x32
                RenderText {#text} at (1930,16) size 17x32
                  text run at (1930,16) width 32: "\x{5DCC}\x{89D2}"
            RenderBlock {rt} at (1920,14) size 10x36
              RenderText {#text} at (0,0) size 10x36
                text run at (0,0) width 36: "\x{3044}\x{308F}\x{304B}\x{3069}"
          RenderText {#text} at (1930,48) size 17x128
            text run at (1930,48) width 128: "\x{3092}\x{92ED}\x{3069}\x{304F}\x{5EFB}\x{3063}\x{3066}\x{3001}"
          RenderInline {ruby} at (0,0) size 17x32
            RenderInline (generated) at (0,0) size 17x32
              RenderInline {rb} at (0,0) size 17x32
                RenderText {#text} at (1930,176) size 17x32
                  text run at (1930,176) width 32: "\x{6309}\x{6469}"
            RenderBlock {rt} at (1920,176) size 10x32
              RenderText {#text} at (0,2) size 10x28
                text run at (0,2) width 27: "\x{3042}\x{3093}\x{307E}"
          RenderText {#text} at (1930,208) size 17x32
            text run at (1930,208) width 32: "\x{306A}\x{3089}"
          RenderInline {ruby} at (0,0) size 17x54
            RenderInline (generated) at (0,0) size 17x54
              RenderInline {rb} at (0,0) size 17x48
                RenderText {#text} at (1930,240) size 17x48
                  text run at (1930,240) width 48: "\x{771F}\x{9006}\x{69D8}"
            RenderBlock {rt} at (1920,237) size 10x54
              RenderText {#text} at (0,0) size 10x54
                text run at (0,0) width 54: "\x{307E}\x{3063}\x{3055}\x{304B}\x{3055}\x{307E}"
          RenderText {#text} at (1930,288) size 17x144
            text run at (1930,288) width 144: "\x{306B}\x{843D}\x{3064}\x{308B}\x{3068}\x{3053}\x{308D}\x{3092}\x{3001}"
          RenderInline {ruby} at (0,0) size 17x18
            RenderInline (generated) at (0,0) size 17x18
              RenderInline {rb} at (0,0) size 17x16
                RenderText {#text} at (1930,432) size 17x16
                  text run at (1930,432) width 16: "\x{969B}"
            RenderBlock {rt} at (1920,431) size 10x18
              RenderText {#text} at (0,0) size 10x18
                text run at (0,0) width 18: "\x{304D}\x{308F}"
          RenderText {#text} at (1930,448) size 45x464
            text run at (1930,448) width 16: "\x{3069}"
            text run at (1958,0) width 144: "\x{304F}\x{53F3}\x{3078}\x{5207}\x{308C}\x{3066}\x{3001}\x{6A2A}\x{306B}"
          RenderInline {ruby} at (0,0) size 17x32
            RenderInline (generated) at (0,0) size 17x32
              RenderInline {rb} at (0,0) size 17x32
                RenderText {#text} at (1958,144) size 17x32
                  text run at (1958,144) width 32: "\x{898B}\x{4E0B}"
            RenderBlock {rt} at (1948,144) size 10x32
              RenderText {#text} at (0,2) size 10x28
                text run at (0,2) width 27: "\x{307F}\x{304A}\x{308D}"
          RenderText {#text} at (1958,176) size 17x48
            text run at (1958,176) width 48: "\x{3059}\x{3068}\x{3001}"
          RenderInline {ruby} at (0,0) size 17x16
            RenderInline (generated) at (0,0) size 17x16
              RenderInline {rb} at (0,0) size 17x16
                RenderText {#text} at (1958,224) size 17x16
                  text run at (1958,224) width 16: "\x{83DC}"
            RenderBlock {rt} at (1948,224) size 10x16
              RenderText {#text} at (0,3) size 10x10
                text run at (0,3) width 9: "\x{306A}"
          RenderText {#text} at (1958,240) size 45x480
            text run at (1958,240) width 240: "\x{306E}\x{82B1}\x{304C}\x{4E00}\x{9762}\x{306B}\x{898B}\x{3048}\x{308B}\x{3002}\x{96F2}\x{96C0}\x{306F}\x{3042}\x{3059}"
            text run at (1986,0) width 288: "\x{3053}\x{3078}\x{843D}\x{3061}\x{308B}\x{306E}\x{304B}\x{3068}\x{601D}\x{3063}\x{305F}\x{3002}\x{3044}\x{3044}\x{3084}\x{3001}\x{3042}\x{306E}"
          RenderInline {ruby} at (0,0) size 17x32
            RenderInline (generated) at (0,0) size 17x32
              RenderInline {rb} at (0,0) size 17x32
                RenderText {#text} at (1986,288) size 17x32
                  text run at (1986,288) width 32: "\x{9EC4}\x{91D1}"
            RenderBlock {rt} at (1976,288) size 10x32
              RenderText {#text} at (0,2) size 10x28
                text run at (0,2) width 27: "\x{3053}\x{304C}\x{306D}"
          RenderText {#text} at (1986,320) size 45x480
            text run at (1986,320) width 160: "\x{306E}\x{539F}\x{304B}\x{3089}\x{98DB}\x{3073}\x{4E0A}\x{304C}\x{3063}\x{3066}"
            text run at (2014,0) width 304: "\x{304F}\x{308B}\x{306E}\x{304B}\x{3068}\x{601D}\x{3063}\x{305F}\x{3002}\x{6B21}\x{306B}\x{306F}\x{843D}\x{3061}\x{308B}\x{96F2}\x{96C0}\x{3068}\x{3001}"
          RenderInline {ruby} at (0,0) size 17x18
            RenderInline (generated) at (0,0) size 17x18
              RenderInline {rb} at (0,0) size 17x16
                RenderText {#text} at (2014,304) size 17x16
                  text run at (2014,304) width 16: "\x{4E0A}"
            RenderBlock {rt} at (2004,303) size 10x18
              RenderText {#text} at (0,0) size 10x18
                text run at (0,0) width 18: "\x{3042}\x{304C}"
          RenderText {#text} at (2014,320) size 17x16
            text run at (2014,320) width 16: "\x{308B}"
          RenderInline {ruby} at (0,0) size 17x32
            RenderInline (generated) at (0,0) size 17x32
              RenderInline {rb} at (0,0) size 17x32
                RenderText {#text} at (2014,336) size 17x32
                  text run at (2014,336) width 32: "\x{96F2}\x{96C0}"
            RenderBlock {rt} at (2004,336) size 10x32
              RenderText {#text} at (0,2) size 10x28
                text run at (0,2) width 27: "\x{3072}\x{3070}\x{308A}"
          RenderText {#text} at (2014,368) size 35x480
            text run at (2014,368) width 112: "\x{304C}\x{5341}\x{6587}\x{5B57}\x{306B}\x{3059}\x{308C}"
            text run at (2032,0) width 480: "\x{9055}\x{3046}\x{306E}\x{304B}\x{3068}\x{601D}\x{3063}\x{305F}\x{3002}\x{6700}\x{5F8C}\x{306B}\x{3001}\x{843D}\x{3061}\x{308B}\x{6642}\x{3082}\x{3001}\x{4E0A}\x{308B}\x{6642}\x{3082}\x{3001}\x{307E}\x{305F}\x{5341}\x{6587}\x{5B57}\x{306B}"
          RenderInline {ruby} at (0,0) size 17x16
            RenderInline (generated) at (0,0) size 17x16
              RenderInline {rb} at (0,0) size 17x16
                RenderText {#text} at (2060,0) size 17x16
                  text run at (2060,0) width 16: "\x{64E6}"
            RenderBlock {rt} at (2050,0) size 10x16
              RenderText {#text} at (0,3) size 10x10
                text run at (0,3) width 9: "\x{3059}"
          RenderText {#text} at (2060,16) size 17x400
            text run at (2060,16) width 400: "\x{308C}\x{9055}\x{3046}\x{3068}\x{304D}\x{306B}\x{3082}\x{5143}\x{6C17}\x{3088}\x{304F}\x{9CF4}\x{304D}\x{3064}\x{3065}\x{3051}\x{308B}\x{3060}\x{308D}\x{3046}\x{3068}\x{601D}\x{3063}\x{305F}\x{3002}"
          RenderBR {br} at (2060,416) size 17x0
          RenderText {#text} at (2088,0) size 17x192
            text run at (2088,0) width 192: "\x{3000}\x{6625}\x{306F}\x{7720}\x{304F}\x{306A}\x{308B}\x{3002}\x{732B}\x{306F}\x{9F20}\x{3092}"
          RenderInline {ruby} at (0,0) size 17x16
            RenderInline (generated) at (0,0) size 17x16
              RenderInline {rb} at (0,0) size 17x16
                RenderText {#text} at (2088,192) size 17x16
                  text run at (2088,192) width 16: "\x{6355}"
            RenderBlock {rt} at (2078,192) size 10x16
              RenderText {#text} at (0,3) size 10x10
                text run at (0,3) width 9: "\x{3068}"
          RenderText {#text} at (2088,208) size 45x480
            text run at (2088,208) width 272: "\x{308B}\x{4E8B}\x{3092}\x{5FD8}\x{308C}\x{3001}\x{4EBA}\x{9593}\x{306F}\x{501F}\x{91D1}\x{306E}\x{3042}\x{308B}\x{4E8B}\x{3092}\x{5FD8}"
            text run at (2116,0) width 144: "\x{308C}\x{308B}\x{3002}\x{6642}\x{306B}\x{306F}\x{81EA}\x{5206}\x{306E}"
          RenderInline {ruby} at (0,0) size 17x36
            RenderInline (generated) at (0,0) size 17x37
              RenderInline {rb} at (0,0) size 17x17
                RenderText {#text} at (2116,149) size 17x17
                  text run at (2116,149) width 16: "\x{9B42}"
            RenderBlock {rt} at (2106,139) size 10x37
              RenderText {#text} at (0,0) size 10x36
                text run at (0,0) width 36: "\x{305F}\x{307E}\x{3057}\x{3044}"
          RenderText {#text} at (2116,171) size 17x16
            text run at (2116,171) width 16: "\x{306E}"
          RenderInline {ruby} at (0,0) size 17x36
            RenderInline (generated) at (0,0) size 17x36
              RenderInline {rb} at (0,0) size 17x32
                RenderText {#text} at (2116,187) size 17x32
                  text run at (2116,187) width 32: "\x{5C45}\x{6240}"
            RenderBlock {rt} at (2106,185) size 10x36
              RenderText {#text} at (0,0) size 10x36
                text run at (0,0) width 36: "\x{3044}\x{3069}\x{3053}\x{308D}"
          RenderText {#text} at (2116,219) size 45x475
            text run at (2116,219) width 256: "\x{3055}\x{3048}\x{5FD8}\x{308C}\x{3066}\x{6B63}\x{4F53}\x{306A}\x{304F}\x{306A}\x{308B}\x{3002}\x{305F}\x{3060}\x{83DC}\x{306E}"
            text run at (2144,0) width 192: "\x{82B1}\x{3092}\x{9060}\x{304F}\x{671B}\x{3093}\x{3060}\x{3068}\x{304D}\x{306B}\x{773C}\x{304C}"
          RenderInline {ruby} at (0,0) size 17x16
            RenderInline (generated) at (0,0) size 17x16
              RenderInline {rb} at (0,0) size 17x16
                RenderText {#text} at (2144,192) size 17x16
                  text run at (2144,192) width 16: "\x{9192}"
            RenderBlock {rt} at (2134,192) size 10x16
              RenderText {#text} at (0,3) size 10x10
                text run at (0,3) width 9: "\x{3055}"
          RenderText {#text} at (2144,208) size 45x480
            text run at (2144,208) width 272: "\x{3081}\x{308B}\x{3002}\x{96F2}\x{96C0}\x{306E}\x{58F0}\x{3092}\x{805E}\x{3044}\x{305F}\x{3068}\x{304D}\x{306B}\x{9B42}\x{306E}\x{3042}"
            text run at (2172,0) width 48: "\x{308A}\x{304B}\x{304C}"
          RenderInline {ruby} at (0,0) size 17x36
            RenderInline (generated) at (0,0) size 17x36
              RenderInline {rb} at (0,0) size 17x32
                RenderText {#text} at (2172,48) size 17x32
                  text run at (2172,48) width 32: "\x{5224}\x{7136}"
            RenderBlock {rt} at (2162,46) size 10x36
              RenderText {#text} at (0,0) size 10x36
                text run at (0,0) width 36: "\x{306F}\x{3093}\x{305C}\x{3093}"
          RenderText {#text} at (2172,80) size 71x480
            text run at (2172,80) width 400: "\x{3059}\x{308B}\x{3002}\x{96F2}\x{96C0}\x{306E}\x{9CF4}\x{304F}\x{306E}\x{306F}\x{53E3}\x{3067}\x{9CF4}\x{304F}\x{306E}\x{3067}\x{306F}\x{306A}\x{3044}\x{3001}\x{9B42}\x{5168}\x{4F53}\x{304C}\x{9CF4}"
            text run at (2190,0) width 480: "\x{304F}\x{306E}\x{3060}\x{3002}\x{9B42}\x{306E}\x{6D3B}\x{52D5}\x{304C}\x{58F0}\x{306B}\x{3042}\x{3089}\x{308F}\x{308C}\x{305F}\x{3082}\x{306E}\x{306E}\x{3046}\x{3061}\x{3067}\x{3001}\x{3042}\x{308C}\x{307B}\x{3069}\x{5143}\x{6C17}\x{306E}"
            text run at (2208,0) width 480: "\x{3042}\x{308B}\x{3082}\x{306E}\x{306F}\x{306A}\x{3044}\x{3002}\x{3042}\x{3042}\x{6109}\x{5FEB}\x{3060}\x{3002}\x{3053}\x{3046}\x{601D}\x{3063}\x{3066}\x{3001}\x{3053}\x{3046}\x{6109}\x{5FEB}\x{306B}\x{306A}\x{308B}\x{306E}\x{304C}\x{8A69}"
            text run at (2226,0) width 64: "\x{3067}\x{3042}\x{308B}\x{3002}"
          RenderBR {br} at (2226,64) size 17x0
          RenderText {#text} at (2244,0) size 45x480
            text run at (2244,0) width 480: "\x{3000}\x{305F}\x{3061}\x{307E}\x{3061}\x{30B7}\x{30A7}\x{30EC}\x{30FC}\x{306E}\x{96F2}\x{96C0}\x{306E}\x{8A69}\x{3092}\x{601D}\x{3044}\x{51FA}\x{3057}\x{3066}\x{3001}\x{53E3}\x{306E}\x{3046}\x{3061}\x{3067}\x{899A}\x{3048}\x{305F}\x{3068}"
            text run at (2272,0) width 64: "\x{3053}\x{308D}\x{3060}\x{3051}"
          RenderInline {ruby} at (0,0) size 17x45
            RenderInline (generated) at (0,0) size 17x46
              RenderInline {rb} at (0,0) size 18x33
                RenderText {#text} at (2272,66) size 17x32
                  text run at (2272,66) width 32: "\x{6697}\x{8AA6}"
            RenderBlock {rt} at (2262,59) size 10x46
              RenderText {#text} at (0,0) size 10x45
                text run at (0,0) width 45: "\x{3042}\x{3093}\x{3057}\x{3087}\x{3046}"
          RenderText {#text} at (2272,100) size 35x468
            text run at (2272,100) width 368: "\x{3057}\x{3066}\x{898B}\x{305F}\x{304C}\x{3001}\x{899A}\x{3048}\x{3066}\x{3044}\x{308B}\x{3068}\x{3053}\x{308D}\x{306F}\x{4E8C}\x{4E09}\x{53E5}\x{3057}\x{304B}\x{306A}\x{304B}\x{3063}"
            text run at (2290,0) width 304: "\x{305F}\x{3002}\x{305D}\x{306E}\x{4E8C}\x{4E09}\x{53E5}\x{306E}\x{306A}\x{304B}\x{306B}\x{3053}\x{3093}\x{306A}\x{306E}\x{304C}\x{3042}\x{308B}\x{3002}"
          RenderBR {br} at (2290,304) size 17x0
        RenderBlock {div} at (2308,32) size 90x460
          RenderText {#text} at (0,0) size 17x188
            text run at (0,0) width 188: "\x{3000}\x{3000}We look before and after"
          RenderBR {br} at (0,187) size 17x1
          RenderText {#text} at (18,0) size 17x222
            text run at (18,0) width 222: "\x{3000}\x{3000}\x{3000}\x{3000}And pine for what is not:"
          RenderBR {br} at (18,222) size 17x0
          RenderText {#text} at (36,0) size 17x170
            text run at (36,0) width 170: "\x{3000}\x{3000}Our sincerest laughter"
          RenderBR {br} at (36,170) size 17x0
          RenderText {#text} at (54,0) size 17x230
            text run at (54,0) width 230: "\x{3000}\x{3000}\x{3000}\x{3000}With some pain is fraught;"
          RenderBR {br} at (54,229) size 17x1
          RenderText {#text} at (72,0) size 17x355
            text run at (72,0) width 355: "Our sweetest songs are those that tell of saddest thought."
          RenderBR {br} at (72,355) size 17x0
        RenderBlock (anonymous) at (2398,0) size 1731x492
          RenderText {#text} at (10,0) size 17x112
            text run at (10,0) width 112: "\x{300C}\x{524D}\x{3092}\x{307F}\x{3066}\x{306F}\x{3001}"
          RenderInline {ruby} at (0,0) size 17x18
            RenderInline (generated) at (0,0) size 17x18
              RenderInline {rb} at (0,0) size 17x16
                RenderText {#text} at (10,112) size 17x16
                  text run at (10,112) width 16: "\x{5F8C}"
            RenderBlock {rt} at (0,111) size 10x18
              RenderText {#text} at (0,0) size 10x18
                text run at (0,0) width 18: "\x{3057}\x{308A}"
          RenderText {#text} at (10,128) size 17x96
            text run at (10,128) width 96: "\x{3048}\x{3092}\x{898B}\x{3066}\x{306F}\x{3001}"
          RenderInline {ruby} at (0,0) size 17x32
            RenderInline (generated) at (0,0) size 17x32
              RenderInline {rb} at (0,0) size 17x32
                RenderText {#text} at (10,224) size 17x32
                  text run at (10,224) width 32: "\x{7269}\x{6B32}"
            RenderBlock {rt} at (0,224) size 10x32
              RenderText {#text} at (0,2) size 10x28
                text run at (0,2) width 27: "\x{3082}\x{306E}\x{307B}"
          RenderText {#text} at (10,256) size 45x480
            text run at (10,256) width 224: "\x{3057}\x{3068}\x{3001}\x{3042}\x{3053}\x{304C}\x{308B}\x{308B}\x{304B}\x{306A}\x{308F}\x{308C}\x{3002}\x{8179}"
            text run at (38,0) width 464: "\x{304B}\x{3089}\x{306E}\x{3001}\x{7B11}\x{3068}\x{3044}\x{3048}\x{3069}\x{3001}\x{82E6}\x{3057}\x{307F}\x{306E}\x{3001}\x{305D}\x{3053}\x{306B}\x{3042}\x{308B}\x{3079}\x{3057}\x{3002}\x{3046}\x{3064}\x{304F}\x{3057}\x{304D}\x{3001}"
          RenderInline {ruby} at (0,0) size 17x18
            RenderInline (generated) at (0,0) size 17x18
              RenderInline {rb} at (0,0) size 17x16
                RenderText {#text} at (38,464) size 17x16
                  text run at (38,464) width 16: "\x{6975}"
            RenderBlock {rt} at (28,463) size 10x18
              RenderText {#text} at (0,0) size 10x18
                text run at (0,0) width 18: "\x{304D}\x{308F}"
          RenderText {#text} at (66,0) size 17x208
            text run at (66,0) width 208: "\x{307F}\x{306E}\x{6B4C}\x{306B}\x{3001}\x{60B2}\x{3057}\x{3055}\x{306E}\x{3001}\x{6975}\x{307F}\x{306E}"
          RenderInline {ruby} at (0,0) size 17x27
            RenderInline (generated) at (0,0) size 17x28
              RenderInline {rb} at (0,0) size 18x17
                RenderText {#text} at (66,209) size 17x16
                  text run at (66,209) width 16: "\x{60F3}"
            RenderBlock {rt} at (56,203) size 10x28
              RenderText {#text} at (0,0) size 10x27
                text run at (0,0) width 27: "\x{304A}\x{3082}\x{3044}"
          RenderText {#text} at (66,226) size 17x16
            text run at (66,226) width 16: "\x{3001}"
          RenderInline {ruby} at (0,0) size 17x18
            RenderInline (generated) at (0,0) size 17x18
              RenderInline {rb} at (0,0) size 17x16
                RenderText {#text} at (66,242) size 17x16
                  text run at (66,242) width 16: "\x{7C60}"
            RenderBlock {rt} at (56,241) size 10x18
              RenderText {#text} at (0,0) size 10x18
                text run at (0,0) width 18: "\x{3053}\x{3082}"
          RenderText {#text} at (66,258) size 17x96
            text run at (66,258) width 96: "\x{308B}\x{3068}\x{305E}\x{77E5}\x{308C}\x{300D}"
          RenderBR {br} at (66,354) size 17x0
          RenderText {#text} at (84,0) size 45x480
            text run at (84,0) width 480: "\x{3000}\x{306A}\x{308B}\x{307B}\x{3069}\x{3044}\x{304F}\x{3089}\x{8A69}\x{4EBA}\x{304C}\x{5E78}\x{798F}\x{3067}\x{3082}\x{3001}\x{3042}\x{306E}\x{96F2}\x{96C0}\x{306E}\x{3088}\x{3046}\x{306B}\x{601D}\x{3044}\x{5207}\x{3063}\x{3066}\x{3001}"
            text run at (112,0) width 336: "\x{4E00}\x{5FC3}\x{4E0D}\x{4E71}\x{306B}\x{3001}\x{524D}\x{5F8C}\x{3092}\x{5FD8}\x{5374}\x{3057}\x{3066}\x{3001}\x{308F}\x{304C}\x{559C}\x{3073}\x{3092}\x{6B4C}\x{3046}"
          RenderInline {ruby} at (0,0) size 17x18
            RenderInline (generated) at (0,0) size 17x18
              RenderInline {rb} at (0,0) size 17x16
                RenderText {#text} at (112,336) size 17x16
                  text run at (112,336) width 16: "\x{8A33}"
            RenderBlock {rt} at (102,335) size 10x18
              RenderText {#text} at (0,0) size 10x18
                text run at (0,0) width 18: "\x{308F}\x{3051}"
          RenderText {#text} at (112,352) size 45x480
            text run at (112,352) width 128: "\x{306B}\x{306F}\x{884C}\x{304F}\x{307E}\x{3044}\x{3002}\x{897F}"
            text run at (140,0) width 288: "\x{6D0B}\x{306E}\x{8A69}\x{306F}\x{7121}\x{8AD6}\x{306E}\x{4E8B}\x{3001}\x{652F}\x{90A3}\x{306E}\x{8A69}\x{306B}\x{3082}\x{3001}\x{3088}\x{304F}"
          RenderInline {ruby} at (0,0) size 17x36
            RenderInline (generated) at (0,0) size 17x36
              RenderInline {rb} at (0,0) size 17x32
                RenderText {#text} at (140,288) size 17x32
                  text run at (140,288) width 32: "\x{4E07}\x{659B}"
            RenderBlock {rt} at (130,286) size 10x36
              RenderText {#text} at (0,0) size 10x36
                text run at (0,0) width 36: "\x{3070}\x{3093}\x{3053}\x{304F}"
          RenderText {#text} at (140,320) size 17x16
            text run at (140,320) width 16: "\x{306E}"
          RenderInline {ruby} at (0,0) size 17x27
            RenderInline (generated) at (0,0) size 17x28
              RenderInline {rb} at (0,0) size 18x17
                RenderText {#text} at (140,337) size 17x16
                  text run at (140,337) width 16: "\x{6101}"
            RenderBlock {rt} at (130,331) size 10x28
              RenderText {#text} at (0,0) size 10x27
                text run at (0,0) width 27: "\x{3046}\x{308C}\x{3044}"
          RenderText {#text} at (140,354) size 45x466
            text run at (140,354) width 112: "\x{306A}\x{3069}\x{3068}\x{4E91}\x{3046}\x{5B57}\x{304C}"
            text run at (168,0) width 176: "\x{3042}\x{308B}\x{3002}\x{8A69}\x{4EBA}\x{3060}\x{304B}\x{3089}\x{4E07}\x{659B}\x{3067}"
          RenderInline {ruby} at (0,0) size 17x36
            RenderInline (generated) at (0,0) size 17x36
              RenderInline {rb} at (0,0) size 17x32
                RenderText {#text} at (168,176) size 17x32
                  text run at (168,176) width 32: "\x{7D20}\x{4EBA}"
            RenderBlock {rt} at (158,174) size 10x36
              RenderText {#text} at (0,0) size 10x36
                text run at (0,0) width 36: "\x{3057}\x{308D}\x{3046}\x{3068}"
          RenderText {#text} at (168,208) size 17x48
            text run at (168,208) width 48: "\x{306A}\x{3089}\x{4E00}"
          RenderInline {ruby} at (0,0) size 17x18
            RenderInline (generated) at (0,0) size 17x18
              RenderInline {rb} at (0,0) size 17x16
                RenderText {#text} at (168,256) size 17x16
                  text run at (168,256) width 16: "\x{5408}"
            RenderBlock {rt} at (158,255) size 10x18
              RenderText {#text} at (0,0) size 10x18
                text run at (0,0) width 18: "\x{3054}\x{3046}"
          RenderText {#text} at (168,272) size 45x480
            text run at (168,272) width 208: "\x{3067}\x{6E08}\x{3080}\x{304B}\x{3082}\x{77E5}\x{308C}\x{306C}\x{3002}\x{3057}\x{3066}\x{898B}\x{308B}"
            text run at (196,0) width 240: "\x{3068}\x{8A69}\x{4EBA}\x{306F}\x{5E38}\x{306E}\x{4EBA}\x{3088}\x{308A}\x{3082}\x{82E6}\x{52B4}\x{6027}\x{3067}\x{3001}"
          RenderInline {ruby} at (0,0) size 17x36
            RenderInline (generated) at (0,0) size 17x36
              RenderInline {rb} at (0,0) size 17x32
                RenderText {#text} at (196,240) size 17x32
                  text run at (196,240) width 32: "\x{51E1}\x{9AA8}"
            RenderBlock {rt} at (186,238) size 10x36
              RenderText {#text} at (0,0) size 10x36
                text run at (0,0) width 36: "\x{307C}\x{3093}\x{3053}\x{3064}"
          RenderText {#text} at (196,272) size 45x480
            text run at (196,272) width 208: "\x{306E}\x{500D}\x{4EE5}\x{4E0A}\x{306B}\x{795E}\x{7D4C}\x{304C}\x{92ED}\x{654F}\x{306A}\x{306E}\x{304B}"
            text run at (224,0) width 304: "\x{3082}\x{77E5}\x{308C}\x{3093}\x{3002}\x{8D85}\x{4FD7}\x{306E}\x{559C}\x{3073}\x{3082}\x{3042}\x{308D}\x{3046}\x{304C}\x{3001}\x{7121}\x{91CF}\x{306E}"
          RenderInline {ruby} at (0,0) size 17x36
            RenderInline (generated) at (0,0) size 17x37
              RenderInline {rb} at (0,0) size 17x17
                RenderText {#text} at (224,309) size 17x17
                  text run at (224,309) width 16: "\x{60B2}"
            RenderBlock {rt} at (214,299) size 10x37
              RenderText {#text} at (0,0) size 10x36
                text run at (0,0) width 36: "\x{304B}\x{306A}\x{3057}\x{307F}"
          RenderText {#text} at (224,331) size 35x475
            text run at (224,331) width 144: "\x{3082}\x{591A}\x{304B}\x{308D}\x{3046}\x{3002}\x{305D}\x{3093}\x{306A}"
            text run at (242,0) width 224: "\x{3089}\x{3070}\x{8A69}\x{4EBA}\x{306B}\x{306A}\x{308B}\x{306E}\x{3082}\x{8003}\x{3048}\x{7269}\x{3060}\x{3002}"
          RenderBR {br} at (242,224) size 17x0
          RenderText {#text} at (270,0) size 17x128
            text run at (270,0) width 128: "\x{3000}\x{3057}\x{3070}\x{3089}\x{304F}\x{306F}\x{8DEF}\x{304C}"
          RenderInline {ruby} at (0,0) size 17x27
            RenderInline (generated) at (0,0) size 17x28
              RenderInline {rb} at (0,0) size 18x17
                RenderText {#text} at (270,129) size 17x16
                  text run at (270,129) width 16: "\x{5E73}"
            RenderBlock {rt} at (260,123) size 10x28
              RenderText {#text} at (0,0) size 10x27
                text run at (0,0) width 27: "\x{305F}\x{3044}\x{3089}"
          RenderText {#text} at (270,146) size 17x64
            text run at (270,146) width 64: "\x{3067}\x{3001}\x{53F3}\x{306F}"
          RenderInline {ruby} at (0,0) size 17x48
            RenderInline (generated) at (0,0) size 17x48
              RenderInline {rb} at (0,0) size 17x48
                RenderText {#text} at (270,210) size 17x48
                  text run at (270,210) width 48: "\x{96D1}\x{6728}\x{5C71}"
            RenderBlock {rt} at (260,210) size 10x48
              RenderText {#text} at (0,1) size 10x46
                text run at (0,1) width 45: "\x{305E}\x{3046}\x{304D}\x{3084}\x{307E}"
          RenderText {#text} at (270,258) size 45x466
            text run at (270,258) width 208: "\x{3001}\x{5DE6}\x{306F}\x{83DC}\x{306E}\x{82B1}\x{306E}\x{898B}\x{3064}\x{3065}\x{3051}\x{3067}\x{3042}"
            text run at (298,0) width 128: "\x{308B}\x{3002}\x{8DB3}\x{306E}\x{4E0B}\x{306B}\x{6642}\x{3005}"
          RenderInline {ruby} at (0,0) size 17x48
            RenderInline (generated) at (0,0) size 17x48
              RenderInline {rb} at (0,0) size 17x48
                RenderText {#text} at (298,128) size 17x48
                  text run at (298,128) width 48: "\x{84B2}\x{516C}\x{82F1}"
            RenderBlock {rt} at (288,128) size 10x48
              RenderText {#text} at (0,6) size 10x36
                text run at (0,6) width 36: "\x{305F}\x{3093}\x{307D}\x{307D}"
          RenderText {#text} at (298,176) size 17x112
            text run at (298,176) width 112: "\x{3092}\x{8E0F}\x{307F}\x{3064}\x{3051}\x{308B}\x{3002}"
          RenderInline {ruby} at (0,0) size 17x36
            RenderInline (generated) at (0,0) size 17x37
              RenderInline {rb} at (0,0) size 17x17
                RenderText {#text} at (298,293) size 17x17
                  text run at (298,293) width 16: "\x{92F8}"
            RenderBlock {rt} at (288,283) size 10x37
              RenderText {#text} at (0,0) size 10x36
                text run at (0,0) width 36: "\x{306E}\x{3053}\x{304E}\x{308A}"
          RenderText {#text} at (298,315) size 45x475
            text run at (298,315) width 160: "\x{306E}\x{3088}\x{3046}\x{306A}\x{8449}\x{304C}\x{9060}\x{616E}\x{306A}\x{304F}"
            text run at (326,0) width 192: "\x{56DB}\x{65B9}\x{3078}\x{306E}\x{3057}\x{3066}\x{771F}\x{4E2D}\x{306B}\x{9EC4}\x{8272}\x{306A}"
          RenderInline {ruby} at (0,0) size 17x18
            RenderInline (generated) at (0,0) size 17x18
              RenderInline {rb} at (0,0) size 17x16
                RenderText {#text} at (326,192) size 17x16
                  text run at (326,192) width 16: "\x{73E0}"
            RenderBlock {rt} at (316,191) size 10x18
              RenderText {#text} at (0,0) size 10x18
                text run at (0,0) width 18: "\x{305F}\x{307E}"
          RenderText {#text} at (326,208) size 63x480
            text run at (326,208) width 272: "\x{3092}\x{64C1}\x{8B77}\x{3057}\x{3066}\x{3044}\x{308B}\x{3002}\x{83DC}\x{306E}\x{82B1}\x{306B}\x{6C17}\x{3092}\x{3068}\x{3089}\x{308C}"
            text run at (344,0) width 480: "\x{3066}\x{3001}\x{8E0F}\x{307F}\x{3064}\x{3051}\x{305F}\x{3042}\x{3068}\x{3067}\x{3001}\x{6C17}\x{306E}\x{6BD2}\x{306A}\x{4E8B}\x{3092}\x{3057}\x{305F}\x{3068}\x{3001}\x{632F}\x{308A}\x{5411}\x{3044}\x{3066}\x{898B}\x{308B}\x{3068}\x{3001}"
            text run at (372,0) width 240: "\x{9EC4}\x{8272}\x{306A}\x{73E0}\x{306F}\x{4F9D}\x{7136}\x{3068}\x{3057}\x{3066}\x{92F8}\x{306E}\x{306A}\x{304B}\x{306B}"
          RenderInline {ruby} at (0,0) size 17x32
            RenderInline (generated) at (0,0) size 17x32
              RenderInline {rb} at (0,0) size 17x32
                RenderText {#text} at (372,240) size 17x32
                  text run at (372,240) width 32: "\x{93AE}\x{5EA7}"
            RenderBlock {rt} at (362,240) size 10x32
              RenderText {#text} at (0,2) size 10x28
                text run at (0,2) width 27: "\x{3061}\x{3093}\x{3056}"
          RenderText {#text} at (372,272) size 17x80
            text run at (372,272) width 80: "\x{3057}\x{3066}\x{3044}\x{308B}\x{3002}"
          RenderInline {ruby} at (0,0) size 17x32
            RenderInline (generated) at (0,0) size 17x32
              RenderInline {rb} at (0,0) size 17x32
                RenderText {#text} at (372,352) size 17x32
                  text run at (372,352) width 32: "\x{5451}\x{6C17}"
            RenderBlock {rt} at (362,352) size 10x32
              RenderText {#text} at (0,2) size 10x28
                text run at (0,2) width 27: "\x{306E}\x{3093}\x{304D}"
          RenderText {#text} at (372,384) size 35x480
            text run at (372,384) width 96: "\x{306A}\x{3082}\x{306E}\x{3060}\x{3002}\x{307E}"
            text run at (390,0) width 144: "\x{305F}\x{8003}\x{3048}\x{3092}\x{3064}\x{3065}\x{3051}\x{308B}\x{3002}"
          RenderBR {br} at (390,144) size 17x0
          RenderText {#text} at (418,0) size 17x64
            text run at (418,0) width 64: "\x{3000}\x{8A69}\x{4EBA}\x{306B}"
          RenderInline {ruby} at (0,0) size 17x27
            RenderInline (generated) at (0,0) size 17x28
              RenderInline {rb} at (0,0) size 18x17
                RenderText {#text} at (418,65) size 17x16
                  text run at (418,65) width 16: "\x{6182}"
            RenderBlock {rt} at (408,59) size 10x28
              RenderText {#text} at (0,0) size 10x27
                text run at (0,0) width 27: "\x{3046}\x{308C}\x{3044}"
          RenderText {#text} at (418,82) size 17x240
            text run at (418,82) width 240: "\x{306F}\x{3064}\x{304D}\x{3082}\x{306E}\x{304B}\x{3082}\x{77E5}\x{308C}\x{306A}\x{3044}\x{304C}\x{3001}\x{3042}\x{306E}"
          RenderInline {ruby} at (0,0) size 17x32
            RenderInline (generated) at (0,0) size 17x32
              RenderInline {rb} at (0,0) size 17x32
                RenderText {#text} at (418,322) size 17x32
                  text run at (418,322) width 32: "\x{96F2}\x{96C0}"
            RenderBlock {rt} at (408,322) size 10x32
              RenderText {#text} at (0,2) size 10x28
                text run at (0,2) width 27: "\x{3072}\x{3070}\x{308A}"
          RenderText {#text} at (418,354) size 45x482
            text run at (418,354) width 128: "\x{3092}\x{805E}\x{304F}\x{5FC3}\x{6301}\x{306B}\x{306A}\x{308C}"
            text run at (446,0) width 16: "\x{3070}"
          RenderInline {ruby} at (0,0) size 17x32
            RenderInline (generated) at (0,0) size 17x32
              RenderInline {rb} at (0,0) size 17x32
                RenderText {#text} at (446,16) size 17x32
                  text run at (446,16) width 32: "\x{5FAE}\x{5875}"
            RenderBlock {rt} at (436,16) size 10x32
              RenderText {#text} at (0,2) size 10x28
                text run at (0,2) width 27: "\x{307F}\x{3058}\x{3093}"
          RenderText {#text} at (446,48) size 17x16
            text run at (446,48) width 16: "\x{306E}"
          RenderInline {ruby} at (0,0) size 17x16
            RenderInline (generated) at (0,0) size 17x16
              RenderInline {rb} at (0,0) size 17x16
                RenderText {#text} at (446,64) size 17x16
                  text run at (446,64) width 16: "\x{82E6}"
            RenderBlock {rt} at (436,64) size 10x16
              RenderText {#text} at (0,3) size 10x10
                text run at (0,3) width 9: "\x{304F}"
          RenderText {#text} at (446,80) size 17x336
            text run at (446,80) width 336: "\x{3082}\x{306A}\x{3044}\x{3002}\x{83DC}\x{306E}\x{82B1}\x{3092}\x{898B}\x{3066}\x{3082}\x{3001}\x{305F}\x{3060}\x{3046}\x{308C}\x{3057}\x{304F}\x{3066}\x{80F8}\x{304C}"
          RenderInline {ruby} at (0,0) size 17x18
            RenderInline (generated) at (0,0) size 17x18
              RenderInline {rb} at (0,0) size 17x16
                RenderText {#text} at (446,416) size 17x16
                  text run at (446,416) width 16: "\x{8E8D}"
            RenderBlock {rt} at (436,415) size 10x18
              RenderText {#text} at (0,0) size 10x18
                text run at (0,0) width 18: "\x{304A}\x{3069}"
          RenderText {#text} at (446,432) size 63x480
            text run at (446,432) width 48: "\x{308B}\x{3070}\x{304B}"
            text run at (464,0) width 480: "\x{308A}\x{3060}\x{3002}\x{84B2}\x{516C}\x{82F1}\x{3082}\x{305D}\x{306E}\x{901A}\x{308A}\x{3001}\x{685C}\x{3082}\x{2015}\x{2015}\x{685C}\x{306F}\x{3044}\x{3064}\x{304B}\x{898B}\x{3048}\x{306A}\x{304F}\x{306A}\x{3063}\x{305F}\x{3002}\x{3053}"
            text run at (492,0) width 160: "\x{3046}\x{5C71}\x{306E}\x{4E2D}\x{3078}\x{6765}\x{3066}\x{81EA}\x{7136}\x{306E}"
          RenderInline {ruby} at (0,0) size 17x36
            RenderInline (generated) at (0,0) size 17x36
              RenderInline {rb} at (0,0) size 17x32
                RenderText {#text} at (492,160) size 17x32
                  text run at (492,160) width 32: "\x{666F}\x{7269}"
            RenderBlock {rt} at (482,158) size 10x36
              RenderText {#text} at (0,0) size 10x36
                text run at (0,0) width 36: "\x{3051}\x{3044}\x{3076}\x{3064}"
          RenderText {#text} at (492,192) size 45x480
            text run at (492,192) width 288: "\x{306B}\x{63A5}\x{3059}\x{308C}\x{3070}\x{3001}\x{898B}\x{308B}\x{3082}\x{306E}\x{3082}\x{805E}\x{304F}\x{3082}\x{306E}\x{3082}\x{9762}\x{767D}"
            text run at (520,0) width 432: "\x{3044}\x{3002}\x{9762}\x{767D}\x{3044}\x{3060}\x{3051}\x{3067}\x{5225}\x{6BB5}\x{306E}\x{82E6}\x{3057}\x{307F}\x{3082}\x{8D77}\x{3089}\x{306C}\x{3002}\x{8D77}\x{308B}\x{3068}\x{3059}\x{308C}\x{3070}\x{8DB3}\x{304C}"
          RenderInline {ruby} at (0,0) size 17x32
            RenderInline (generated) at (0,0) size 17x32
              RenderInline {rb} at (0,0) size 17x32
                RenderText {#text} at (520,432) size 17x32
                  text run at (520,432) width 32: "\x{8349}\x{81E5}"
            RenderBlock {rt} at (510,432) size 10x32
              RenderText {#text} at (0,2) size 10x28
                text run at (0,2) width 27: "\x{304F}\x{305F}\x{3073}"
          RenderText {#text} at (520,464) size 45x480
            text run at (520,464) width 16: "\x{308C}"
            text run at (548,0) width 32: "\x{3066}\x{3001}"
          RenderInline {ruby} at (0,0) size 17x18
            RenderInline (generated) at (0,0) size 17x18
              RenderInline {rb} at (0,0) size 17x16
                RenderText {#text} at (548,32) size 17x16
                  text run at (548,32) width 16: "\x{65E8}"
            RenderBlock {rt} at (538,31) size 10x18
              RenderText {#text} at (0,0) size 10x18
                text run at (0,0) width 18: "\x{3046}\x{307E}"
          RenderText {#text} at (548,48) size 17x288
            text run at (548,48) width 288: "\x{3044}\x{3082}\x{306E}\x{304C}\x{98DF}\x{3079}\x{3089}\x{308C}\x{306C}\x{304F}\x{3089}\x{3044}\x{306E}\x{4E8B}\x{3060}\x{308D}\x{3046}\x{3002}"
          RenderBR {br} at (548,336) size 17x0
          RenderText {#text} at (576,0) size 17x416
            text run at (576,0) width 416: "\x{3000}\x{3057}\x{304B}\x{3057}\x{82E6}\x{3057}\x{307F}\x{306E}\x{306A}\x{3044}\x{306E}\x{306F}\x{306A}\x{305C}\x{3060}\x{308D}\x{3046}\x{3002}\x{305F}\x{3060}\x{3053}\x{306E}\x{666F}\x{8272}\x{3092}\x{4E00}"
          RenderInline {ruby} at (0,0) size 17x18
            RenderInline (generated) at (0,0) size 17x18
              RenderInline {rb} at (0,0) size 17x16
                RenderText {#text} at (576,416) size 17x16
                  text run at (576,416) width 16: "\x{5E45}"
            RenderBlock {rt} at (566,415) size 10x18
              RenderText {#text} at (0,0) size 10x18
                text run at (0,0) width 18: "\x{3077}\x{304F}"
          RenderText {#text} at (576,432) size 17x16
            text run at (576,432) width 16: "\x{306E}"
          RenderInline {ruby} at (0,0) size 17x16
            RenderInline (generated) at (0,0) size 17x16
              RenderInline {rb} at (0,0) size 17x16
                RenderText {#text} at (576,448) size 17x16
                  text run at (576,448) width 16: "\x{753B}"
            RenderBlock {rt} at (566,448) size 10x16
              RenderText {#text} at (0,3) size 10x10
                text run at (0,3) width 9: "\x{3048}"
          RenderText {#text} at (576,464) size 45x480
            text run at (576,464) width 16: "\x{3068}"
            text run at (604,0) width 32: "\x{3057}\x{3066}"
          RenderInline {ruby} at (0,0) size 17x16
            RenderInline (generated) at (0,0) size 17x16
              RenderInline {rb} at (0,0) size 17x16
                RenderText {#text} at (604,32) size 17x16
                  text run at (604,32) width 16: "\x{89B3}"
            RenderBlock {rt} at (594,32) size 10x16
              RenderText {#text} at (0,3) size 10x10
                text run at (0,3) width 9: "\x{307F}"
          RenderText {#text} at (604,48) size 17x32
            text run at (604,48) width 32: "\x{3001}\x{4E00}"
          RenderInline {ruby} at (0,0) size 17x18
            RenderInline (generated) at (0,0) size 17x18
              RenderInline {rb} at (0,0) size 17x16
                RenderText {#text} at (604,80) size 17x16
                  text run at (604,80) width 16: "\x{5DFB}"
            RenderBlock {rt} at (594,79) size 10x18
              RenderText {#text} at (0,0) size 10x18
                text run at (0,0) width 18: "\x{304B}\x{3093}"
          RenderText {#text} at (604,96) size 17x208
            text run at (604,96) width 208: "\x{306E}\x{8A69}\x{3068}\x{3057}\x{3066}\x{8AAD}\x{3080}\x{304B}\x{3089}\x{3067}\x{3042}\x{308B}\x{3002}"
          RenderInline {ruby} at (0,0) size 17x16
            RenderInline (generated) at (0,0) size 17x16
              RenderInline {rb} at (0,0) size 17x16
                RenderText {#text} at (604,304) size 17x16
                  text run at (604,304) width 16: "\x{753B}"
            RenderBlock {rt} at (594,304) size 10x16
              RenderText {#text} at (0,3) size 10x10
                text run at (0,3) width 9: "\x{304C}"
          RenderText {#text} at (604,320) size 17x160
            text run at (604,320) width 160: "\x{3067}\x{3042}\x{308A}\x{8A69}\x{3067}\x{3042}\x{308B}\x{4EE5}\x{4E0A}\x{306F}"
          RenderInline {ruby} at (0,0) size 17x32
            RenderInline (generated) at (0,0) size 17x32
              RenderInline {rb} at (0,0) size 17x32
                RenderText {#text} at (632,0) size 17x32
                  text run at (632,0) width 32: "\x{5730}\x{9762}"
            RenderBlock {rt} at (622,0) size 10x32
              RenderText {#text} at (0,2) size 10x28
                text run at (0,2) width 27: "\x{3058}\x{3081}\x{3093}"
          RenderText {#text} at (632,32) size 17x368
            text run at (632,32) width 368: "\x{3092}\x{8CB0}\x{3063}\x{3066}\x{3001}\x{958B}\x{62D3}\x{3059}\x{308B}\x{6C17}\x{306B}\x{3082}\x{306A}\x{3089}\x{306D}\x{3070}\x{3001}\x{9244}\x{9053}\x{3092}\x{304B}\x{3051}\x{3066}"
          RenderInline {ruby} at (0,0) size 17x36
            RenderInline (generated) at (0,0) size 17x36
              RenderInline {rb} at (0,0) size 17x32
                RenderText {#text} at (632,400) size 17x32
                  text run at (632,400) width 32: "\x{4E00}\x{5132}"
            RenderBlock {rt} at (622,398) size 10x36
              RenderText {#text} at (0,0) size 10x36
                text run at (0,0) width 36: "\x{3072}\x{3068}\x{3082}\x{3046}"
          RenderText {#text} at (632,432) size 17x48
            text run at (632,432) width 48: "\x{3051}\x{3059}\x{308B}"
          RenderInline {ruby} at (0,0) size 17x45
            RenderInline (generated) at (0,0) size 17x45
              RenderInline {rb} at (0,0) size 18x32
                RenderText {#text} at (660,6) size 17x33
                  text run at (660,6) width 32: "\x{4E86}\x{898B}"
            RenderBlock {rt} at (650,0) size 10x45
              RenderText {#text} at (0,0) size 10x45
                text run at (0,0) width 45: "\x{308A}\x{3087}\x{3046}\x{3051}\x{3093}"
          RenderText {#text} at (660,40) size 17x257
            text run at (660,40) width 256: "\x{3082}\x{8D77}\x{3089}\x{306C}\x{3002}\x{305F}\x{3060}\x{3053}\x{306E}\x{666F}\x{8272}\x{304C}\x{2015}\x{2015}\x{8179}\x{306E}"
          RenderInline {ruby} at (0,0) size 17x17
            RenderInline (generated) at (0,0) size 17x17
              RenderInline {rb} at (0,0) size 17x17
                RenderText {#text} at (660,296) size 17x17
                  text run at (660,296) width 16: "\x{8DB3}"
            RenderBlock {rt} at (650,296) size 10x17
              RenderText {#text} at (0,3) size 10x10
                text run at (0,3) width 9: "\x{305F}"
          RenderText {#text} at (660,312) size 63x480
            text run at (660,312) width 160: "\x{3057}\x{306B}\x{3082}\x{306A}\x{3089}\x{306C}\x{3001}\x{6708}\x{7D66}\x{306E}"
            text run at (678,0) width 480: "\x{88DC}\x{3044}\x{306B}\x{3082}\x{306A}\x{3089}\x{306C}\x{3053}\x{306E}\x{666F}\x{8272}\x{304C}\x{666F}\x{8272}\x{3068}\x{3057}\x{3066}\x{306E}\x{307F}\x{3001}\x{4F59}\x{304C}\x{5FC3}\x{3092}\x{697D}\x{307E}\x{305B}\x{3064}\x{3064}\x{3042}"
            text run at (706,0) width 144: "\x{308B}\x{304B}\x{3089}\x{82E6}\x{52B4}\x{3082}\x{5FC3}\x{914D}\x{3082}"
          RenderInline {ruby} at (0,0) size 17x27
            RenderInline (generated) at (0,0) size 17x28
              RenderInline {rb} at (0,0) size 18x17
                RenderText {#text} at (706,145) size 17x16
                  text run at (706,145) width 16: "\x{4F34}"
            RenderBlock {rt} at (696,139) size 10x28
              RenderText {#text} at (0,0) size 10x27
                text run at (0,0) width 27: "\x{3068}\x{3082}\x{306A}"
          RenderText {#text} at (706,162) size 17x288
            text run at (706,162) width 288: "\x{308F}\x{306C}\x{306E}\x{3060}\x{308D}\x{3046}\x{3002}\x{81EA}\x{7136}\x{306E}\x{529B}\x{306F}\x{3053}\x{3053}\x{306B}\x{304A}\x{3044}\x{3066}"
          RenderInline {ruby} at (0,0) size 17x18
            RenderInline (generated) at (0,0) size 17x18
              RenderInline {rb} at (0,0) size 17x16
                RenderText {#text} at (706,450) size 17x16
                  text run at (706,450) width 16: "\x{5C0A}"
            RenderBlock {rt} at (696,449) size 10x18
              RenderText {#text} at (0,0) size 10x18
                text run at (0,0) width 18: "\x{305F}\x{3063}"
          RenderText {#text} at (734,0) size 17x192
            text run at (734,0) width 192: "\x{3068}\x{3044}\x{3002}\x{543E}\x{4EBA}\x{306E}\x{6027}\x{60C5}\x{3092}\x{77AC}\x{523B}\x{306B}"
          RenderInline {ruby} at (0,0) size 17x32
            RenderInline (generated) at (0,0) size 17x32
              RenderInline {rb} at (0,0) size 17x32
                RenderText {#text} at (734,192) size 17x32
                  text run at (734,192) width 32: "\x{9676}\x{51B6}"
            RenderBlock {rt} at (724,192) size 10x32
              RenderText {#text} at (0,2) size 10x28
                text run at (0,2) width 27: "\x{3068}\x{3046}\x{3084}"
          RenderText {#text} at (734,224) size 17x32
            text run at (734,224) width 32: "\x{3057}\x{3066}"
          RenderInline {ruby} at (0,0) size 17x36
            RenderInline (generated) at (0,0) size 17x36
              RenderInline {rb} at (0,0) size 17x32
                RenderText {#text} at (734,256) size 17x32
                  text run at (734,256) width 32: "\x{9187}\x{4E4E}"
            RenderBlock {rt} at (724,254) size 10x36
              RenderText {#text} at (0,0) size 10x36
                text run at (0,0) width 36: "\x{3058}\x{3085}\x{3093}\x{3053}"
          RenderText {#text} at (734,288) size 35x480
            text run at (734,288) width 192: "\x{3068}\x{3057}\x{3066}\x{9187}\x{306A}\x{308B}\x{8A69}\x{5883}\x{306B}\x{5165}\x{3089}\x{3057}"
            text run at (752,0) width 160: "\x{3080}\x{308B}\x{306E}\x{306F}\x{81EA}\x{7136}\x{3067}\x{3042}\x{308B}\x{3002}"
          RenderBR {br} at (752,160) size 17x0
          RenderText {#text} at (770,0) size 45x480
            text run at (770,0) width 480: "\x{3000}\x{604B}\x{306F}\x{3046}\x{3064}\x{304F}\x{3057}\x{304B}\x{308D}\x{3001}\x{5B5D}\x{3082}\x{3046}\x{3064}\x{304F}\x{3057}\x{304B}\x{308D}\x{3001}\x{5FE0}\x{541B}\x{611B}\x{56FD}\x{3082}\x{7D50}\x{69CB}\x{3060}\x{308D}\x{3046}\x{3002}"
            text run at (798,0) width 128: "\x{3057}\x{304B}\x{3057}\x{81EA}\x{8EAB}\x{304C}\x{305D}\x{306E}"
          RenderInline {ruby} at (0,0) size 17x27
            RenderInline (generated) at (0,0) size 17x28
              RenderInline {rb} at (0,0) size 18x17
                RenderText {#text} at (798,129) size 17x16
                  text run at (798,129) width 16: "\x{5C40}"
            RenderBlock {rt} at (788,123) size 10x28
              RenderText {#text} at (0,0) size 10x27
                text run at (0,0) width 27: "\x{304D}\x{3087}\x{304F}"
          RenderText {#text} at (798,146) size 17x112
            text run at (798,146) width 112: "\x{306B}\x{5F53}\x{308C}\x{3070}\x{5229}\x{5BB3}\x{306E}"
          RenderInline {ruby} at (0,0) size 17x32
            RenderInline (generated) at (0,0) size 17x32
              RenderInline {rb} at (0,0) size 17x32
                RenderText {#text} at (798,258) size 17x32
                  text run at (798,258) width 32: "\x{65CB}\x{98A8}"
            RenderBlock {rt} at (788,258) size 10x32
              RenderText {#text} at (0,2) size 10x28
                text run at (0,2) width 27: "\x{3064}\x{3080}\x{3058}"
          RenderText {#text} at (798,290) size 17x16
            text run at (798,290) width 16: "\x{306B}"
          RenderInline {ruby} at (0,0) size 17x16
            RenderInline (generated) at (0,0) size 17x16
              RenderInline {rb} at (0,0) size 17x16
                RenderText {#text} at (798,306) size 17x16
                  text run at (798,306) width 16: "\x{6372}"
            RenderBlock {rt} at (788,306) size 10x16
              RenderText {#text} at (0,3) size 10x10
                text run at (0,3) width 9: "\x{307E}"
          RenderText {#text} at (798,322) size 45x482
            text run at (798,322) width 160: "\x{304D}\x{8FBC}\x{307E}\x{308C}\x{3066}\x{3001}\x{3046}\x{3064}\x{304F}\x{3057}"
            text run at (826,0) width 224: "\x{304D}\x{4E8B}\x{306B}\x{3082}\x{3001}\x{7D50}\x{69CB}\x{306A}\x{4E8B}\x{306B}\x{3082}\x{3001}\x{76EE}\x{306F}"
          RenderInline {ruby} at (0,0) size 17x18
            RenderInline (generated) at (0,0) size 17x18
              RenderInline {rb} at (0,0) size 17x16
                RenderText {#text} at (826,224) size 17x16
                  text run at (826,224) width 16: "\x{7729}"
            RenderBlock {rt} at (816,223) size 10x18
              RenderText {#text} at (0,0) size 10x18
                text run at (0,0) width 18: "\x{304F}\x{3089}"
          RenderText {#text} at (826,240) size 45x480
            text run at (826,240) width 240: "\x{3093}\x{3067}\x{3057}\x{307E}\x{3046}\x{3002}\x{3057}\x{305F}\x{304C}\x{3063}\x{3066}\x{3069}\x{3053}\x{306B}\x{8A69}"
            text run at (854,0) width 128: "\x{304C}\x{3042}\x{308B}\x{304B}\x{81EA}\x{8EAB}\x{306B}\x{306F}"
          RenderInline {ruby} at (0,0) size 17x16
            RenderInline (generated) at (0,0) size 17x16
              RenderInline {rb} at (0,0) size 17x16
                RenderText {#text} at (854,128) size 17x16
                  text run at (854,128) width 16: "\x{89E3}"
            RenderBlock {rt} at (844,128) size 10x16
              RenderText {#text} at (0,3) size 10x10
                text run at (0,3) width 9: "\x{3052}"
          RenderText {#text} at (854,144) size 17x80
            text run at (854,144) width 80: "\x{3057}\x{304B}\x{306D}\x{308B}\x{3002}"
          RenderBR {br} at (854,224) size 17x0
          RenderText {#text} at (872,0) size 45x480
            text run at (872,0) width 480: "\x{3000}\x{3053}\x{308C}\x{304C}\x{308F}\x{304B}\x{308B}\x{305F}\x{3081}\x{306B}\x{306F}\x{3001}\x{308F}\x{304B}\x{308B}\x{3060}\x{3051}\x{306E}\x{4F59}\x{88D5}\x{306E}\x{3042}\x{308B}\x{7B2C}\x{4E09}\x{8005}\x{306E}\x{5730}\x{4F4D}\x{306B}"
            text run at (900,0) width 352: "\x{7ACB}\x{305F}\x{306D}\x{3070}\x{306A}\x{3089}\x{306C}\x{3002}\x{4E09}\x{8005}\x{306E}\x{5730}\x{4F4D}\x{306B}\x{7ACB}\x{3066}\x{3070}\x{3053}\x{305D}\x{829D}\x{5C45}\x{306F}"
          RenderInline {ruby} at (0,0) size 17x16
            RenderInline (generated) at (0,0) size 17x16
              RenderInline {rb} at (0,0) size 17x16
                RenderText {#text} at (900,352) size 17x16
                  text run at (900,352) width 16: "\x{89B3}"
            RenderBlock {rt} at (890,352) size 10x16
              RenderText {#text} at (0,3) size 10x10
                text run at (0,3) width 9: "\x{307F}"
          RenderText {#text} at (900,368) size 63x480
            text run at (900,368) width 112: "\x{3066}\x{9762}\x{767D}\x{3044}\x{3002}\x{5C0F}\x{8AAC}"
            text run at (918,0) width 480: "\x{3082}\x{898B}\x{3066}\x{9762}\x{767D}\x{3044}\x{3002}\x{829D}\x{5C45}\x{3092}\x{898B}\x{3066}\x{9762}\x{767D}\x{3044}\x{4EBA}\x{3082}\x{3001}\x{5C0F}\x{8AAC}\x{3092}\x{8AAD}\x{3093}\x{3067}\x{9762}\x{767D}\x{3044}\x{4EBA}\x{3082}\x{3001}"
            text run at (946,0) width 96: "\x{81EA}\x{5DF1}\x{306E}\x{5229}\x{5BB3}\x{306F}"
          RenderInline {ruby} at (0,0) size 17x18
            RenderInline (generated) at (0,0) size 17x18
              RenderInline {rb} at (0,0) size 17x16
                RenderText {#text} at (946,96) size 17x16
                  text run at (946,96) width 16: "\x{68DA}"
            RenderBlock {rt} at (936,95) size 10x18
              RenderText {#text} at (0,0) size 10x18
                text run at (0,0) width 18: "\x{305F}\x{306A}"
          RenderText {#text} at (946,112) size 35x480
            text run at (946,112) width 368: "\x{3078}\x{4E0A}\x{3052}\x{3066}\x{3044}\x{308B}\x{3002}\x{898B}\x{305F}\x{308A}\x{8AAD}\x{3093}\x{3060}\x{308A}\x{3059}\x{308B}\x{9593}\x{3060}\x{3051}\x{306F}\x{8A69}\x{4EBA}\x{3067}"
            text run at (964,0) width 48: "\x{3042}\x{308B}\x{3002}"
          RenderBR {br} at (964,48) size 17x0
          RenderText {#text} at (992,0) size 17x304
            text run at (992,0) width 304: "\x{3000}\x{305D}\x{308C}\x{3059}\x{3089}\x{3001}\x{666E}\x{901A}\x{306E}\x{829D}\x{5C45}\x{3084}\x{5C0F}\x{8AAC}\x{3067}\x{306F}\x{4EBA}\x{60C5}\x{3092}"
          RenderInline {ruby} at (0,0) size 17x18
            RenderInline (generated) at (0,0) size 17x18
              RenderInline {rb} at (0,0) size 17x16
                RenderText {#text} at (992,304) size 17x16
                  text run at (992,304) width 16: "\x{514D}"
            RenderBlock {rt} at (982,303) size 10x18
              RenderText {#text} at (0,0) size 10x18
                text run at (0,0) width 18: "\x{307E}\x{306C}"
          RenderText {#text} at (992,320) size 63x480
            text run at (992,320) width 160: "\x{304B}\x{308C}\x{306C}\x{3002}\x{82E6}\x{3057}\x{3093}\x{3060}\x{308A}\x{3001}"
            text run at (1010,0) width 480: "\x{6012}\x{3063}\x{305F}\x{308A}\x{3001}\x{9A12}\x{3044}\x{3060}\x{308A}\x{3001}\x{6CE3}\x{3044}\x{305F}\x{308A}\x{3059}\x{308B}\x{3002}\x{898B}\x{308B}\x{3082}\x{306E}\x{3082}\x{3044}\x{3064}\x{304B}\x{305D}\x{306E}\x{4E2D}\x{306B}\x{540C}"
            text run at (1038,0) width 416: "\x{5316}\x{3057}\x{3066}\x{82E6}\x{3057}\x{3093}\x{3060}\x{308A}\x{3001}\x{6012}\x{3063}\x{305F}\x{308A}\x{3001}\x{9A12}\x{3044}\x{3060}\x{308A}\x{3001}\x{6CE3}\x{3044}\x{305F}\x{308A}\x{3059}\x{308B}\x{3002}"
          RenderInline {ruby} at (0,0) size 17x32
            RenderInline (generated) at (0,0) size 17x32
              RenderInline {rb} at (0,0) size 17x32
                RenderText {#text} at (1038,416) size 17x32
                  text run at (1038,416) width 32: "\x{53D6}\x{67C4}"
            RenderBlock {rt} at (1028,416) size 10x32
              RenderText {#text} at (0,2) size 10x28
                text run at (0,2) width 27: "\x{3068}\x{308A}\x{3048}"
          RenderText {#text} at (1038,448) size 45x480
            text run at (1038,448) width 32: "\x{306F}\x{5229}"
            text run at (1066,0) width 32: "\x{617E}\x{304C}"
          RenderInline {ruby} at (0,0) size 17x18
            RenderInline (generated) at (0,0) size 17x18
              RenderInline {rb} at (0,0) size 17x16
                RenderText {#text} at (1066,32) size 17x16
                  text run at (1066,32) width 16: "\x{4EA4}"
            RenderBlock {rt} at (1056,31) size 10x18
              RenderText {#text} at (0,0) size 10x18
                text run at (0,0) width 18: "\x{307E}\x{3058}"
          RenderText {#text} at (1066,48) size 17x112
            text run at (1066,48) width 112: "\x{3089}\x{306C}\x{3068}\x{4E91}\x{3046}\x{70B9}\x{306B}"
          RenderInline {ruby} at (0,0) size 17x18
            RenderInline (generated) at (0,0) size 17x18
              RenderInline {rb} at (0,0) size 17x16
                RenderText {#text} at (1066,160) size 17x16
                  text run at (1066,160) width 16: "\x{5B58}"
            RenderBlock {rt} at (1056,159) size 10x18
              RenderText {#text} at (0,0) size 10x18
                text run at (0,0) width 18: "\x{305D}\x{3093}"
          RenderText {#text} at (1066,176) size 17x304
            text run at (1066,176) width 304: "\x{3059}\x{308B}\x{304B}\x{3082}\x{77E5}\x{308C}\x{306C}\x{304C}\x{3001}\x{4EA4}\x{3089}\x{306C}\x{3060}\x{3051}\x{306B}\x{305D}\x{306E}\x{4ED6}\x{306E}"
          RenderInline {ruby} at (0,0) size 17x45
            RenderInline (generated) at (0,0) size 17x45
              RenderInline {rb} at (0,0) size 18x32
                RenderText {#text} at (1094,6) size 17x33
                  text run at (1094,6) width 32: "\x{60C5}\x{7DD2}"
            RenderBlock {rt} at (1084,0) size 10x45
              RenderText {#text} at (0,0) size 10x45
                text run at (0,0) width 45: "\x{3058}\x{3087}\x{3046}\x{3057}\x{3087}"
          RenderText {#text} at (1094,40) size 17x305
            text run at (1094,40) width 304: "\x{306F}\x{5E38}\x{3088}\x{308A}\x{306F}\x{4F59}\x{8A08}\x{306B}\x{6D3B}\x{52D5}\x{3059}\x{308B}\x{3060}\x{308D}\x{3046}\x{3002}\x{305D}\x{308C}\x{304C}"
          RenderInline {ruby} at (0,0) size 17x19
            RenderInline (generated) at (0,0) size 17x19
              RenderInline {rb} at (0,0) size 17x17
                RenderText {#text} at (1094,344) size 17x17
                  text run at (1094,344) width 16: "\x{5ACC}"
            RenderBlock {rt} at (1084,343) size 10x19
              RenderText {#text} at (0,0) size 10x18
                text run at (0,0) width 18: "\x{3044}\x{3084}"
          RenderText {#text} at (1094,360) size 17x33
            text run at (1094,360) width 32: "\x{3060}\x{3002}"
          RenderBR {br} at (1094,392) size 17x1
          RenderText {#text} at (1112,0) size 45x480
            text run at (1112,0) width 480: "\x{3000}\x{82E6}\x{3057}\x{3093}\x{3060}\x{308A}\x{3001}\x{6012}\x{3063}\x{305F}\x{308A}\x{3001}\x{9A12}\x{3044}\x{3060}\x{308A}\x{3001}\x{6CE3}\x{3044}\x{305F}\x{308A}\x{306F}\x{4EBA}\x{306E}\x{4E16}\x{306B}\x{3064}\x{304D}\x{3082}\x{306E}"
            text run at (1140,0) width 192: "\x{3060}\x{3002}\x{4F59}\x{3082}\x{4E09}\x{5341}\x{5E74}\x{306E}\x{9593}\x{305D}\x{308C}\x{3092}"
          RenderInline {ruby} at (0,0) size 17x32
            RenderInline (generated) at (0,0) size 17x32
              RenderInline {rb} at (0,0) size 17x32
                RenderText {#text} at (1140,192) size 17x32
                  text run at (1140,192) width 32: "\x{4ED5}\x{901A}"
            RenderBlock {rt} at (1130,192) size 10x32
              RenderText {#text} at (0,2) size 10x28
                text run at (0,2) width 27: "\x{3057}\x{3068}\x{304A}"
          RenderText {#text} at (1140,224) size 17x48
            text run at (1140,224) width 48: "\x{3057}\x{3066}\x{3001}"
          RenderInline {ruby} at (0,0) size 17x36
            RenderInline (generated) at (0,0) size 17x36
              RenderInline {rb} at (0,0) size 17x32
                RenderText {#text} at (1140,272) size 17x32
                  text run at (1140,272) width 32: "\x{98FD}\x{3005}"
            RenderBlock {rt} at (1130,270) size 10x36
              RenderText {#text} at (0,0) size 10x36
                text run at (0,0) width 36: "\x{3042}\x{304D}\x{3042}\x{304D}"
          RenderText {#text} at (1140,304) size 17x48
            text run at (1140,304) width 48: "\x{3057}\x{305F}\x{3002}"
          RenderInline {ruby} at (0,0) size 17x16
            RenderInline (generated) at (0,0) size 17x16
              RenderInline {rb} at (0,0) size 17x16
                RenderText {#text} at (1140,352) size 17x16
                  text run at (1140,352) width 16: "\x{98FD}"
            RenderBlock {rt} at (1130,352) size 10x16
              RenderText {#text} at (0,3) size 10x10
                text run at (0,3) width 9: "\x{3042}"
          RenderText {#text} at (1140,368) size 63x480
            text run at (1140,368) width 112: "\x{304D}\x{98FD}\x{304D}\x{3057}\x{305F}\x{4E0A}\x{306B}"
            text run at (1158,0) width 480: "\x{829D}\x{5C45}\x{3084}\x{5C0F}\x{8AAC}\x{3067}\x{540C}\x{3058}\x{523A}\x{6FC0}\x{3092}\x{7E70}\x{308A}\x{8FD4}\x{3057}\x{3066}\x{306F}\x{5927}\x{5909}\x{3060}\x{3002}\x{4F59}\x{304C}\x{6B32}\x{3059}\x{308B}\x{8A69}\x{306F}\x{305D}\x{3093}"
            text run at (1186,0) width 128: "\x{306A}\x{4E16}\x{9593}\x{7684}\x{306E}\x{4EBA}\x{60C5}\x{3092}"
          RenderInline {ruby} at (0,0) size 17x32
            RenderInline (generated) at (0,0) size 17x32
              RenderInline {rb} at (0,0) size 17x32
                RenderText {#text} at (1186,128) size 17x32
                  text run at (1186,128) width 32: "\x{9F13}\x{821E}"
            RenderBlock {rt} at (1176,128) size 10x32
              RenderText {#text} at (0,7) size 10x18
                text run at (0,7) width 18: "\x{3053}\x{3076}"
          RenderText {#text} at (1186,160) size 45x480
            text run at (1186,160) width 320: "\x{3059}\x{308B}\x{3088}\x{3046}\x{306A}\x{3082}\x{306E}\x{3067}\x{306F}\x{306A}\x{3044}\x{3002}\x{4FD7}\x{5FF5}\x{3092}\x{653E}\x{68C4}\x{3057}\x{3066}\x{3001}"
            text run at (1214,0) width 96: "\x{3057}\x{3070}\x{3089}\x{304F}\x{3067}\x{3082}"
          RenderInline {ruby} at (0,0) size 17x36
            RenderInline (generated) at (0,0) size 17x36
              RenderInline {rb} at (0,0) size 17x32
                RenderText {#text} at (1214,96) size 17x32
                  text run at (1214,96) width 32: "\x{5875}\x{754C}"
            RenderBlock {rt} at (1204,94) size 10x36
              RenderText {#text} at (0,0) size 10x36
                text run at (0,0) width 36: "\x{3058}\x{3093}\x{304B}\x{3044}"
          RenderText {#text} at (1214,128) size 81x480
            text run at (1214,128) width 352: "\x{3092}\x{96E2}\x{308C}\x{305F}\x{5FC3}\x{6301}\x{3061}\x{306B}\x{306A}\x{308C}\x{308B}\x{8A69}\x{3067}\x{3042}\x{308B}\x{3002}\x{3044}\x{304F}\x{3089}\x{5091}\x{4F5C}\x{3067}"
            text run at (1232,0) width 480: "\x{3082}\x{4EBA}\x{60C5}\x{3092}\x{96E2}\x{308C}\x{305F}\x{829D}\x{5C45}\x{306F}\x{306A}\x{3044}\x{3001}\x{7406}\x{975E}\x{3092}\x{7D76}\x{3057}\x{305F}\x{5C0F}\x{8AAC}\x{306F}\x{5C11}\x{304B}\x{308D}\x{3046}\x{3002}\x{3069}\x{3053}\x{307E}"
            text run at (1250,0) width 480: "\x{3067}\x{3082}\x{4E16}\x{9593}\x{3092}\x{51FA}\x{308B}\x{4E8B}\x{304C}\x{51FA}\x{6765}\x{306C}\x{306E}\x{304C}\x{5F7C}\x{3089}\x{306E}\x{7279}\x{8272}\x{3067}\x{3042}\x{308B}\x{3002}\x{3053}\x{3068}\x{306B}\x{897F}\x{6D0B}\x{306E}\x{8A69}"
            text run at (1278,0) width 304: "\x{306B}\x{306A}\x{308B}\x{3068}\x{3001}\x{4EBA}\x{4E8B}\x{304C}\x{6839}\x{672C}\x{306B}\x{306A}\x{308B}\x{304B}\x{3089}\x{3044}\x{308F}\x{3086}\x{308B}"
          RenderInline {ruby} at (0,0) size 17x32
            RenderInline (generated) at (0,0) size 17x32
              RenderInline {rb} at (0,0) size 17x32
                RenderText {#text} at (1278,304) size 17x32
                  text run at (1278,304) width 32: "\x{8A69}\x{6B4C}"
            RenderBlock {rt} at (1268,304) size 10x32
              RenderText {#text} at (0,2) size 10x28
                text run at (0,2) width 27: "\x{3057}\x{3044}\x{304B}"
          RenderText {#text} at (1278,336) size 45x480
            text run at (1278,336) width 144: "\x{306E}\x{7D14}\x{7C8B}\x{306A}\x{308B}\x{3082}\x{306E}\x{3082}\x{3053}"
            text run at (1306,0) width 16: "\x{306E}"
          RenderInline {ruby} at (0,0) size 17x27
            RenderInline (generated) at (0,0) size 17x28
              RenderInline {rb} at (0,0) size 18x17
                RenderText {#text} at (1306,17) size 17x16
                  text run at (1306,17) width 16: "\x{5883}"
            RenderBlock {rt} at (1296,11) size 10x28
              RenderText {#text} at (0,0) size 10x27
                text run at (0,0) width 27: "\x{304D}\x{3087}\x{3046}"
          RenderText {#text} at (1306,34) size 17x16
            text run at (1306,34) width 16: "\x{3092}"
          RenderInline {ruby} at (0,0) size 17x32
            RenderInline (generated) at (0,0) size 17x32
              RenderInline {rb} at (0,0) size 17x32
                RenderText {#text} at (1306,50) size 17x32
                  text run at (1306,50) width 32: "\x{89E3}\x{8131}"
            RenderBlock {rt} at (1296,50) size 10x32
              RenderText {#text} at (0,2) size 10x28
                text run at (0,2) width 27: "\x{3052}\x{3060}\x{3064}"
          RenderText {#text} at (1306,82) size 45x482
            text run at (1306,82) width 400: "\x{3059}\x{308B}\x{4E8B}\x{3092}\x{77E5}\x{3089}\x{306C}\x{3002}\x{3069}\x{3053}\x{307E}\x{3067}\x{3082}\x{540C}\x{60C5}\x{3060}\x{3068}\x{304B}\x{3001}\x{611B}\x{3060}\x{3068}\x{304B}\x{3001}\x{6B63}"
            text run at (1334,0) width 176: "\x{7FA9}\x{3060}\x{3068}\x{304B}\x{3001}\x{81EA}\x{7531}\x{3060}\x{3068}\x{304B}\x{3001}"
          RenderInline {ruby} at (0,0) size 17x32
            RenderInline (generated) at (0,0) size 17x32
              RenderInline {rb} at (0,0) size 17x32
                RenderText {#text} at (1334,176) size 17x32
                  text run at (1334,176) width 32: "\x{6D6E}\x{4E16}"
            RenderBlock {rt} at (1324,176) size 10x32
              RenderText {#text} at (0,2) size 10x28
                text run at (0,2) width 27: "\x{3046}\x{304D}\x{3088}"
          RenderText {#text} at (1334,208) size 17x16
            text run at (1334,208) width 16: "\x{306E}"
          RenderInline {ruby} at (0,0) size 17x48
            RenderInline (generated) at (0,0) size 17x48
              RenderInline {rb} at (0,0) size 17x48
                RenderText {#text} at (1334,224) size 17x48
                  text run at (1334,224) width 48: "\x{52E7}\x{5DE5}\x{5834}"
            RenderBlock {rt} at (1324,224) size 10x48
              RenderText {#text} at (0,1) size 10x46
                text run at (0,1) width 45: "\x{304B}\x{3093}\x{3053}\x{3046}\x{3070}"
          RenderText {#text} at (1334,272) size 17x160
            text run at (1334,272) width 160: "\x{306B}\x{3042}\x{308B}\x{3082}\x{306E}\x{3060}\x{3051}\x{3067}\x{7528}\x{3092}"
          RenderInline {ruby} at (0,0) size 17x18
            RenderInline (generated) at (0,0) size 17x18
              RenderInline {rb} at (0,0) size 17x16
                RenderText {#text} at (1334,432) size 17x16
                  text run at (1334,432) width 16: "\x{5F01}"
            RenderBlock {rt} at (1324,431) size 10x18
              RenderText {#text} at (0,0) size 10x18
                text run at (0,0) width 18: "\x{3079}\x{3093}"
          RenderText {#text} at (1334,448) size 45x480
            text run at (1334,448) width 32: "\x{3058}\x{3066}"
            text run at (1362,0) width 288: "\x{3044}\x{308B}\x{3002}\x{3044}\x{304F}\x{3089}\x{8A69}\x{7684}\x{306B}\x{306A}\x{3063}\x{3066}\x{3082}\x{5730}\x{9762}\x{306E}\x{4E0A}\x{3092}"
          RenderInline {ruby} at (0,0) size 17x16
            RenderInline (generated) at (0,0) size 17x16
              RenderInline {rb} at (0,0) size 17x16
                RenderText {#text} at (1362,288) size 17x16
                  text run at (1362,288) width 16: "\x{99B3}"
            RenderBlock {rt} at (1352,288) size 10x16
              RenderText {#text} at (0,3) size 10x10
                text run at (0,3) width 9: "\x{304B}"
          RenderText {#text} at (1362,304) size 17x112
            text run at (1362,304) width 112: "\x{3051}\x{3066}\x{3042}\x{308B}\x{3044}\x{3066}\x{3001}"
          RenderInline {ruby} at (0,0) size 17x18
            RenderInline (generated) at (0,0) size 17x18
              RenderInline {rb} at (0,0) size 17x16
                RenderText {#text} at (1362,416) size 17x16
                  text run at (1362,416) width 16: "\x{92AD}"
            RenderBlock {rt} at (1352,415) size 10x18
              RenderText {#text} at (0,0) size 10x18
                text run at (0,0) width 18: "\x{305C}\x{306B}"
          RenderText {#text} at (1362,432) size 45x480
            text run at (1362,432) width 48: "\x{306E}\x{52D8}\x{5B9A}"
            text run at (1390,0) width 240: "\x{3092}\x{5FD8}\x{308C}\x{308B}\x{3072}\x{307E}\x{304C}\x{306A}\x{3044}\x{3002}\x{30B7}\x{30A7}\x{30EC}\x{30FC}\x{304C}"
          RenderInline {ruby} at (0,0) size 17x32
            RenderInline (generated) at (0,0) size 17x32
              RenderInline {rb} at (0,0) size 17x32
                RenderText {#text} at (1390,240) size 17x32
                  text run at (1390,240) width 32: "\x{96F2}\x{96C0}"
            RenderBlock {rt} at (1380,240) size 10x32
              RenderText {#text} at (0,2) size 10x28
                text run at (0,2) width 27: "\x{3072}\x{3070}\x{308A}"
          RenderText {#text} at (1390,272) size 35x480
            text run at (1390,272) width 208: "\x{3092}\x{805E}\x{3044}\x{3066}\x{5606}\x{606F}\x{3057}\x{305F}\x{306E}\x{3082}\x{7121}\x{7406}\x{306F}"
            text run at (1408,0) width 48: "\x{306A}\x{3044}\x{3002}"
          RenderBR {br} at (1408,48) size 17x0
          RenderText {#text} at (1436,0) size 17x160
            text run at (1436,0) width 160: "\x{3000}\x{3046}\x{308C}\x{3057}\x{3044}\x{4E8B}\x{306B}\x{6771}\x{6D0B}\x{306E}"
          RenderInline {ruby} at (0,0) size 17x32
            RenderInline (generated) at (0,0) size 17x32
              RenderInline {rb} at (0,0) size 17x32
                RenderText {#text} at (1436,160) size 17x32
                  text run at (1436,160) width 32: "\x{8A69}\x{6B4C}"
            RenderBlock {rt} at (1426,160) size 10x32
              RenderText {#text} at (0,2) size 10x28
                text run at (0,2) width 27: "\x{3057}\x{3044}\x{304B}"
          RenderText {#text} at (1436,192) size 17x64
            text run at (1436,192) width 64: "\x{306F}\x{305D}\x{3053}\x{3092}"
          RenderInline {ruby} at (0,0) size 17x32
            RenderInline (generated) at (0,0) size 17x32
              RenderInline {rb} at (0,0) size 17x32
                RenderText {#text} at (1436,256) size 17x32
                  text run at (1436,256) width 32: "\x{89E3}\x{8131}"
            RenderBlock {rt} at (1426,256) size 10x32
              RenderText {#text} at (0,2) size 10x28
                text run at (0,2) width 27: "\x{3052}\x{3060}\x{3064}"
          RenderText {#text} at (1436,288) size 17x112
            text run at (1436,288) width 112: "\x{3057}\x{305F}\x{306E}\x{304C}\x{3042}\x{308B}\x{3002}"
          RenderInline {ruby} at (0,0) size 17x45
            RenderInline (generated) at (0,0) size 17x46
              RenderInline {rb} at (0,0) size 18x33
                RenderText {#text} at (1436,402) size 17x32
                  text run at (1436,402) width 32: "\x{63A1}\x{83CA}"
            RenderBlock {rt} at (1426,395) size 10x46
              RenderText {#text} at (0,0) size 10x45
                text run at (0,0) width 45: "\x{304D}\x{304F}\x{3092}\x{3068}\x{308B}"
          RenderInline {ruby} at (0,0) size 17x54
            RenderInline (generated) at (0,0) size 17x54
              RenderInline {rb} at (0,0) size 17x48
                RenderText {#text} at (1464,3) size 17x48
                  text run at (1464,3) width 48: "\x{6771}\x{7C6C}\x{4E0B}"
            RenderBlock {rt} at (1454,0) size 10x54
              RenderText {#text} at (0,0) size 10x54
                text run at (0,0) width 54: "\x{3068}\x{3046}\x{308A}\x{306E}\x{3082}\x{3068}"
          RenderText {#text} at (1464,51) size 17x16
            text run at (1464,51) width 16: "\x{3001}"
          RenderInline {ruby} at (0,0) size 17x63
            RenderInline (generated) at (0,0) size 17x64
              RenderInline {rb} at (0,0) size 18x33
                RenderText {#text} at (1464,78) size 17x32
                  text run at (1464,78) width 32: "\x{60A0}\x{7136}"
            RenderBlock {rt} at (1454,62) size 10x64
              RenderText {#text} at (0,0) size 10x63
                text run at (0,0) width 63: "\x{3086}\x{3046}\x{305C}\x{3093}\x{3068}\x{3057}\x{3066}"
          RenderInline {ruby} at (0,0) size 17x64
            RenderInline (generated) at (0,0) size 17x64
              RenderInline {rb} at (0,0) size 18x49
                RenderText {#text} at (1464,133) size 17x48
                  text run at (1464,133) width 48: "\x{898B}\x{5357}\x{5C71}"
            RenderBlock {rt} at (1454,125) size 10x64
              RenderText {#text} at (0,0) size 10x63
                text run at (0,0) width 63: "\x{306A}\x{3093}\x{3056}\x{3093}\x{3092}\x{307F}\x{308B}"
          RenderText {#text} at (1464,184) size 17x128
            text run at (1464,184) width 128: "\x{3002}\x{305F}\x{3060}\x{305D}\x{308C}\x{304E}\x{308A}\x{306E}"
          RenderInline {ruby} at (0,0) size 17x18
            RenderInline (generated) at (0,0) size 17x18
              RenderInline {rb} at (0,0) size 17x16
                RenderText {#text} at (1464,312) size 17x16
                  text run at (1464,312) width 16: "\x{88CF}"
            RenderBlock {rt} at (1454,311) size 10x18
              RenderText {#text} at (0,0) size 10x18
                text run at (0,0) width 18: "\x{3046}\x{3061}"
          RenderText {#text} at (1464,328) size 45x472
            text run at (1464,328) width 144: "\x{306B}\x{6691}\x{82E6}\x{3057}\x{3044}\x{4E16}\x{306E}\x{4E2D}\x{3092}"
            text run at (1492,0) width 384: "\x{307E}\x{308B}\x{3067}\x{5FD8}\x{308C}\x{305F}\x{5149}\x{666F}\x{304C}\x{51FA}\x{3066}\x{304F}\x{308B}\x{3002}\x{57A3}\x{306E}\x{5411}\x{3046}\x{306B}\x{96A3}\x{308A}\x{306E}\x{5A18}\x{304C}"
          RenderInline {ruby} at (0,0) size 17x18
            RenderInline (generated) at (0,0) size 17x18
              RenderInline {rb} at (0,0) size 17x16
                RenderText {#text} at (1492,384) size 17x16
                  text run at (1492,384) width 16: "\x{8997}"
            RenderBlock {rt} at (1482,383) size 10x18
              RenderText {#text} at (0,0) size 10x18
                text run at (0,0) width 18: "\x{306E}\x{305E}"
          RenderText {#text} at (1492,400) size 45x480
            text run at (1492,400) width 80: "\x{3044}\x{3066}\x{308B}\x{8A33}\x{3067}"
            text run at (1520,0) width 96: "\x{3082}\x{306A}\x{3051}\x{308C}\x{3070}\x{3001}"
          RenderInline {ruby} at (0,0) size 17x36
            RenderInline (generated) at (0,0) size 17x36
              RenderInline {rb} at (0,0) size 17x32
                RenderText {#text} at (1520,96) size 17x32
                  text run at (1520,96) width 32: "\x{5357}\x{5C71}"
            RenderBlock {rt} at (1510,94) size 10x36
              RenderText {#text} at (0,0) size 10x36
                text run at (0,0) width 36: "\x{306A}\x{3093}\x{3056}\x{3093}"
          RenderText {#text} at (1520,128) size 17x320
            text run at (1520,128) width 320: "\x{306B}\x{89AA}\x{53CB}\x{304C}\x{5949}\x{8077}\x{3057}\x{3066}\x{3044}\x{308B}\x{6B21}\x{7B2C}\x{3067}\x{3082}\x{306A}\x{3044}\x{3002}\x{8D85}\x{7136}\x{3068}"
          RenderInline {ruby} at (0,0) size 17x72
            RenderInline (generated) at (0,0) size 17x72
              RenderInline {rb} at (0,0) size 17x64
                RenderText {#text} at (1548,4) size 17x64
                  text run at (1548,4) width 64: "\x{51FA}\x{4E16}\x{9593}\x{7684}"
            RenderBlock {rt} at (1538,0) size 10x72
              RenderText {#text} at (0,0) size 10x72
                text run at (0,0) width 72: "\x{3057}\x{3085}\x{3063}\x{305B}\x{3051}\x{3093}\x{3066}\x{304D}"
          RenderText {#text} at (1548,68) size 17x336
            text run at (1548,68) width 336: "\x{306B}\x{5229}\x{5BB3}\x{640D}\x{5F97}\x{306E}\x{6C57}\x{3092}\x{6D41}\x{3057}\x{53BB}\x{3063}\x{305F}\x{5FC3}\x{6301}\x{3061}\x{306B}\x{306A}\x{308C}\x{308B}\x{3002}"
          RenderInline {ruby} at (0,0) size 17x27
            RenderInline (generated) at (0,0) size 17x28
              RenderInline {rb} at (0,0) size 18x17
                RenderText {#text} at (1548,405) size 17x16
                  text run at (1548,405) width 16: "\x{72EC}"
            RenderBlock {rt} at (1538,399) size 10x28
              RenderText {#text} at (0,0) size 10x27
                text run at (0,0) width 27: "\x{3072}\x{3068}\x{308A}"
          RenderInline {ruby} at (0,0) size 17x90
            RenderInline (generated) at (0,0) size 17x90
              RenderInline {rb} at (0,0) size 17x64
                RenderText {#text} at (1576,13) size 17x64
                  text run at (1576,13) width 64: "\x{5750}\x{5E7D}\x{7BC1}\x{88CF}"
            RenderBlock {rt} at (1566,0) size 10x90
              RenderText {#text} at (0,0) size 10x90
                text run at (0,0) width 90: "\x{3086}\x{3046}\x{3053}\x{3046}\x{306E}\x{3046}\x{3061}\x{306B}\x{3056}\x{3057}"
          RenderText {#text} at (1576,85) size 17x17
            text run at (1576,85) width 16: "\x{3001}"
          RenderInline {ruby} at (0,0) size 17x64
            RenderInline (generated) at (0,0) size 17x63
              RenderInline {rb} at (0,0) size 18x32
                RenderText {#text} at (1576,112) size 17x33
                  text run at (1576,112) width 32: "\x{5F3E}\x{7434}"
            RenderBlock {rt} at (1566,97) size 10x63
              RenderText {#text} at (0,0) size 10x63
                text run at (0,0) width 63: "\x{304D}\x{3093}\x{3092}\x{3060}\x{3093}\x{3058}\x{3066}"
          RenderInline {ruby} at (0,0) size 17x81
            RenderInline (generated) at (0,0) size 17x81
              RenderInline {rb} at (0,0) size 18x48
                RenderText {#text} at (1576,176) size 17x49
                  text run at (1576,176) width 48: "\x{5FA9}\x{9577}\x{562F}"
            RenderBlock {rt} at (1566,160) size 10x81
              RenderText {#text} at (0,0) size 10x81
                text run at (0,0) width 81: "\x{307E}\x{305F}\x{3061}\x{3087}\x{3046}\x{3057}\x{3087}\x{3046}\x{3059}"
          RenderText {#text} at (1576,236) size 17x17
            text run at (1576,236) width 16: "\x{3001}"
          RenderInline {ruby} at (0,0) size 17x37
            RenderInline (generated) at (0,0) size 17x37
              RenderInline {rb} at (0,0) size 17x33
                RenderText {#text} at (1576,252) size 17x33
                  text run at (1576,252) width 32: "\x{6DF1}\x{6797}"
            RenderBlock {rt} at (1566,250) size 10x37
              RenderText {#text} at (0,0) size 10x36
                text run at (0,0) width 36: "\x{3057}\x{3093}\x{308A}\x{3093}"
          RenderInline {ruby} at (0,0) size 17x49
            RenderInline (generated) at (0,0) size 17x49
              RenderInline {rb} at (0,0) size 17x49
                RenderText {#text} at (1576,286) size 17x49
                  text run at (1576,286) width 48: "\x{4EBA}\x{4E0D}\x{77E5}"
            RenderBlock {rt} at (1566,286) size 10x49
              RenderText {#text} at (0,1) size 10x46
                text run at (0,1) width 45: "\x{3072}\x{3068}\x{3057}\x{3089}\x{305A}"
          RenderText {#text} at (1576,334) size 17x17
            text run at (1576,334) width 16: "\x{3001}"
          RenderInline {ruby} at (0,0) size 17x73
            RenderInline (generated) at (0,0) size 17x72
              RenderInline {rb} at (0,0) size 17x48
                RenderText {#text} at (1576,358) size 17x48
                  text run at (1576,358) width 48: "\x{660E}\x{6708}\x{6765}"
            RenderBlock {rt} at (1566,346) size 10x72
              RenderText {#text} at (0,0) size 10x72
                text run at (0,0) width 72: "\x{3081}\x{3044}\x{3052}\x{3064}\x{304D}\x{305F}\x{308A}\x{3066}"
          RenderInline {ruby} at (0,0) size 72x345
            RenderInline (generated) at (0,0) size 72x345
              RenderInline {rb} at (0,0) size 95x300
                RenderText {#text} at (1576,440) size 80x412
                  text run at (1576,440) width -29: "\x{76F8}"
                  text run at (1639,0) width 16: "\x{7167}"
            RenderBlock {rt} at (1566,418) size 10x45
              RenderText {#text} at (0,0) size 10x45
                text run at (0,0) width 45: "\x{3042}\x{3044}\x{3066}\x{3089}\x{3059}"
          RenderText {#text} at (1639,16) size 17x160
            text run at (1639,16) width 160: "\x{3002}\x{305F}\x{3060}\x{4E8C}\x{5341}\x{5B57}\x{306E}\x{3046}\x{3061}\x{306B}"
          RenderInline {ruby} at (0,0) size 17x18
            RenderInline (generated) at (0,0) size 17x18
              RenderInline {rb} at (0,0) size 17x16
                RenderText {#text} at (1639,176) size 17x16
                  text run at (1639,176) width 16: "\x{512A}"
            RenderBlock {rt} at (1629,175) size 10x18
              RenderText {#text} at (0,0) size 10x18
                text run at (0,0) width 18: "\x{3086}\x{3046}"
          RenderText {#text} at (1639,192) size 17x16
            text run at (1639,192) width 16: "\x{306B}"
          RenderInline {ruby} at (0,0) size 17x54
            RenderInline (generated) at (0,0) size 17x54
              RenderInline {rb} at (0,0) size 17x48
                RenderText {#text} at (1639,208) size 17x48
                  text run at (1639,208) width 48: "\x{5225}\x{4E7E}\x{5764}"
            RenderBlock {rt} at (1629,205) size 10x54
              RenderText {#text} at (0,0) size 10x54
                text run at (0,0) width 54: "\x{3079}\x{3064}\x{3051}\x{3093}\x{3053}\x{3093}"
          RenderText {#text} at (1639,256) size 17x16
            text run at (1639,256) width 16: "\x{3092}"
          RenderInline {ruby} at (0,0) size 17x45
            RenderInline (generated) at (0,0) size 17x46
              RenderInline {rb} at (0,0) size 18x33
                RenderText {#text} at (1639,274) size 17x32
                  text run at (1639,274) width 32: "\x{5EFA}\x{7ACB}"
            RenderBlock {rt} at (1629,267) size 10x46
              RenderText {#text} at (0,0) size 10x45
                text run at (0,0) width 45: "\x{3053}\x{3093}\x{308A}\x{3085}\x{3046}"
          RenderText {#text} at (1639,308) size 17x160
            text run at (1639,308) width 160: "\x{3057}\x{3066}\x{3044}\x{308B}\x{3002}\x{3053}\x{306E}\x{4E7E}\x{5764}\x{306E}"
          RenderInline {ruby} at (0,0) size 17x32
            RenderInline (generated) at (0,0) size 17x32
              RenderInline {rb} at (0,0) size 17x32
                RenderText {#text} at (1667,0) size 17x32
                  text run at (1667,0) width 32: "\x{529F}\x{5FB3}"
            RenderBlock {rt} at (1657,0) size 10x32
              RenderText {#text} at (0,2) size 10x28
                text run at (0,2) width 27: "\x{304F}\x{3069}\x{304F}"
          RenderText {#text} at (1667,32) size 17x32
            text run at (1667,32) width 32: "\x{306F}\x{300C}"
          RenderInline {ruby} at (0,0) size 17x48
            RenderInline (generated) at (0,0) size 17x48
              RenderInline {rb} at (0,0) size 17x48
                RenderText {#text} at (1667,64) size 17x48
                  text run at (1667,64) width 48: "\x{4E0D}\x{5982}\x{5E30}"
            RenderBlock {rt} at (1657,64) size 10x48
              RenderText {#text} at (0,1) size 10x46
                text run at (0,1) width 45: "\x{307B}\x{3068}\x{3068}\x{304E}\x{3059}"
          RenderText {#text} at (1667,112) size 17x48
            text run at (1667,112) width 48: "\x{300D}\x{3084}\x{300C}"
          RenderInline {ruby} at (0,0) size 17x64
            RenderInline (generated) at (0,0) size 17x64
              RenderInline {rb} at (0,0) size 17x64
                RenderText {#text} at (1667,160) size 17x64
                  text run at (1667,160) width 64: "\x{91D1}\x{8272}\x{591C}\x{53C9}"
            RenderBlock {rt} at (1657,160) size 10x64
              RenderText {#text} at (0,0) size 10x64
                text run at (0,0) width 63: "\x{3053}\x{3093}\x{3058}\x{304D}\x{3084}\x{3057}\x{3083}"
          RenderText {#text} at (1667,224) size 45x480
            text run at (1667,224) width 256: "\x{300D}\x{306E}\x{529F}\x{5FB3}\x{3067}\x{306F}\x{306A}\x{3044}\x{3002}\x{6C7D}\x{8239}\x{3001}\x{6C7D}\x{8ECA}\x{3001}\x{6A29}"
            text run at (1695,0) width 256: "\x{5229}\x{3001}\x{7FA9}\x{52D9}\x{3001}\x{9053}\x{5FB3}\x{3001}\x{793C}\x{7FA9}\x{3067}\x{75B2}\x{308C}\x{679C}\x{3066}\x{305F}"
          RenderInline {ruby} at (0,0) size 17x18
            RenderInline (generated) at (0,0) size 17x18
              RenderInline {rb} at (0,0) size 17x16
                RenderText {#text} at (1695,256) size 17x16
                  text run at (1695,256) width 16: "\x{5F8C}"
            RenderBlock {rt} at (1685,255) size 10x18
              RenderText {#text} at (0,0) size 10x18
                text run at (0,0) width 18: "\x{306E}\x{3061}"
          RenderText {#text} at (1695,272) size 35x480
            text run at (1695,272) width 208: "\x{306B}\x{3001}\x{3059}\x{3079}\x{3066}\x{3092}\x{5FD8}\x{5374}\x{3057}\x{3066}\x{3050}\x{3063}\x{3059}"
            text run at (1713,0) width 208: "\x{308A}\x{5BDD}\x{8FBC}\x{3080}\x{3088}\x{3046}\x{306A}\x{529F}\x{5FB3}\x{3067}\x{3042}\x{308B}\x{3002}"
          RenderBR {br} at (1713,208) size 17x0
