layer at (0,0) size 800x600
  RenderView at (0,0) size 800x600
layer at (0,0) size 800x111
  RenderBlock {HTML} at (0,0) size 800x112
    RenderBody {BODY} at (8,9) size 784x93 [color=#000080]
      RenderBlock {P} at (0,0) size 784x92
        RenderText {#text} at (0,5) size 423x13
          text run at (0,5) width 423: "This test should be about 10px, sans-serif, and light. There should be about 15px between each line. "
        RenderInline {SPAN} at (0,0) size 773x82 [color=#C0C0C0]
          RenderText {#text} at (423,5) size 773x82
            text run at (423,5) width 299: "dummy text dummy text dummy text dummy text dummy text dummy "
            text run at (722,5) width 50: "text dummy"
            text run at (0,28) width 265: "text dummy text dummy text dummy text dummy text dummy "
            text run at (265,28) width 318: "text dummy text dummy text dummy text dummy text dummy text dummy "
            text run at (583,28) width 175: "text dummy text dummy text dummy text"
            text run at (0,51) width 140: "dummy text dummy text dummy "
            text run at (140,51) width 318: "text dummy text dummy text dummy text dummy text dummy text dummy "
            text run at (458,51) width 315: "text dummy text dummy text dummy text dummy text dummy text dummy"
            text run at (0,74) width 318: "text dummy text dummy text dummy text dummy text dummy text dummy "
            text run at (318,74) width 281: "text dummy text dummy text dummy text dummy text dummy text"
        RenderText {#text} at (0,0) size 0x0
